17,1
A 0
7,FFFFFD,A2,29,A,671D5A91ED,1,219,0
F,0,9E8,29,F,9CFD917A96,0,219,1
T
11,23,364E,2F,F,BF20E65E5F,FFFFFEF6,219,0
FFFFE5,8,168,2A,D,BF3022A4D6,FFFFF406,219,1
A 0
FFFFFD,FFFFFC,28E,29,A,675A4BAB2D,1,221,0
9,FFFFF8,3274,2C,F,9D3A828D5B,0,221,1
T
17,F,31AA,2C,D,BF5DD7767D,FFFFFF17,221,0
FFFFFD,FFFFD7,18AA,2D,E,BF6D13BC46,FFFFF3DB,221,1
A 0
FFFFEC,1A,3112,29,A,67973CC05B,1,223,0
FFFFFC,A,752,29,E,9D77739E12,0,223,1
T
7,FFFFD9,282C,2E,F,BF9AC88CB2,24,223,0
FFFFF0,FFFFDE,3A7C,2E,F,BFAA04D3A6,FFFFF4D2,223,1
A 0
FFFFF5,FFFFF7,3A1A,29,A,67D42DD78D,1,225,0
A,FFFFF3,18DA,2B,F,9DB464AEDF,0,225,1
T
FFFFE5,FFFFF1,10C0,2D,D,BFD7B9A2C9,FFFFFEA8,225,0
FFFFF6,FFFFDD,E6C,2F,10,BFE6F5E905,FFFFF4DC,225,1
A 0
FFFFEF,FFFFFC,26E,29,A,68111EEECC,1,227,0
10,C,3C38,2A,F,9DF155C1A3,0,227,1
T
FFFFD4,FFFFE4,CBA,29,B,C014AABAF3,4E,227,0
27,F,33D0,29,C,C023E70067,FFFFF3DE,227,1
A 0
FFFFF1,39,C32,29,C,684E100415,1,229,0
FFFFED,D,13E4,29,F,9E2E46D266,0,229,1
T
FFFFD7,4,410,2C,C,C0519BD10D,FFFFFECD,229,0
11,31,7DE,2D,F,C060D817CD,FFFFF44C,229,1
A 0
FFFFEB,FFFFF2,CE0,29,9,688B011D48,1,231,0
17,1D,3AC2,2F,14,9E6B37E52B,0,231,1
T
1A,FFFFF9,3E4A,2B,C,C08E8CE93B,FFFFFF3E,231,0
D,33,2916,2B,D,C09DC92F2B,FFFFF4C8,231,1
A 0
7,FFFFEB,38C4,29,A,68C7F23495,1,233,0
6,FFFFFA,13D4,2F,14,9EA828F7EB,0,233,1
T
C,FFFFFA,3914,28,A,C0CB7E0171,FFFFFF7D,233,0
FFFFF8,FFFFEE,3A5A,2A,B,C0DABA4893,FFFFF4AC,233,1
A 0
FFFFF9,FFFFFD,18E2,29,A,694E34BC9,1,235,0
31,B,39E2,2C,11,9EE51A0AB8,0,235,1
T
FFFFEC,FFFFDD,3550,2D,D,C186F1998,15,235,0
3,9,1582,2D,E,C117AB5FFD,FFFFF574,235,1
A 0
1,FFFFE4,606,29,9,6941D4650C,1,237,0
9,1B,F7E,2E,12,9F220B1D7A,0,237,1
T
1C,10,3012,2E,D,C1456031B2,FFFFFF90,237,0
2,B,394A,2E,10,C1549C7757,FFFFF423,237,1
A 0
FFFFDE,FFFFEA,BA6,29,9,697EC57A47,1,239,0
FFFFFA,FFFFFF,3326,2D,11,9F5EFC2E48,0,239,1
T
FFFFCC,FFFFE6,2960,30,D,C1825147D5,FFFFFED1,239,0
1C,FFFFFA,10F0,28,A,C1918D8EC3,FFFFF4D3,239,1
A 0
FFFFFB,14,10,29,B,69BBB6918E,1,241,0
1A,1C,52C,2E,14,9F9BED3EFF,0,241,1
T
10,C,15EA,2E,D,C1BF425E00,FFFFFF7E,241,0
FFFFD1,11,36A8,30,11,C1CE7EA417,FFFFF46B,241,1
A 0
11,FFFFE0,3020,29,A,69F8A7A8D2,1,243,0
FFFFF2,FFFFF0,28C8,29,D,9FD8DE51CB,0,243,1
T
FFFFE7,FFFFFE,1138,2F,E,C1FC33762A,FFFFFFB5,243,0
FFFFE9,FFFFFE,1126,29,C,C2B6FBD87,FFFFF544,243,1
A 0
FFFFDB,FFFFCD,ABE,29,9,6A3598C004,1,245,0
1B,18,3C1A,29,F,A015CF648B,0,245,1
T
8,A,AAC,2B,D,C239248E50,FFFFFF18,245,0
FFFFE8,FFFFF0,3636,2C,E,C24860D4E2,FFFFF57D,245,1
A 0
8,FFFFF5,3F32,29,9,6A7289D942,1,247,0
FFFFF6,7,135E,2D,13,A052C0774A,0,247,1
T
FFFFFA,FFFFFF,68E,2C,C,C27615A67D,FFFFFFBE,247,0
23,FFFFE2,C7A,2C,E,C28551EC4B,FFFFF407,247,1
A 0
11,FFFFF0,B68,29,A,6AAF7AF094,1,249,0
FFFFF8,24,32F4,2F,12,A08FB18A0E,0,249,1
T
FFFFE7,10,3FF2,2C,D,C2B306BE95,FFFFFFBA,249,0
10,FFFFF1,2FD0,2D,F,C2C24305B1,FFFFF401,249,1
A 0
FFFFE4,FFFFEB,BB6,29,9,6AEC6C07C2,1,251,0
31,FFFFF9,7BA,2B,10,A0CCA29CD2,0,251,1
T
C,FFFFED,3782,2D,D,C2EFF7D6C9,57,251,0
FFFFFE,7,634,2F,11,C2FF341D11,FFFFF590,251,1
A 0
FFFFF7,FFFFF9,1660,29,A,6B295D210B,1,253,0
FFFFF0,FFFFF4,2F9E,30,13,A1993AF8A,0,253,1
T
6,A,3334,2B,C,C32CE8EEF7,FFFFFF4C,253,0
A,11,1798,2B,C,C33C253480,FFFFF5E5,253,1
A 0
FFFFF9,FFFFE9,181A,29,A,6B664E3628,1,255,0
FFFFEC,FFFFE1,9B2,2F,10,A14684C04F,0,255,1
T
2B,3D,2BB8,29,A,C369DA0517,FFFFFE57,255,0
FFFFF2,FFFFE8,33A8,2C,E,C379164BD4,FFFFF2E3,255,1
A 0
3,D,B8,29,A,6BA33F4F6E,1,1,0
D,FFFFF8,3550,2A,E,A18375D316,0,1,1
T
2,19,28D0,2A,B,C3A6CB1D3D,FFFFFF7A,1,0
FFFFDF,FFFFEC,AC4,2C,E,C3B6076343,FFFFF4F0,1,1
A 0
FFFFEA,B,286C,29,B,6BE0306693,1,3,0
4,FFFFF9,CD8,28,C,A1C066E5DB,0,3,1
T
FFFFE2,FFFFDF,1476,2C,C,C3E3BC355E,FFFFFF4C,3,0
27,B,29FA,2D,10,C3F2F87C98,FFFFF49E,3,1
A 0
FFFFFA,FFFFF9,BEA,29,C,6C1D217DD0,1,5,0
A,FFFFF3,302E,28,E,A1FD57F8A6,0,5,1
T
9,28,67E,28,B,C420AD4D81,0,5,0
5,28,3854,2B,E,C42FE99408,FFFFF451,5,1
A 0
FFFFF6,1A,A08,29,9,6C5A12970C,1,7,0
E,6,1464,30,16,A23A490B61,0,7,1
T
FFFFE3,FFFFD6,646,2F,F,C45D9E65C1,4E,7,0
FFFFFC,1,8D2,29,B,C46CDAAB63,FFFFF3BB,7,1
A 0
FFFFEA,7,3224,29,9,6C9703AC4E,1,9,0
FFFFDE,FFFFF0,3E9A,29,D,A2773A1C43,0,9,1
T
FFFFD7,FFFFC8,114,2B,C,C49A8F7BCF,FFFFFF50,9,0
FFFFFE,0,15DA,2C,D,C4A9CBC2CA,FFFFF542,9,1
A 0
1C,11,F26,29,A,6CD3F4C38D,1,11,0
9,FFFFF5,1394,29,10,A2B42B2CF1,0,11,1
T
31,FFFFDE,36CE,2F,E,C4D78091FF,FFFFFFF6,11,0
7,FFFFDE,3182,29,C,C4E6BCD822,FFFFF3F1,11,1
A 0
D,29,3CF4,29,A,6D10E5DACF,1,13,0
16,45,3DFE,2D,11,A2F11C3FBF,0,13,1
T
1D,FFFFE4,2ABC,2F,F,C51471AA30,22,13,0
FFFFDE,2,192,2A,D,C523ADEF8C,FFFFF450,13,1
A 0
D,12,10,29,A,6D4DD6F00B,1,15,0
FFFFAC,FFFFFF,17C2,2B,F,A32E0D5086,0,15,1
T
27,16,1572,30,F,C55162C045,4F,15,0
1F,14,1434,2A,D,C5609F06EB,FFFFF4C5,15,1
A 0
5,E,20E,29,A,6D8AC8094B,1,17,0
FFFFEB,28,3F90,2F,12,A36AFE633B,0,17,1
T
F,24,A1A,2E,E,C58E53D882,FFFFFF99,17,0
8,4,2FF4,29,B,C59D901E4D,FFFFF45E,17,1
A 0
FFFFCC,10,30C2,29,A,6DC7B92079,1,19,0
FFFFFD,FFFFF8,29D6,2A,F,A3A7EF7609,0,19,1
T
FFFFF7,FFFFF8,1BA,2C,C,C5CB44F092,3,19,0
FFFFFB,FFFFFF,3F0A,2E,10,C5DA8137C0,FFFFF465,19,1
A 0
FFFFEA,FFFFE7,B4E,29,9,6E4AA37C5,1,21,0
0,28,3E6E,2D,11,A3E4E088CB,0,21,1
T
1D,2A,3548,2F,A,C683608C5,27,21,0
FFFFF2,FFFFD4,CC2,28,B,C617724F12,FFFFF4CF,21,1
A 0
FFFFFA,FFFFE4,16DC,29,A,6E419B50F3,1,23,0
15,8,191A,2A,F,A421D19B8E,0,23,1
T
D,8,2964,2E,E,C6452720E3,FFFFFFE4,23,0
FFFFF6,17,165A,30,10,C654636680,FFFFF56E,23,1
A 0
FFFFF5,FFFFF6,26F6,29,A,6E7E8C6643,1,25,0
19,D,3D88,2F,12,A45EC2AC50,0,25,1
T
3,E,BE2,2C,E,C68218370F,FFFFFFAE,25,0
FFFFE3,FFFFFE,33C8,2E,F,C691547DD1,FFFFF482,25,1
A 0
7,E,33C,29,A,6EBB7D7F83,1,27,0
FFFFFB,FFFFF0,15CA,29,E,A49BB3BF11,0,27,1
T
1A,FFFFDF,2A8,2C,C,C6BF094F2F,FFFFFF22,27,0
20,7,3E86,2F,F,C6CE459541,FFFFF567,27,1
A 0
FFFFF8,16,32FE,29,9,6EF86E96C2,1,29,0
FFFFFF,46,3B1A,2F,13,A4D8A4D1D3,0,29,1
T
FFFFDF,FFFFF7,317A,2A,B,C6FBFA6750,30,29,0
FFFFF1,FFFFE1,9B2,2D,D,C7B36AE9A,FFFFF549,29,1
A 0
6,D,35CC,29,A,6F355FAE01,1,31,0
FFFFEE,FFFFF6,12D6,2F,14,A51595E495,0,31,1
T
FFFFFD,1B,135C,2A,B,C738EB7F78,FFFFFF12,31,0
FFFFF9,13,18D0,2D,D,C74827C603,FFFFF4D9,31,1
A 0
FFFFD3,FFFFE5,1672,29,A,6F7250C722,1,33,0
FFFFFD,FFFFEE,39E4,2C,12,A55286F750,0,33,1
T
FFFFF5,F,9FA,28,B,C775DC97A5,FFFFFF75,33,0
FFFFEC,17,371C,2C,9,C78518DD58,FFFFF4C6,33,1
A 0
FFFFFC,1C,3B4,29,A,6FAF41DE66,1,35,0
FFFFDF,FFFFE3,1048,29,E,A58F780A15,0,35,1
T
19,FFFFF8,3D64,28,A,C7B2CDAFC6,FFFFFFF8,35,0
FFFFEC,12,1F6,2A,D,C7C209F6C5,FFFFF4CF,35,1
A 0
FFFFFD,12,912,29,A,6FEC32F597,1,37,0
FFFFE8,1E,385C,2E,13,A5CC691AD8,0,37,1
T
1,FFFFB8,2FB8,2C,D,C7EFBEC5F8,FFFFFF18,37,0
14,B,CB2,2E,E,C7FEFB0C24,FFFFF514,37,1
A 0
FFFFDE,FFFFF5,BB6,29,A,7029240CC6,1,39,0
FFFFF5,5,D88,2F,11,A695A2DA5,0,39,1
T
FFFFF1,FFFFF6,C78,2C,C,C82CAFDE11,FFFFFF1F,39,0
18,FFFFFE,175C,2F,10,C83BEC238A,FFFFF45A,39,1
A 0
FFFFF4,7,10,29,A,706615220E,1,41,0
4C,D,2C0A,2B,11,A6464B3E66,0,41,1
T
17,24,3B86,2A,B,C869A0F432,61,41,0
FFFFEA,23,3070,2D,E,C878DD3AE4,FFFFF551,41,1
A 0
0,1B,3358,29,C,70A3063B52,1,43,0
8,E,3EEE,2F,12,A6833C512C,0,43,1
T
FFFFF4,5,271E,28,A,C8A6920C53,FFFFFF11,43,0
26,34,3B62,2B,D,C8B5CE524C,FFFFF53B,43,1
A 0
14,D,3C20,29,9,70DFF75291,1,45,0
3,FFFFF5,122E,2C,10,A6C02D63EB,0,45,1
T
9,19,252,2E,E,C8E383247E,FFFFFFBC,45,0
FFFFEF,1B,52E,29,C,C8F2BF6BAA,FFFFF39B,45,1
A 0
5,10,30,29,A,711CE869CA,1,47,0
A,FFFFF7,3396,2D,10,A6FD1E76C5,0,47,1
T
1E,FFFFE9,29F6,2A,A,C920743CA2,FFFFFEF3,47,0
FFFFD2,FFFFD7,7EC,2C,D,C92FB0830E,FFFFF4B0,47,1
A 0
FFFFE8,FFFFF7,325C,29,9,7159D9830A,1,49,0
FFFFF1,FFFFE3,9B8,2F,15,A73A0F897E,0,49,1
T
FFFFCF,FFFFF8,576,2C,C,C95D6554C7,3,49,0
FFFFAF,FFFFD4,EA0,2F,11,C96CA19A6C,FFFFF35B,49,1
A 0
FFFFDF,FFFFF9,3406,29,9,7196CA984A,1,51,0
1B,11,319C,2E,12,A777009A48,0,51,1
T
33,E,3196,2B,C,C99A566AF7,A,51,0
FFFFD6,FFFFD8,153A,2C,E,C9A992B1CE,FFFFF457,51,1
A 0
FFFFF0,FFFFF2,3266,29,A,71D3BBAF89,1,53,0
FFFFF6,FFFFF5,14FC,29,F,A7B3F1AB08,0,53,1
T
17,1C,18CA,29,A,C9D7478108,FFFFFF30,53,0
1F,3B,2796,2A,C,C9E683C728,FFFFF4EB,53,1
A 0
FFFFDC,FFFFD0,13E4,29,9,7210ACC6C8,1,55,0
12,5C,3DDE,31,16,A7F0E2BDC4,0,55,1
T
FFFFC8,FFFFDD,43E,2C,C,CA14389937,11D,55,0
6,FFFFFA,18BA,2E,10,CA2374E08B,FFFFF47B,55,1
A 0
FFFFF3,FFFFF8,1604,29,8,724D9DDDFA,1,57,0
FFFFE0,4,1790,29,D,A82DD3D08D,0,57,1
T
16,14,314C,2E,E,CA5129B159,FFFFFF57,57,0
5,1F,2838,28,7,CA6065F7E4,FFFFF54C,57,1
A 0
1A,23,3E8E,29,A,728A8EF743,1,59,0
B,A,3F20,29,F,A86AC4E350,0,59,1
T
14,35,1028,2C,C,CA8E1AC980,FFFFFFB1,59,0
1C,F,32BE,2E,F,CA9D570F51,FFFFF45B,59,1
A 0
C,FFFFEA,166,29,B,72C7800E82,1,61,0
FFFFE2,36,181A,2D,10,A8A7B5F613,0,61,1
T
FFFFF8,FFFFE3,3D4C,2A,B,CACB0BE19F,FFFFFF5B,61,0
5,7,3586,2C,E,CADA4828B3,FFFFF4A1,61,1
A 0
FFFFFB,FFFFFF,3134,29,9,7347125B4,1,63,0
1,34,3974,2E,14,A8E4A706D0,0,63,1
T
FFFFD1,FFFFEB,155E,2E,F,CB7FCF7C3,73,63,0
FFFFED,7,110,29,C,CB17393E0D,FFFFF4C5,63,1
A 0
4,5,0,29,C,7341623CD3,1,65,0
E,D,8E0,2B,10,A921981997,0,65,1
T
FFFFFC,FFFFF2,F8,28,A,CB44EE1000,FFFFFFEB,65,0
1,FFFFFC,CCA,2C,D,CB542A5579,FFFFF48C,65,1
A 0
5,6,AA0,29,A,737E535247,1,67,0
32,18,2AD2,28,D,A95E892A50,0,67,1
T
4,26,29CC,28,9,CB81DF260E,47,67,0
2A,1A,14B2,2A,D,CB911B6CD3,FFFFF577,67,1
A 0
FFFFFD,6,A58,29,A,73BB446B6E,1,69,0
23,1C,3E40,29,E,A99B7A3D1E,0,69,1
T
D,C,2EA,28,B,CBBED03E38,FFFFFF4D,69,0
2,26,156E,2A,B,CBCE0C843B,FFFFF484,69,1
A 0
FFFFDC,FFFFD8,16F2,29,A,73F835829A,1,71,0
FFFFFF,FFFFFA,2890,2B,F,A9D86B4FDE,0,71,1
T
B,1E,2CAC,2E,D,CBFBC15665,A9,71,0
6,FFFFE3,15AA,29,B,CCAFD9D95,FFFFF515,71,1
A 0
5,FFFFFB,2836,29,D,74352699CF,1,73,0
32,8,532,29,E,AA155C6298,0,73,1
T
B,FFFFE9,1F6,28,9,CC38B26E7B,FFFFFFF7,73,0
FFFFF3,25,1264,2B,E,CC47EEB4FF,FFFFF5B1,73,1
A 0
FFFFF7,14,2776,29,B,747217B308,1,75,0
9,8,2CD2,2E,13,AA524D7565,0,75,1
T
A,FFFFC8,2B24,2D,C,CC75A386A6,FFFFFEB2,75,0
FFFFE6,FFFFE0,B84,28,C,CC84DFCC4F,FFFFF43F,75,1
A 0
FFFFE7,FFFFF3,2834,29,B,74AF08C84B,1,77,0
0,15,66C,2A,10,AA8F3E862C,0,77,1
T
7,FFFFEE,1C2,2B,C,CCB2949CC0,43,77,0
1F,2,B14,2D,E,CCC1D0E3B2,FFFFF504,77,1
A 0
4,D,3166,29,D,74EBF9DF96,1,79,0
FFFFFD,6,2DE0,2B,F,AACC2F96FF,0,79,1
T
11,A,26F6,29,B,CCEF85B2EA,AF,79,0
FFFFD7,FFFFDF,744,2B,E,CCFEC1F910,FFFFF5B1,79,1
A 0
FFFFEE,14,328C,31,F,7528EAF6CC,1,81,0
25,19,2E0,2F,15,AB920A9AD,0,81,1
T
21,4,371A,2A,A,CD2C76CB08,72,81,0
FFFFF5,FFFFF7,66C,2C,E,CD3BB31075,FFFFF4CF,81,1
A 0
FFFFFB,FFFFCC,270E,29,A,7565DC0C0A,1,83,0
FFFFC8,FFFFD5,12A4,2B,10,AB4611BA7F,0,83,1
T
FFFFED,FFFFF8,CE8,28,A,CD6967E136,6,83,0
1A,1D,CD2,2A,C,CD78A427D0,FFFFF4D5,83,1
A 0
14,1D,7B2,29,9,75A2CD2554,1,85,0
0,A,3CA0,2C,13,AB8302CD40,0,85,1
T
2D,7,2F54,2D,D,CDA658F94E,FFFFFF6B,85,0
4,FFFFC6,8C2,2E,10,CDB5953F34,FFFFF46C,85,1
A 0
FFFFF8,10,11EE,29,9,75DFBE3C88,1,87,0
D,FFFFF4,9A0,2D,13,ABBFF3E005,0,87,1
T
F,37,3E6A,30,D,CDE34A1173,FFFFFF2A,87,0
FFFFF6,20,72C,2A,D,CDF2865891,FFFFF40C,87,1
A 0
FFFFF1,FFFFED,2AAA,29,A,761CAF53C9,1,89,0
C,FFFFF8,2C0E,2B,10,ABFCE4F2C9,0,89,1
T
18,FFFFFB,FD0,2E,E,CE203B29A2,FFFFFF50,89,0
FFFFF6,8,516,30,12,CE2F776FF4,FFFFF540,89,1
A 0
D,FFFFF3,322C,29,9,7659A06D08,1,91,0
5,4,2AE,2B,10,AC39D60587,0,91,1
T
FFFFFA,0,2FBC,2E,E,CE5D2C41C0,FFFFFFB0,91,0
27,FFFFF2,242,2F,D,CE6C688756,FFFFF3D2,91,1
A 0
16,2A,3622,29,A,7696918242,1,93,0
FFFFFA,10,1602,2E,12,AC76C7164D,0,93,1
T
FFFFF7,FFFFD5,36C,2D,D,CE9A1D57EB,FFFFFFD0,93,0
2D,12,202,2E,F,CEA9599EB7,FFFFF43A,93,1
A 0
14,1,344,29,A,76D3829B82,1,95,0
FFFFEA,FFFFF5,3600,2A,E,ACB3B8290B,0,95,1
T
A,26,28D8,29,A,CED70E6FFF,FFFFFDF3,95,0
9,1D,696,2B,D,CEE64AB611,FFFFF537,95,1
A 0
5,FFFFFB,F00,31,C,771073B2B5,1,97,0
FFFFF2,FFFFEF,2D8,30,14,ACF0A93BC7,0,97,1
T
FFFFFD,C,38F4,28,9,CF13FF882F,FFFFFF69,97,0
25,4,BFA,29,C,CF233BCF6E,FFFFF485,97,1
A 0
8,FFFFFF,2D1C,29,9,774D64C9FC,1,99,0
FFFFDC,FFFFF9,112C,29,F,AD2D9A4E8C,0,99,1
T
FFFFF8,FFFFFB,4BC,2C,C,CF50F0A048,FFFFFFC3,99,0
19,C,76C,2E,F,CF602CE6D2,FFFFF43A,99,1
A 0
1,11,18C0,29,A,778A55E333,1,101,0
A,FFFFFB,1858,29,E,AD6A8B6155,0,101,1
T
FFFFE4,0,135E,2E,D,CF8DE1B872,27,101,0
1A,40,C32,30,10,CF9D1DFE34,FFFFF3FE,101,1
A 0
17,D,329C,29,A,77C746FA80,1,103,0
F,FFFFFD,2D6A,29,10,ADA77C7412,0,103,1
T
FFFFE9,FFFFD8,2D3C,2B,C,CFCAD2D08D,FFFFFF42,103,0
5,FFFFFB,F90,2C,F,CFDA0F1793,FFFFF438,103,1
A 0
E,FFFFF9,2D5A,29,C,78438119F,1,105,0
FFFFFD,21,3FCE,2F,12,ADE46D84D7,0,105,1
T
FFFFEF,E,3E1A,29,B,D07C3E6A8,FFFFFE29,105,0
1,FFFFFC,E5A,2B,6,D017002CF0,FFFFF495,105,1
A 0
4,2,31B4,29,9,7841292902,1,107,0
FFFFFC,FFFFFD,1494,2C,12,AE215E9792,0,107,1
T
FFFFE0,FFFFF6,1136,2B,C,D044B4FED3,FFFFFF97,107,0
FFFFC4,FFFFA5,E68,2C,F,D053F1444F,FFFFF496,107,1
A 0
FFFFF4,FFFFDF,18D0,29,A,787E1A3E1E,1,109,0
11,A,36A6,28,C,AE5E4FA856,0,109,1
T
24,3B,30AA,2B,C,D081A614F3,8E,109,0
44,3B,C2A,2C,C,D090E25BC9,FFFFF42E,109,1
A 0
7,FFFFE2,2FC8,29,A,78BB0B575D,1,111,0
FFFFF2,B,830,29,F,AE9B40BB1D,0,111,1
T
FFFFE7,FFFFF8,52E,2B,B,D0BE972D0F,FFFFFF28,111,0
FFFFF2,FFFFF5,BA4,2C,E,D0CDD3730F,FFFFF4EF,111,1
A 0
FFFFB8,FFFFD4,105C,29,A,78F7FC6E91,1,113,0
A,FFFFED,2998,2B,10,AED831CDDB,0,113,1
T
FFFFF6,FFFFF8,144E,2D,E,D0FB884536,25,113,0
FFFFE5,18,CBA,2E,F,D1AC48C75,FFFFF352,113,1
A 0
7,19,C8,29,A,7934ED85CA,1,115,0
36,13,3AF2,2B,12,AF1522E0A2,0,115,1
T
FFFFF3,D,3672,2A,B,D138795D65,FFFFFFE2,115,0
23,48,F30,2D,10,D147B5A3D1,FFFFF4BD,115,1
A 0
FFFFEE,FFFFEE,C48,29,A,7971DE9F0E,1,117,0
5,FFFFFE,702,29,E,AF5213F363,0,117,1
T
1B,24,96E,2C,C,D1756A7581,FFFFFF5C,117,0
FFFFFD,32,1592,2D,F,D184A6BB3F,FFFFF4E1,117,1
A 0
7,3,8B2,29,A,79AECFB459,1,119,0
FFFFEE,FFFFCC,14C4,2A,10,AF8F05042C,0,119,1
T
FFFFEC,FFFFF8,1620,2E,E,D1B25B8B9B,FFFFFF6B,119,0
22,6,15FE,2F,11,D1C197D29B,FFFFF45A,119,1
A 0
FFFFFE,FFFFF7,1872,29,9,79EBC0CB90,1,121,0
FFFFF5,2,2D00,2B,11,AFCBF614E8,0,121,1
T
FFFFF0,FFFFDB,2EE2,29,A,D1EF4CA1C5,FFFFFF91,121,0
FFFFE4,14,F7E,29,B,D1FE88E800,FFFFF3D2,121,1
A 0
B,FFFFFC,3178,29,9,7A28B1E2CE,1,123,0
8,FFFFFA,3B3A,2C,12,B08E727AC,0,123,1
T
FFFFEC,FFFFD5,2BA,29,B,D22C3DB9F1,FFFFFF5E,123,0
FFFFF2,FFFFF2,26FE,2B,E,D23B79FF53,FFFFF56D,123,1
A 0
FFFFF2,FFFFE5,1888,29,B,7A65A2F809,1,125,0
FFFFCA,FFFFE3,AEE,30,15,B045D83874,0,125,1
T
E,FFFFE7,170C,2E,E,D2692ED001,3B,125,0
FFFFF7,FFFFEA,2CA4,2F,B,D2786B16B5,FFFFF552,125,1
A 0
D,10,32B6,29,9,7AA2941146,1,127,0
FFFFED,39,1514,2B,10,B082C94B32,0,127,1
T
3C,1F,3B96,2B,B,D2A61FE821,FFFFFF56,127,0
FFFFF5,16,382E,2D,F,D2B55C2E15,FFFFF439,127,1
A 0
FFFFFE,0,186,29,A,7ADF852889,1,129,0
15,20,3590,2C,10,B0BFBA5DFF,0,129,1
T
FFFFB7,FFFFCB,1070,2E,D,D2E311004F,FFFFFEED,129,0
FFFFC7,FFFFD6,3B1E,29,B,D2F24D4781,FFFFF449,129,1
A 0
0,13,3214,29,9,7B1C763FCC,1,131,0
21,6,5A4,2D,13,B0FCAB70B7,0,131,1
T
13,2,3138,29,B,D32002187B,FFFFFED9,131,0
FFFFF7,FFFFDD,1CE,2B,D,D32F3E5ED3,FFFFF523,131,1
A 0
FFFFFA,FFFFF3,3F76,29,A,7B5967590C,1,133,0
5,2,16B0,2A,10,B1399C8381,0,133,1
T
C,FFFFDE,60C,28,A,D35CF33094,FFFFFE98,133,0
20,FFFFF7,35C,2A,D,D36C2F7641,FFFFF4CC,133,1
A 0
FFFFF3,FFFFFB,932,29,A,7B96586E56,1,135,0
1E,F,3BD2,2F,14,B1768D943C,0,135,1
T
FFFFF6,FFFFE9,27FA,2A,B,D399E446C0,FFFFFFF5,135,0
10,2,120,2C,F,D3A9208D94,FFFFF4BD,135,1
A 0
FFFFFE,13,ECE,29,9,7BD3498588,1,137,0
FFFFF9,FFFFF8,F60,2B,F,B1B37EA507,0,137,1
T
FFFFF8,FFFFE6,3D92,2C,C,D3D6D55CD1,FFFFFF53,137,0
FFFFF2,FFFFEC,3CA4,2E,10,D3E611A300,FFFFF488,137,1
A 0
E,18,3BD2,29,9,7C103A9CC4,1,139,0
FFFFF5,13,365C,28,D,B1F06FB7C7,0,139,1
T
E,20,107C,30,F,D413C67505,FFFFFDA9,139,0
24,1E,3C10,2A,D,D42302BC56,FFFFF4E3,139,1
A 0
5,6,3EC6,29,A,7C4D2BB407,1,141,0
FFFFDD,2,1276,2F,14,B22D60CA87,0,141,1
T
0,C,364A,2C,C,D450B78D2A,FFFFFE73,141,0
FFFFF4,FFFFFE,37A4,2E,10,D45FF3D3C0,FFFFF40F,141,1
A 0
FFFFF2,1,2ED0,29,A,7C8A1CCD4D,1,143,0
5,12,32C6,2F,13,B26A51DD4F,0,143,1
T
3,11,FE0,2A,A,D48DA8A549,FFFFFF65,143,0
FFFFDB,FFFFC3,3D4E,2D,E,D49CE4EB1B,FFFFF610,143,1
A 0
FFFFE8,3,328E,29,B,7CC70DE473,1,145,0
FFFFFB,FFFFE9,E6E,28,E,B2A742F00F,0,145,1
T
FFFFEB,9,33E0,28,B,D4CA99BD76,FFFFFF41,145,0
33,1F,375C,2B,E,D4D9D6047B,FFFFF4A2,145,1
A 0
FFFFF7,FFFFF8,32BE,31,E,7D3FEFBA8,1,147,0
FFFFF6,E,3924,2B,10,B2E43400CF,0,147,1
T
F,B,DCA,2A,B,D578AD38C,81,147,0
FFFFF7,FFFFDE,35C0,2C,D,D516C719DD,FFFFF493,147,1
A 0
FFFFF3,C,3782,29,A,7D40F012F6,1,149,0
FFFFF8,FFFFEE,13D4,2D,12,B321251392,0,149,1
T
B,9,2D7C,2C,D,D5447BEBB6,50,149,0
FFFFF6,FFFFF0,2A24,2F,7,D553B83133,FFFFF360,149,1
A 0
0,5,36DC,29,9,7D7DE1281A,1,151,0
FFFFFC,F,2E8,2D,10,B35E162458,0,151,1
T
1,FFFFE7,7FC,2E,E,D5816D01EB,4B,151,0
29,9,156E,29,B,D590A94892,FFFFF360,151,1
A 0
FFFFD8,FFFFEE,F36,29,A,7DBAD24151,1,153,0
7,6,2E08,2A,F,B39B073716,0,153,1
T
10,12,29AC,2A,A,D5BE5E19F9,FFFFFF6A,153,0
FFFFFE,B,1062,2C,E,D5CD9A5FF9,FFFFF499,153,1
A 0
FFFFFB,FFFFFB,37D2,29,A,7DF7C3588B,1,155,0
9,9,A4A,2C,11,B3D7F849E8,0,155,1
T
E,C,1E6,2C,E,D5FB4F3213,4A,155,0
FFFFF1,FFFFD6,3E4,2E,10,D6A8B794F,FFFFF4FC,155,1
A 0
A,1F,339E,29,A,7E34B46FCA,1,157,0
24,10,394C,29,F,B414E95CA5,0,157,1
T
FFFFCB,FFFFED,10FE,2C,B,D638404A45,FFFFFEDE,157,0
FFFFC2,FFFFF6,358E,2C,9,D6477C90AD,FFFFF559,157,1
A 0
FFFFEE,1,14D6,29,8,7E71A58915,1,159,0
FFFFE4,FFFFFC,10CE,2F,15,B451DA6F68,0,159,1
T
19,22,3020,2B,C,D67531626A,FFFFFE7F,159,0
FFFFD0,FFFFE9,33A0,2C,E,D6846DA80D,FFFFF414,159,1
A 0
FFFFFE,25,2EE0,29,A,7EAE969E58,1,161,0
1D,A,32D6,29,D,B48ECB8040,0,161,1
T
5,3,6C6,28,9,D6B2227884,4,161,0
FFFFDD,16,35EE,29,C,D6C15EBF73,FFFFF4AF,161,1
A 0
B,FFFFE5,BD6,29,9,7EEB87B586,1,163,0
7,FFFFFE,5FC,2D,12,B4CBBC9100,0,163,1
T
31,1A,29C6,2A,A,D6EF138EB1,FFFFFFA6,163,0
FFFFF7,11,3686,2A,D,D6FE4FD4CF,FFFFF5B0,163,1
A 0
11,18,BE,29,B,7F2878CCCB,1,165,0
15,28,2706,2A,10,B58ADA3C7,0,165,1
T
10,FFFFE3,3C20,2B,C,D72C04A6C8,1C,165,0
FFFFD7,FFFFE9,355E,2C,F,D73B40EE2C,FFFFF3CB,165,1
A 0
FFFFD7,FFFFE7,2FD8,29,A,7F6569E415,1,167,0
21,FFFFEA,3982,30,13,B5459EB677,0,167,1
T
FFFFF6,10,104E,2E,D,D768F5BEF9,FFFFFF3E,167,0
1F,24,377C,2F,11,D77832058E,FFFFF474,167,1
A 0
1E,1B,3D82,29,A,7FA25AFD47,1,169,0
5,FFFFEE,910,2F,16,B5828FC941,0,169,1
T
3E,3C,2B96,2E,C,D7A5E6D717,FFFFFFFF,169,0
2,FFFFFC,376C,2F,D,D7B5231CF1,FFFFF45F,169,1
A 0
1,9,3050,31,E,7FDF4C148D,1,171,0
FFFFEF,FFFFE0,16EC,2D,10,B5BF80DC04,0,171,1
T
FFFFF6,FFFFFE,3C60,29,B,D7E2D7EF30,FFFFFEF7,171,0
11,34,3726,2A,D,D7F214364F,FFFFF4D8,171,1
A 0
FFFFFD,FFFFF5,1016,29,9,801C3D2BC4,1,173,0
D,FFFFF6,380C,29,F,B5FC71EEC4,0,173,1
T
13,1,C56,28,A,D81FC90769,57,173,0
FFFFE7,4,3500,29,6,D82F054DA8,FFFFF549,173,1
A 0
A,FFFFF9,394,29,A,80592E4504,1,175,0
7,B,C58,2F,12,B63963018A,0,175,1
T
C,FFFFD8,2ED6,2C,C,D85CBA1F80,FFFFFF43,175,0
1C,28,312A,2B,D,D86BF6650F,FFFFF49D,175,1
A 0
FFFFFC,FFFFF8,2E8A,29,A,80961F5A4D,1,177,0
28,1A,34FC,2B,F,B67654124D,0,177,1
T
FFFFCD,FFFFA5,5F4,2F,C,D899AB359D,FFFFFF77,177,0
2B,FFFFF3,2D32,2E,10,D8A8E77C6E,FFFFF459,177,1
A 0
F,FFFFFF,32FE,29,B,80D3107367,1,179,0
FFFFDF,FFFFF5,1424,2C,11,B6B345250F,0,179,1
T
FFFFDA,FFFFA5,17CC,2F,E,D8D69C4DC0,FFFFFF1C,179,0
1,FFFFE0,171C,28,B,D8E5D893CC,FFFFF4F2,179,1
A 0
0,FFFFD5,322C,29,9,8110018ABF,1,181,0
D,57,3EC6,2E,11,B6F03637D5,0,181,1
T
1,FFFFE7,35B0,29,9,D9138D65EC,FFFFFDE6,181,0
3,FFFFF6,B9A,2A,B,D922C9AD2B,FFFFF438,181,1
A 0
12,3,AB4,29,9,814CF2A1D8,1,183,0
FFFFED,FFFFE7,2CCC,2C,11,B72D274A93,0,183,1
T
FFFFD7,F,DB2,2F,F,D9507E7E06,FFFFFFAB,183,0
15,C,48,29,C,D95FBAC48A,FFFFF46F,183,1
A 0
3,1,31DC,29,9,8189E3BB12,1,185,0
0,FFFFF6,644,29,10,B76A185D59,0,185,1
T
2B,FFFFFF,2D8A,2C,D,D98D6F963A,FFFFFF46,185,0
8,FFFFEC,34A0,2E,A,D99CABDBDB,FFFFF5AE,185,1
A 0
FFFFDE,6,3238,29,C,81C6D4D054,1,187,0
42,49,3AD2,2D,11,B7A7096E17,0,187,1
T
27,FFFFE3,5CE,2F,D,D9CA60AC4F,98,187,0
C,1D,291E,29,C,D9D99CF348,FFFFF4CA,187,1
A 0
FFFFFD,2,306A,29,9,823C5E799,1,189,0
E,FFFFFE,17B8,2E,11,B7E3FA7EE9,0,189,1
T
FFFFF6,4,17F2,2F,F,DA751C267,FFFFFFC8,189,0
10,0,CE2,28,B,DA168E08A3,FFFFF49F,189,1
A 0
FFFFB5,FFFFE0,BB6,29,8,8240B6FEC7,1,191,0
0,6,3F1E,2F,11,B820EB91AE,0,191,1
T
FFFFE7,7,3280,28,B,DA4442DA91,FFFFFEF2,191,0
FFFFEF,FFFFF4,544,2A,D,DA537F2007,FFFFF4F0,191,1
A 0
13,26,334E,29,A,827DA8140B,1,193,0
FFFFF4,E,143C,2A,11,B85DDCA26D,0,193,1
T
FFFFDB,11,80,29,A,DA8133F0B7,10A,193,0
19,FFFFFD,3F28,2A,B,DA90703761,FFFFF3C4,193,1
A 0
FFFFE5,A,18D2,29,A,82BA992D4A,1,195,0
4,E,3984,2C,12,B89ACDB532,0,195,1
T
10,C,1206,2F,A,DABE2508E1,123,195,0
FFFFD9,FFFFDD,3292,29,C,DACD614EC3,FFFFF45C,195,1
A 0
0,FFFFF1,8,29,A,82F78A448B,1,197,0
FFFFDB,FFFFE9,15FA,2B,10,B8D7BEC803,0,197,1
T
16,19,2CA4,2E,E,DAFB162100,FFFFFF30,197,0
FFFFFC,FFFFF7,18FA,2F,10,DBA526814,FFFFF41E,197,1
A 0
4,FFFFFC,16E,29,A,83347B5BC8,1,199,0
9,FFFFFE,42E,2E,11,B914AFDAC9,0,199,1
T
23,14,37C4,2C,B,DB38073922,FFFFFF3E,199,0
FFFFE3,FFFFE9,3F8A,2D,E,DB47437F7F,FFFFF530,199,1
A 0
D,4,2B2A,29,A,83716C7505,1,201,0
E,FFFFFE,2D3A,2E,13,B951A0ED85,0,201,1
T
C,FFFFDF,3D92,2B,D,DB74F8513B,FFFFFF60,201,0
FFFFEC,2,2BA8,2D,F,DB843496D2,FFFFF4ED,201,1
A 0
3,FFFFFB,2C44,29,9,83AE5D8A42,1,203,0
1A,A,FD6,2C,10,B98E91FE4C,0,203,1
T
36,15,87A,28,A,DBB1E96772,33,203,0
2A,4,674,2A,B,DBC125AE3D,FFFFF3F8,203,1
A 0
18,D,5BC,29,A,83EB4EA386,1,205,0
FFFFF6,9,328E,29,E,B9CB831110,0,205,1
T
FFFFF2,FFFFD9,A70,2C,D,DBEEDA7F86,FFFFFE7E,205,0
FFFFFB,2D,34E6,2E,10,DBFE16C58D,FFFFF4E8,205,1
A 0
FFFFF6,FFFFFE,32D6,29,9,84283FBAC4,1,207,0
4,9,D10,2F,13,BA87423D0,0,207,1
T
FFFFEA,FFFFF8,120E,2F,E,DC2BCB9794,FFFFFEB9,207,0
FFFFE0,FFFFFB,163E,29,A,DC3B07DEEA,FFFFF575,207,1
A 0
8,FFFFDB,ADE,29,A,846530D1FE,1,209,0
FFFFF1,0,3108,2C,F,BA4565368B,0,209,1
T
A,FFFFE5,2C64,2D,D,DC68BCAFC3,11,209,0
17,6,A12,2F,10,DC77F8F654,FFFFF3A4,209,1
A 0
FFFFEF,10,3B3C,29,9,84A221EB18,1,211,0
1D,19,BB8,2C,11,BA82564959,0,211,1
T
FFFFDD,FFFFCE,3D74,2C,C,DCA5ADC7E0,FFFFFE58,211,0
8,11,B8,2D,E,DCB4EA0DA6,FFFFF477,211,1
A 0
15,FFFFF6,1BE,29,B,84DF130268,1,213,0
5,31,30D6,2F,13,BABF475C18,0,213,1
T
5,FFFFF7,9F6,2F,F,DCE29EE007,DA,213,0
FFFFDB,FFFFDB,37E6,2A,C,DCF1DB270A,FFFFF484,213,1
A 0
FFFFF4,FFFFE9,B48,29,B,851C041992,1,215,0
5,9,72E,29,E,BAFC386CD3,0,215,1
T
2,FFFFD6,14BA,29,A,DD1F8FF61F,FFFFFFFF,215,0
5,FFFFDC,2D84,2C,E,DD2ECC3C69,FFFFF5BF,215,1
A 0
D,FFFFFB,3396,29,A,8558F530BD,1,217,0
FFFFF6,FFFFEB,2FAA,2F,14,BB39297F9E,0,217,1
T
FFFFFD,1C,3064,28,9,DD5C810E48,FFFFFF52,217,0
29,2C,D5A,2A,D,DD6BBD53C7,FFFFF540,217,1
A 0
FFFFFC,1A,3CE0,29,A,8595E64613,1,219,0
3,FFFFFB,60C,2C,11,BB761A9060,0,219,1
T
FFFFF3,1C,3534,2E,D,DD99722472,FFFFFF97,219,0
FFFFFB,FFFFCB,28,29,C,DDA8AE6B1E,FFFFF5F7,219,1
A 0
1B,FFFFF7,D8,29,A,85D2D75F46,1,221,0
FFFFF7,FFFFF7,2D32,2C,12,BBB30BA325,0,221,1
T
FFFFFF,0,3E0,29,A,DDD6633C8C,FFFFFFBF,221,0
3C,F,34C0,2D,10,DDE59F8283,FFFFF4F6,221,1
A 0
FFFFF4,FFFFEB,BC0,29,C,86FC87696,1,223,0
3,1C,3C30,29,10,BBEFFCB5F6,0,223,1
T
FFFFEE,0,112E,2B,B,DE135454BB,FFFFFF65,223,0
FFFFE3,FFFFE3,3428,2E,F,DE22909BE8,FFFFF4D6,223,1
A 0
A,2A,3AB2,29,9,864CB98DD3,1,225,0
FFFFBA,FFFFEA,13E4,29,10,BC2CEDC8A7,0,225,1
T
45,18,2DF2,2B,C,DE50456CCC,FFFFFF08,225,0
7,13,2BCA,2D,F,DE5F81B345,FFFFF49D,225,1
A 0
13,6,50,29,A,8689AAA70B,1,227,0
A,FFFFF2,3568,2A,F,BC69DEDB78,0,227,1
T
FFFFE8,FFFF9A,3994,2F,F,DE8D3684F0,FFFFFEF8,227,0
2D,1C,16DA,29,A,DE9C72CA9F,FFFFF536,227,1
A 0
FFFFFA,FFFFF1,31A0,29,9,86C69BBC4D,1,229,0
FFFFFE,9,A62,2D,10,BCA6CFEC46,0,229,1
T
FFFFC8,FFFFEA,6AC,2C,C,DECA279B14,FFFFFF5C,229,0
FFFFFE,D,A02,2E,F,DED963E201,FFFFF50E,229,1
A 0
FFFFFE,9,3414,29,A,8738CD38E,1,231,0
FFFFEB,FFFFFD,2EE8,29,F,BCE3C0FD04,0,231,1
T
7,23,148E,2E,E,DF718B13A,FFFFFE8E,231,0
25,13,2FA,29,C,DF1654F757,FFFFF354,231,1
A 0
FFFFF3,FFFFE9,2934,29,B,87407DEAC9,1,233,0
FFFFF5,17,15E,30,14,BD20B20FC2,0,233,1
T
37,A,30E2,30,E,DF4409C962,FFFFFF5C,233,0
FFFFED,FFFFEF,3D3E,2A,B,DF534610C3,FFFFF45A,233,1
A 0
FFFFCE,12,3144,29,B,877D6F020C,1,235,0
FFFFB9,FFFFF4,1710,28,E,BD5DA32284,0,235,1
T
3,FFFFCC,3BB0,29,A,DF80FAE186,61,235,0
FFFFFB,A,309C,2C,D,DF90372813,FFFFF461,235,1
A 0
FFFFF1,FFFFEA,930,29,9,87BA601B49,1,237,0
FFFFD0,FFFFDA,3C8C,2D,10,BD9A94354E,0,237,1
T
FFFFD2,25,536,2F,F,DFBDEBF992,FFFFFE6E,237,0
FFFFD6,FFFFE5,158A,2B,C,DFCD283F80,FFFFF4FD,237,1
A 0
FFFFFF,FFFFE6,CF0,29,9,87F7513283,1,239,0
1,FFFFD8,17C8,28,E,BDD785480D,0,239,1
T
FFFFCC,FFFFDB,1566,29,A,DFFADD11BD,26,239,0
37,FFFFFF,C28,2C,C,E0A1958D1,FFFFF582,239,1
A 0
FFFFFE,FFFFC5,1828,29,A,88344249C0,1,241,0
0,1D,3DB0,2C,10,BE14765ACE,0,241,1
T
FFFFED,FFFFE6,2A7A,2E,D,E037CE29E9,FFFFFFD8,241,0
D,FFFFF7,3C24,30,11,E0470A703D,FFFFF4C7,241,1
A 0
FFFFD8,FFFFE4,504,29,A,88713362F8,1,243,0
1,FFFFFF,17B4,2B,12,BE51676D91,0,243,1
T
19,FFFFCF,3458,30,10,E074BF4205,FFFFFEB6,243,0
2,10,2D0A,2A,D,E083FB878D,FFFFF56C,243,1
A 0
FFFFFD,FFFFD4,2E82,29,B,88AE247835,1,245,0
FFFFF9,0,278,2F,14,BE8E587E53,0,245,1
T
19,6,3E56,29,A,E0B1B05826,D7,245,0
13,1A,BDC,2B,D,E0C0EC9EE8,FFFFF4A7,245,1
A 0
FFFFDA,FFFFE5,30EE,29,A,88EB159171,1,247,0
9,FFFFEE,2C5C,2B,10,BECB499111,0,247,1
T
4,12,A5A,2E,E,E0EEA1704E,FFFFFF56,247,0
FFFFF3,FFFFDF,3B4A,30,11,E0FDDDB64B,FFFFF5C4,247,1
A 0
FFFFF1,FFFFF7,2FE0,29,A,892806A8A0,1,249,0
FFFFF6,4,9F6,29,E,BF83AA3DE,0,249,1
T
FFFFDB,FFFFE0,2AB6,2C,C,E12B92886D,FFFFFF8A,249,0
FFFFFA,FFFFF6,2B3C,2E,F,E13ACECFA7,FFFFF3E4,249,1
A 0
FFFFFB,FFFFF4,3178,29,A,8964F7BFDE,1,251,0
18,1,2EF0,2D,13,BF452BB6A1,0,251,1
T
FFFFFD,FFFFEE,334E,2A,A,E16883A090,FFFFFEA2,251,0
10,F,169A,2C,E,E177BFE708,FFFFF54A,251,1
A 0
6,FFFFFC,C4E,29,9,89A1E8D907,1,253,0
6,B,E52,2D,10,BF821CC969,0,253,1
T
FFFFDD,FFFFFB,63E,2C,B,E1A574B8C0,145,253,0
FFFFFA,19,8EA,2E,10,E1B4B0FE66,FFFFF3CA,253,1
A 0
B,9,1780,29,C,89DED9EE54,1,255,0
32,36,33DE,2B,F,BFBF0DDA31,0,255,1
T
10,FFFFF5,14C6,2F,E,E1E265CEC8,FFFFFF2C,255,0
1,1E,3AA2,29,B,E1F1A215C5,FFFFF494,255,1
A 0
2,FFFFEE,17C0,29,A,8A1BCB058C,1,1,0
E,FFFFED,10E0,28,E,BFFBFEEAF6,0,1,1
T
42,C,31BA,29,A,E21F56E4FB,FFFFFF6B,1,0
12,8,306E,2B,D,E22E932B1D,FFFFF4CA,1,1
A 0
FFFFFE,FFFFF0,1D6,29,A,8A58BC1CC8,1,3,0
FFFFFB,FFFFE7,394C,2D,11,C038EFFDB4,0,3,1
T
1D,10,3CBC,2F,E,E25C47FD05,80,3,0
3,1C,120E,29,B,E26B844284,FFFFF578,3,1
A 0
0,FFFFE1,280C,29,A,8A95AD3207,1,5,0
FFFFDC,FFFFD9,150A,2A,10,C075E10E81,0,5,1
T
2D,18,8A2,29,B,E299391340,6,5,0
D,29,3A8,2B,D,E2A87559D5,FFFFF483,5,1
A 0
4,A,C8,29,A,8AD29E4B4B,1,7,0
FFFFE4,FFFFF5,A88,28,E,C0B2D22149,0,7,1
T
0,24,1626,28,9,E2D62A2B4E,32,7,0
FFFFDA,41,2D12,2B,E,E2E566713D,FFFFF3AD,7,1
A 0
3,FFFFDA,F0,29,A,8BF8F6287,1,9,0
3,31,2E18,2E,13,C0EFC3340A,0,9,1
T
FFFFFC,8,290C,29,A,E3131B4383,FFFFFF22,9,0
5,FFFFFA,A68,2C,D,E322578A93,FFFFF4C3,9,1
A 0
FFFFDF,FFFFFC,18E,29,A,8B4C8079C7,1,11,0
5,FFFFF9,116A,2D,12,C12CB446C6,0,11,1
T
2F,FFFFF4,3596,2D,D,E3500C5BB0,FFFFFFA1,11,0
FFFFE5,FFFFEB,3468,28,C,E35F48A1F2,FFFFF40C,11,1
A 0
FFFFDB,FFFFE0,48,31,F,8B897192F7,1,13,0
FFFFE2,2,3DD0,2B,11,C169A5598B,0,13,1
T
FFFFE0,FFFFF5,1B0,2D,D,E38CFD73C1,FFFFFFE7,13,0
D,D,11D0,2F,11,E39C39B953,FFFFF468,13,1
A 0
1C,FFFFFA,2AC2,31,F,8BC662A82F,1,15,0
3,7,16C4,29,F,C1A6966A4F,0,15,1
T
FFFFEB,FFFFE5,3BC,2D,E,E3C9EE89DE,5C,15,0
FFFFE4,14,3AB2,2F,11,E3D92AD0AB,FFFFF54B,15,1
A 0
D,18,BCC,29,9,8C353C180,1,17,0
11,2B,3C2C,29,F,C1E3877D0E,0,17,1
T
FFFFDE,F,7A4,28,A,E46DFA20E,4,17,0
3,6,1754,2B,C,E4161BE809,FFFFF49E,17,1
A 0
FFFFE3,FFFFFF,B88,29,9,8C4044D8B6,1,19,0
3,FFFFDD,1618,2C,12,C220788FD6,0,19,1
T
FFFFEE,FFFFFF,B6C,2C,C,E443D0BA2A,17,19,0
34,20,34E,2F,E,E4530D0163,FFFFF4CC,19,1
A 0
FFFFE9,FFFFB4,F9E,29,A,8C7D35EFDA,1,21,0
E,13,3EBA,2F,13,C25D69A28E,0,21,1
T
FFFFFF,1C,1156,2F,E,E480C1D246,FFFFFFEE,21,0
FFFFF6,FFFFFA,2E5A,29,C,E48FFE18C2,FFFFF591,21,1
A 0
FFFFF8,12,14DA,29,A,8CBA27091B,1,23,0
13,FFFFE2,1678,29,E,C29A5AB564,0,23,1
T
FFFFF1,FFFFF9,26E6,29,B,E4BDB2EA66,FFFFFE55,23,0
35,23,F78,29,D,E4CCEF3018,FFFFF4B9,23,1
A 0
FFFFFB,FFFFFF,27B6,29,B,8CF7181E49,1,25,0
1E,29,3CF8,2A,D,C2D74BC62B,0,25,1
T
FFFFE7,FFFFE2,2D5A,2F,E,E4FAA40081,FFFFFFD5,25,0
FFFFF5,19,3CA8,2A,B,E59E04784,FFFFF4EF,25,1
A 0
FFFFF1,FFFFDC,2924,31,10,8D3409358E,1,27,0
11,10,2776,2F,13,C3143CD6DD,0,27,1
T
FFFFD9,FFFFF2,30B4,2A,A,E5379516A7,FFFFFFBC,27,0
FFFFE7,FFFFFD,140C,2B,D,E546D15CD3,FFFFF576,27,1
A 0
FFFFF7,FFFFF5,3118,29,9,8D70FA4CD5,1,29,0
17,3,280,2B,E,C3512DE9AF,0,29,1
T
1C,FFFFF0,3448,29,B,E574862EC5,FFFFFEAD,29,0
20,7,216,2C,F,E583C27433,FFFFF4D4,29,1
A 0
FFFFF5,1C,3614,29,9,8DADEB620A,1,31,0
FFFFF0,FFFFFD,150C,2D,13,C38E1EFA70,0,31,1
T
C,FFFFD7,3256,2F,F,E5B17744F5,FFFFFFA3,31,0
18,10,2E22,29,C,E5C0B38B8D,FFFFF478,31,1
A 0
FFFFCE,1,17F4,29,9,8DEADC7B50,1,33,0
3,31,3CF8,28,C,C3CB100D3F,0,33,1
T
3,22,3576,2A,B,E5EE685D05,80,33,0
FFFFF8,FFFFFC,25E,2C,E,E5FDA4A2E9,FFFFF445,33,1
A 0
4,9,3E8A,29,9,8E27CD9285,1,35,0
FFFFE4,FFFFCA,2A06,28,C,C48012000,0,35,1
T
FFFFE9,16,36BE,29,B,E62B59752F,FFFFFEA3,35,0
FFFFD5,FFFFD8,18AA,2B,D,E63A95BC47,FFFFF3C4,35,1
A 0
FFFFF3,2,E0,29,A,8E64BEA9CA,1,37,0
14,C,6AC,2D,12,C444F232C9,0,37,1
T
FFFFD3,4,3406,2E,D,E6684A8D48,FFFFFFA1,37,0
FFFFFF,E,391A,29,C,E67786D3A1,FFFFF445,37,1
A 0
FFFFF1,FFFFEB,20E,29,A,8EA1AFC306,1,39,0
E,B,2E20,2A,10,C481E34589,0,39,1
T
FFFFE2,FFFFE2,396A,29,A,E6A53BA56C,FFFFFFDA,39,0
FFFFD8,FFFFE1,EBA,2C,E,E6B477EB01,FFFFF539,39,1
A 0
3,8,27E,29,A,8EDEA0D84A,1,41,0
5,B,DC0,2E,12,C4BED4564A,0,41,1
T
FFFFBF,FFFFA3,3A8A,2E,E,E6E22CBB86,FFFFFFC5,41,0
2C,53,35D2,29,C,E6F1690256,FFFFF3D4,41,1
A 0
FFFFFF,D,8E6,29,8,8F1B91F17D,1,43,0
11,16,382E,2C,11,C4FBC5690C,0,43,1
T
FFFFF5,3,3B6A,2B,B,E71F1DD3BB,FFFFFF7D,43,0
FFFFC0,4,F80,2E,10,E72E5A19BB,FFFFF422,43,1
A 0
FFFFE9,6,32B0,29,A,8F5883089D,1,45,0
FFFFF9,FFFFF5,1364,2F,14,C538B67BCF,0,45,1
T
FFFFF3,FFFFCE,3FD0,2E,E,E75C0EEBC2,FFFFFEDA,45,0
27,2F,3A16,2F,11,E76B4B3319,FFFFF586,45,1
A 0
FFFFF8,FFFFDA,11CC,29,9,8F95741FF6,1,47,0
FFFFFD,1,2D12,2D,12,C575A78E94,0,47,1
T
FFFFF3,FFFFE9,3BEA,2C,D,E7990003E2,FFFFFE3D,47,0
FFFFE8,FFFFAA,2B6A,2E,10,E7A83C4A73,FFFFF4E2,47,1
A 0
FFFFFB,4,2B2A,29,B,8FD2653938,1,49,0
11,11,3C64,2C,E,C5B298A157,0,49,1
T
FFFFF9,2D,3C00,2D,D,E7D5F11C01,FFFFFF4F,49,0
FFFFF4,E,C8A,2E,F,E7E52D61CC,FFFFF44E,49,1
A 0
28,14,3CFC,29,9,90F564E5F,1,51,0
11,FFFFE3,81C,29,F,C5EF89B212,0,51,1
T
5,B,3FD2,2A,C,E812E2321A,72,51,0
26,FFFFE6,59E,2A,D,E8221E792C,FFFFF53C,51,1
A 0
FFFFDA,D,3498,29,9,904C4765AC,1,53,0
1F,FFFFF1,13E4,2E,13,C62C7AC2D1,0,53,1
T
FFFFDB,9,3EC2,2A,C,E84FD34843,FFFFFFFA,53,0
FFFFFE,FFFFE0,39B4,2C,E,E85F0F8E8B,FFFFF4B7,53,1
A 0
1,6,2D5A,29,A,9089387CE7,1,55,0
FFFFFD,1F,2E78,2C,11,C6696BD594,0,55,1
T
FFFFEB,FFFFEF,3D82,30,F,E88CC4605D,FFFFFF85,55,0
18,FFFFE3,2A42,2B,9,E89C00A5DE,FFFFF492,55,1
A 0
FFFFFF,20,3B32,29,A,90C6299221,1,57,0
6,13,38B0,29,E,C6A65CE64F,0,57,1
T
FFFFF6,FFFFFE,3B9E,30,10,E8C9B57682,FFFFFECD,57,0
3,FFFFFC,13A6,2A,B,E8D8F1BD4C,FFFFF5AE,57,1
A 0
6,5,BE2,29,C,9131AAB52,1,59,0
FFFFEE,FFFFEE,400,2A,10,C6E34DF913,0,59,1
T
FFFFF9,2,3A34,2E,D,E96A68E9A,FFFFFED6,59,0
FFFFE5,F,6CC,2F,11,E915E2D49E,FFFFF555,59,1
A 0
B,FFFFE3,F0,29,A,91400BC294,1,61,0
FFFFF3,FFFFD1,FA8,29,E,C7203F0BD5,0,61,1
T
1C,FFFFF9,38C4,2D,D,E94397A6C2,FFFFFF27,61,0
FFFFB8,E,3936,2E,F,E952D3EE06,FFFFF4B2,61,1
A 0
10,31,33F6,29,A,917CFCD9BF,1,63,0
FFFFFA,0,28B4,2F,13,C75D301C90,0,63,1
T
31,FFFFCF,33E0,2B,C,E98088BCEF,85,63,0
FFFFF3,1E,2786,2B,D,E98FC50352,FFFFF4FE,63,1
A 0
FFFFEB,FFFFE3,3FAE,29,A,91B9EDF10A,1,65,0
FFFFF8,FFFFF9,3CDA,2E,10,C79A212F6D,0,65,1
T
FFFFF8,1,3458,28,B,E9BD79D505,FFFFFF5E,65,0
B,23,8D6,2B,E,E9CCB61AC3,FFFFF48B,65,1
A 0
FFFFF7,12,91E,29,9,91F6DF064A,1,67,0
FFFFC7,FFFFBD,135E,29,E,C7D712401A,0,67,1
T
FFFFE6,FFFFEA,34D4,2B,B,E9FA6AEB28,FFFFFFE7,67,0
FFFFF9,FFFFDA,31C6,2C,C,EA9A73215,FFFFF5BE,67,1
A 0
3,1D,32E4,29,9,9233D01D87,1,69,0
FFFFDF,1B,3A0C,30,15,C8140350E5,0,69,1
T
FFFFE5,A,3C8A,2F,E,EA375C0141,8A,69,0
1C,A,1178,29,C,EA4698477A,FFFFF45D,69,1
A 0
FFFFF1,FFFFE3,1898,29,A,9270C134C9,1,71,0
FFFFF6,1,6C2,29,F,C850F463B7,0,71,1
T
10,FFFFDA,3954,2B,C,EA744D1961,FFFFFFF1,71,0
14,8,50,2B,E,EA83895ECF,FFFFF3CC,71,1
A 0
FFFFF8,FFFFBE,33C0,29,B,92ADB24A18,1,73,0
39,28,2C22,2D,11,C88DE57475,0,73,1
T
FFFFEE,4,3B2A,2D,C,EAB13E2F84,FFFFFFD7,73,0
13,FFFFF3,2824,2F,F,EAC07A7634,FFFFF46E,73,1
A 0
14,7,37AA,29,9,92EAA36349,1,75,0
16,15,368,2D,13,C8CAD6873F,0,75,1
T
FFFFE3,FFFFE6,3AA2,2F,F,EAEE2F47AD,FFFFFF44,75,0
23,38,3E0,30,F,EAFD6B8D91,FFFFF4A0,75,1
A 0
1C,FFFFEE,3F88,29,B,9327947A89,1,77,0
FFFFEE,FFFFD3,2786,2F,12,C97C79A06,0,77,1
T
16,FFFFFA,3A9A,29,A,EB2B205FC8,FFFFFFB8,77,0
18,4,2ECA,2A,D,EB3A5CA6E5,FFFFF558,77,1
A 0
FFFFDD,16,A84,29,9,93648591CA,1,79,0
9,E,372C,2F,15,C944B8ACC1,0,79,1
T
FFFFFA,FFFFE5,3180,2F,E,EB681177F0,FFFFFFFA,79,0
FFFFF4,FFFFC8,8FA,2A,B,EB774DBE49,FFFFF446,79,1
A 0
FFFFF8,FFFFF9,1680,29,9,93A176AB13,1,81,0
F,8,870,2C,12,C981A9BF88,0,81,1
T
0,FFFFFD,2C3C,2F,F,EBA5029006,FFFFFF92,81,0
FFFFE9,FFFFE6,3236,2A,B,EBB43ED59F,FFFFF480,81,1
A 0
FFFFF6,2,2C04,29,A,93DE67C048,1,83,0
7,0,2868,2A,E,C9BE9AD04A,0,83,1
T
6,27,2C02,2A,B,EBE1F3A638,21,83,0
FFFFF9,FFFFFE,F42,2C,E,EBF12FED01,FFFFF413,83,1
A 0
FFFFF3,FFFFF0,A18,29,9,941B58D987,1,85,0
FFFFED,D,3ECA,2E,11,C9FB8BE305,0,85,1
T
24,0,3034,30,10,EC1EE4BE42,3D,85,0
5,1D,3C1A,29,A,EC2E21045C,FFFFF3A7,85,1
A 0
12,1C,3E4A,29,A,945849F0BD,1,87,0
FFFFF6,FFFFF1,1602,2B,12,CA387CF5C8,0,87,1
T
11,4,32AA,2F,F,EC5BD5D65E,FFFFFF76,87,0
7,FFFFD5,2D34,28,B,EC6B121DC0,FFFFF4BE,87,1
A 0
FFFFF7,FFFFE7,2AEA,29,A,94953B0805,1,89,0
45,16,3A22,2E,12,CA756E088E,0,89,1
T
FFFFF1,FFFFF5,342C,29,A,EC98C6EE8E,FFFFFEB3,89,0
1E,D,D28,29,D,ECA8033510,FFFFF535,89,1
A 0
3,FFFFFE,9D4,29,9,94D22C2144,1,91,0
4,B,DBA,2C,10,CAB25F1B48,0,91,1
T
FFFFB7,1,78,2A,C,ECD5B806AB,5D,91,0
1A,31,17E,2C,E,ECE4F44C76,FFFFF519,91,1
A 0
FFFFF2,12,1744,29,8,95F1D3872,1,93,0
26,FFFFF9,2CB0,2E,12,CAEF502E11,0,93,1
T
D,FFFFF3,E8,2B,C,ED12A91ECA,12,93,0
5,FFFFCD,2FE0,2C,D,ED21E565D0,FFFFF370,93,1
A 0
1A,12,3DC,29,A,954C0E4FB4,1,95,0
FFFFFB,1B,3F42,30,13,CB2C413ECD,0,95,1
T
FFFFDB,FFFFF1,420,2D,C,ED4F9A34E8,FFFFFFC6,95,0
22,4,FB6,30,A,ED5ED67B2A,FFFFF4B5,95,1
A 0
20,FFFFF6,36C2,29,A,9588FF66E3,1,97,0
FFFFFF,D,ED8,2F,13,CB69325194,0,97,1
T
FFFFEF,FFFFEB,218,29,9,ED8C8B4D04,39,97,0
FFFFF4,C,60E,2A,C,ED9BC7928D,FFFFF608,97,1
A 0
0,1E,9AA,29,A,95C5F07C33,1,99,0
2C,19,2BC4,2E,13,CBA6236252,0,99,1
T
FFFFE8,FFFFFB,88,29,B,EDC97C632A,FFFFFF3E,99,0
FFFFED,5,321A,2A,C,EDD8B8A9E3,FFFFF4BF,99,1
A 0
FFFFEF,FFFFEA,14BA,29,A,962E1955D,1,101,0
9,15,3B0A,2A,10,CBE3147513,0,101,1
T
7,FFFFF3,3F58,29,B,EE66D7B43,A,101,0
8,FFFFF9,EB8,29,C,EE15A9C148,FFFFF45D,101,1
A 0
FFFFFC,FFFFF4,29DC,29,B,963FD2AC8F,1,103,0
9,FFFFF1,B48,2A,F,CC200587E0,0,103,1
T
FFFFF5,FFFFDD,3CFC,29,A,EE435E9358,FFFFFF29,103,0
FFFFDC,FFFFFC,3BBA,2C,D,EE529ADA9F,FFFFF413,103,1
A 0
FFFFEE,FFFFEA,E52,29,9,967CC3C3BE,1,105,0
16,9,2BAA,2F,12,CC5CF69899,0,105,1
T
37,3,36E6,2B,B,EE804FA990,FFFFFF82,105,0
A,FFFFE4,1758,2D,E,EE8F8BF007,FFFFF4CA,105,1
A 0
E,23,2864,29,B,96B9B4DB0A,1,107,0
FFFFFB,19,3B62,2D,11,CC99E7AB63,0,107,1
T
30,FFFFC8,3090,2D,D,EEBD40C1AC,FFFFFED3,107,0
2A,B,176,2E,10,EECC7D0752,FFFFF43D,107,1
A 0
E,FFFFFE,A60,29,C,96F6A5F057,1,109,0
FFFFD6,FFFFDF,12DC,29,E,CCD6D8BC2B,0,109,1
T
10,FFFFF0,321E,2B,C,EEFA31D7CE,FFFFFFFD,109,0
FFFFDA,FFFFDE,29F4,2D,F,EF96E1EBD,FFFFF561,109,1
A 0
FFFFED,FFFFEA,A40,29,9,9733970786,1,111,0
20,3B,3C78,2E,13,CD13C9CCE8,0,111,1
T
26,5,3826,28,9,EF3722EDED,FFFFFFD7,111,0
1E,12,9E4,2A,B,EF465F3411,FFFFF44D,111,1
A 0
FFFFF1,FFFFD3,11FE,29,A,9770881ECB,1,113,0
FFFFF7,FFFFEC,1494,2E,14,CD50BADFAF,0,113,1
T
1B,1D,3CE6,2C,C,EF74140602,FFFFFF14,113,0
FFFFEE,FFFFFB,3678,2D,F,EF83504B71,FFFFF4E9,113,1
A 0
FFFFF2,FFFFEB,274E,29,A,97AD79340A,1,115,0
4D,C,3A3A,2E,14,CD8DABF079,0,115,1
T
FFFFF8,FFFFF2,292,2D,C,EFB1051C29,FFFFFF83,115,0
20,4,1492,2E,10,EFC04162CC,FFFFF5F3,115,1
A 0
10,1,2E42,29,A,97EA6A4D55,1,117,0
10,0,1048,2F,13,CDCA9D0341,0,117,1
T
FFFFD5,FFFFC8,6E4,28,9,EFEDF63441,FFFFFFFA,117,0
21,FFFFFC,704,2A,D,EFFD327A2C,FFFFF4A0,117,1
A 0
FFFFE5,FFFFF8,B4A,29,A,98275B648A,1,119,0
FFFFFF,26,2F30,2C,11,CE78E1606,0,119,1
T
FFFFF5,FFFFE2,90E,2B,C,F02AE74C79,FFFFFF58,119,0
FFFFF8,7,32B2,2D,E,F03A239389,FFFFF5B2,119,1
A 0
FFFFE2,F,F8,29,A,98644C7BC8,1,121,0
FFFFF7,4,6DA,2C,12,CE447F28C7,0,121,1
T
32,1A,73C,2F,E,F067D86482,49,121,0
2C,FFFFE6,DEA,30,10,F07714AAEC,FFFFF58B,121,1
A 0
FFFFFB,24,2E5A,29,A,98A13D950C,1,123,0
FFFFF5,FFFFF2,1832,29,D,CE81703B8F,0,123,1
T
17,13,78C,2F,F,F0A4C97CBB,FFFFFF29,123,0
12,FFFFFB,38F4,28,B,F0B405C245,FFFFF4D4,123,1
A 0
FFFFF9,3,988,29,9,98DE2EAA4B,1,125,0
26,1A,3EBE,2B,11,CEBE614C4B,0,125,1
T
FFFFE7,FFFFE9,A30,2C,D,F0E1BA92CC,FFFFFFC9,125,0
FFFFF0,E,2786,2D,E,F0F0F6D998,FFFFF501,125,1
A 0
FFFFF1,FFFFEF,163E,29,9,991B1FC182,1,127,0
FFFFEC,FFFFF6,1424,2B,12,CEFB525D09,0,127,1
T
FFFFA6,FFFFDA,B0C,2C,D,F11EABA8EB,FFFFFEE0,127,0
FFFFF2,B,56,2C,D,F12DE7EEFF,FFFFF3FD,127,1
A 1
0,0,0,0,0,00,1,0,0
FFFFD0,FFFFF9,319E,2E,D,CF74E564AF,0,0,1
T
FFFFEC,FFFFEA,14A,2D,7,F1983EBB45,FFFFFFAC,0,0
FFFFEA,18,10F6,2C,4,F1A77B0191,FFFFF6F2,0,1
A 1
FFFFF8,FFFFFC,398,29,D,99D1A3EB15,1,2,0
7,7,E8,29,B,CFB1D67773,0,2,1
T
13,2A,2CFA,2D,7,F1D52FD360,45,2,0
0,4,2ADA,2C,4,F1E46C18F7,FFFFF6A7,2,1
A 1
FFFFEF,FFFFFF,3050,29,D,9AE950253,1,4,0
FFFFE2,FFFFE0,332E,2D,D,CFEEC78A39,0,4,1
T
29,12,2D3A,2F,8,F21220EB86,FFFFFF6A,4,0
FFFFFE,FFFFF2,3A2C,2D,4,F2215D324B,FFFFF668,4,1
A 1
7,FFFFF9,15A4,29,D,9A4B861990,1,6,0
FFFFFC,1B,17E0,2F,E,D02BB89AEE,0,6,1
T
FFFFEA,7,E40,30,8,F24F12019D,FFFFFF7B,6,0
FFFFE8,FFFFD6,12E6,2F,5,F25E4E47BC,FFFFF71B,6,1
A 1
5,12,5D6,29,B,9A887730C8,1,8,0
2,12,B58,2C,C,D068A9ADB7,0,8,1
T
11,6,3E48,2C,6,F28C0319C1,FFFFFEBB,8,0
C,28,3200,2B,4,F29B3F5F0B,FFFFF5DC,8,1
A 1
C,A,382E,29,D,9AC568460A,1,10,0
FFFFFD,C,3D96,2D,D,D0A59ABE78,0,10,1
T
FFFFDE,15,2E26,2A,6,F2C8F42FDE,1F,10,0
D,5,31A8,29,3,F2D8307662,FFFFF64E,10,1
A 1
0,FFFFDD,27B4,29,D,9B2595F4F,1,12,0
FFFFE8,FFFFED,334E,2B,B,D0E28BD140,0,12,1
T
FFFFFF,FFFFFE,39B4,2A,5,F35E54802,FFFFFFFE,12,0
E,11,704,29,3,F315218DBC,FFFFF6B9,12,1
A 1
FFFFFF,2,95A,29,E,9B3F4A768A,1,14,0
4,FFFFF4,3FE0,30,12,D11F7CE3FA,0,14,1
T
5,FFFFF5,400,31,9,F342D66016,FFFFFF9F,14,0
1E,FFFFEC,448,28,3,F35212A71D,FFFFF71A,14,1
A 1
FFFFF4,11,3510,29,D,9B7C3B8DCE,1,16,0
6,FFFFF5,334E,2F,F,D