A 0
FFFFD3,FFFFEC,CF0,29,C,6895A56ACD,1,188,0
FFFFF0,0,121E,2C,10,506BE8FB75,0,147,1
T
AN - 1
A 1
FFFFD3,FFFFEC,CF0,29,C,6895A56ACD,1,188,0
13,15,42C,2B,A,508A6182E7,0,148,1
T
AN - 1
A 0
FFFFD3,FFFFEC,CF0,29,C,6895A56ACD,1,188,0
FFFFE4,FFFFEF,40E,2D,11,50A8DA0C2A,0,149,1
T
AN - 1
A 1
FFFFD3,FFFFEC,CF0,29,C,6895A56ACD,1,188,0
19,27,20E,2A,B,50C7529595,0,150,1
T
AN - 1
A 0
FFFFD3,FFFFEC,CF0,29,C,6895A56ACD,1,188,0
FFFFED,20,3BA0,2D,14,50E5CB1CDC,0,151,1
T
AN - 1
A 1
FFFFD3,FFFFEC,CF0,29,C,6895A56ACD,1,188,0
1C,7,1A8,2C,D,51443A651,0,152,1
T
AN - 1
A 0
FFFFD3,FFFFEC,CF0,29,C,6895A56ACD,1,188,0
FFFFEF,FFFFF2,2890,2C,10,5122BC2F8C,0,153,1
T
AN - 1
A 1
FFFFD3,FFFFEC,CF0,29,C,6895A56ACD,1,188,0
9,FFFFF1,F0,2D,E,514134B70F,0,154,1
T
AN - 1
A 0
FFFFD3,FFFFEC,CF0,29,C,6895A56ACD,1,188,0
2,15,BA0,2E,11,515FAD4052,0,155,1
T
AN - 1
A 1
FFFFD3,FFFFEC,CF0,29,C,6895A56ACD,1,188,0
FFFFF9,1,1414,30,10,517E25C9C1,0,156,1
T
AN - 1
A 0
FFFFD3,FFFFEC,CF0,29,C,6895A56ACD,1,188,0
14,FFFFF7,3D38,2F,12,519C9E530A,0,157,1
T
AN - 1
A 1
FFFFD3,FFFFEC,CF0,29,C,6895A56ACD,1,188,0
C,1E,114E,2F,F,51BB16DC6F,0,158,1
T
AN - 1
A 0
FFFFD3,FFFFEC,CF0,29,C,6895A56ACD,1,188,0
FFFFFC,A,2E58,2E,13,51D98F65C1,0,159,1
T
AN - 1
A 1
FFFFD3,FFFFEC,CF0,29,C,6895A56ACD,1,188,0
FFFFF4,2A,F16,30,F,51F807EF27,0,160,1
T
AN - 1
A 0
FFFFD3,FFFFEC,CF0,29,C,6895A56ACD,1,188,0
FFFFF2,3,F3E,2E,14,5216807860,0,161,1
T
AN - 1
A 1
FFFFD3,FFFFEC,CF0,29,C,6895A56ACD,1,188,0
C,5,C72,2E,10,5234F901D3,0,162,1
T
AN - 1
A 0
FFFFD3,FFFFEC,CF0,29,C,6895A56ACD,1,188,0
21,A,68,2C,F,5253718B27,0,163,1
T
AN - 1
A 1
FFFFD3,FFFFEC,CF0,29,C,6895A56ACD,1,188,0
13,D,9EA,2D,C,5271EA1497,0,164,1
T
AN - 1
A 0
FFFFD3,FFFFEC,CF0,29,C,6895A56ACD,1,188,0
FFFFFF,10,2ED8,2E,11,5290629DDA,0,165,1
T
AN - 1
A 1
FFFFD3,FFFFEC,CF0,29,C,6895A56ACD,1,188,0
18,26,1AE,30,E,52AEDB2749,0,166,1
T
AN - 1
A 0
FFFFD3,FFFFEC,CF0,29,C,6895A56ACD,1,188,0
FFFFEA,FFFFFE,130E,2E,13,52CD53B093,0,167,1
T
AN - 1
A 1
FFFFD3,FFFFEC,CF0,29,C,6895A56ACD,1,188,0
4,FFFFD0,2BA2,2F,C,52EBCC3A06,0,168,1
T
AN - 1
A 0
FFFFD3,FFFFEC,CF0,29,C,6895A56ACD,1,188,0
FFFFED,FFFFD3,A0E,2A,F,53A44C34E,0,169,1
T
AN - 1
A 1
FFFFD3,FFFFEC,CF0,29,C,6895A56ACD,1,188,0
4C,B,67C,2C,B,5328BD4CBB,0,170,1
T
AN - 1
A 0
FFFFD3,FFFFEC,CF0,29,C,6895A56ACD,1,188,0
FFFFF4,FFFFEF,556,2C,12,534735D607,0,171,1
T
AN - 1
A 1
FFFFD3,FFFFEC,CF0,29,C,6895A56ACD,1,188,0
FFFFFF,20,E58,2D,E,5365AE5F80,0,172,1
T
AN - 1
A 0
FFFFD3,FFFFEC,CF0,29,C,6895A56ACD,1,188,0
3A,40,3A1C,2B,10,538426E8B2,0,173,1
T
AN - 1
A 1
FFFFD3,FFFFEC,CF0,29,C,6895A56ACD,1,188,0
18,7,C82,2B,D,53A29F7227,0,174,1
T
AN - 1
A 0
FFFFD3,FFFFEC,CF0,29,C,6895A56ACD,1,188,0
FFFFE3,FFFFEE,3146,2B,10,53C117FB70,0,175,1
T
AN - 1
A 1
FFFFD3,FFFFEC,CF0,29,C,6895A56ACD,1,188,0
FFFFF1,1,C62,29,A,53DF9082E8,0,176,1
T
AN - 1
A 0
FFFFD3,FFFFEC,CF0,29,C,6895A56ACD,1,188,0
1E,FFFFCB,2AC4,2E,12,53FE090C1A,0,177,1
T
AN - 1
A 1
FFFFD3,FFFFEC,CF0,29,C,6895A56ACD,1,188,0
1,E,14E4,2F,E,541C819589,0,178,1
T
AN - 1
A 0
FFFFD3,FFFFEC,CF0,29,C,6895A56ACD,1,188,0
6,FFFFE0,1774,2D,10,543AFA1CD9,0,179,1
T
AN - 1
A 1
FFFFD3,FFFFEC,CF0,29,C,6895A56ACD,1,188,0
FFFFF8,FFFFEA,3DA8,2B,C,545972A648,0,180,1
T
AN - 1
A 0
FFFFD3,FFFFEC,CF0,29,C,6895A56ACD,1,188,0
11,FFFFFD,CA8,2A,E,5477EB2F91,0,181,1
T
AN - 1
A 1
FFFFD3,FFFFEC,CF0,29,C,6895A56ACD,1,188,0
FFFFE7,2,3C08,29,A,549663B709,0,182,1
T
AN - 1
A 0
FFFFD3,FFFFEC,CF0,29,C,6895A56ACD,1,188,0
24,1C,10,2E,10,54B4DC404D,0,183,1
T
AN - 1
A 1
FFFFD3,FFFFEC,CF0,29,C,6895A56ACD,1,188,0
FFFFF3,FFFFF1,16C0,2B,C,54D354C9B9,0,184,1
T
AN - 1
A 0
FFFFD3,FFFFEC,CF0,29,C,6895A56ACD,1,188,0
FFFFF8,27,326E,2A,F,54F1CD5104,0,185,1
T
AN - 1
A 1
FFFFD3,FFFFEC,CF0,29,C,6895A56ACD,1,188,0
10,1F,10A0,2B,C,551045DA6B,0,186,1
T
AN - 1
A 0
FFFFD3,FFFFEC,CF0,29,C,6895A56ACD,1,188,0
3,15,142C,2D,12,552EBE63B0,0,187,1
T
AN - 1
A 1
FFFFD3,FFFFEC,CF0,29,C,6895A56ACD,1,188,0
FFFFF7,FFFFD3,35B4,2E,E,554D36EB16,0,188,1
T
AN - 1
A 0
FFFFD3,FFFFEC,CF0,29,C,6895A56ACD,1,188,0
FFFFF3,FFFFE5,944,2B,10,556BAF7464,0,189,1
T
AN - 1
A 1
FFFFD3,FFFFEC,CF0,29,C,6895A56ACD,1,188,0
D,FFFFFB,35BC,30,10,558A27FDD1,0,190,1
T
AN - 1
A 0
FFFFD3,FFFFEC,CF0,29,C,6895A56ACD,1,188,0
5,15,3DBE,2D,10,55A8A0871B,0,191,1
T
AN - 1
A 1
FFFFD3,FFFFEC,CF0,29,C,6895A56ACD,1,188,0
1,9,1130,2C,D,55C7191090,0,192,1
T
AN - 1
A 0
FFFFD3,FFFFEC,CF0,29,C,6895A56ACD,1,188,0
14,21,2FDA,2F,10,55E59199CC,0,193,1
T
AN - 1
A 1
FFFFD3,FFFFEC,CF0,29,C,6895A56ACD,1,188,0
F,FFFFF6,3B22,2D,D,5640A234B,0,194,1
T
AN - 1
A 0
FFFFD3,FFFFEC,CF0,29,C,6895A56ACD,1,188,0
FFFFD5,FFFFF1,2A0E,2A,F,562282AC8A,0,195,1
T
AN - 1
A 1
FFFFD3,FFFFEC,CF0,29,C,6895A56ACD,1,188,0
FFFFE8,FFFFEE,3B2A,2B,B,5640FB3608,0,196,1
T
AN - 1
A 0
FFFFD3,FFFFEC,CF0,29,C,6895A56ACD,1,188,0
27,FFFFF7,15A2,2A,10,565F73BF48,0,197,1
T
AN - 1
A 1
FFFFD3,FFFFEC,CF0,29,C,6895A56ACD,1,188,0
9,FFFFFC,17B8,2A,C,567DEC48B0,0,198,1
T
AN - 1
A 0
FFFFD3,FFFFEC,CF0,29,C,6895A56ACD,1,188,0
7,FFFFF7,8E4,2C,F,569C64D20B,0,199,1
T
AN - 1
A 1
FFFFD3,FFFFEC,CF0,29,C,6895A56ACD,1,188,0
12,15,2CE,2D,B,56BADD5B65,0,200,1
T
AN - 1
A 0
FFFFD3,FFFFEC,CF0,29,C,6895A56ACD,1,188,0
C,21,A2E,2C,11,56D955E4B1,0,201,1
T
AN - 1
A 1
FFFFD3,FFFFEC,CF0,29,C,6895A56ACD,1,188,0
17,FFFFF8,D48,2C,C,56F7CE6E10,0,202,1
T
AN - 1
A 0
FFFFD3,FFFFEC,CF0,29,C,6895A56ACD,1,188,0
FFFFE3,8,BFA,2D,11,571646F75B,0,203,1
T
AN - 1
A 1
FFFFD3,FFFFEC,CF0,29,C,6895A56ACD,1,188,0
3,FFFFFE,80,30,10,5734BF7ED8,0,204,1
T
AN - 1
A 0
FFFFD3,FFFFEC,CF0,29,C,6895A56ACD,1,188,0
B,FFFFDF,87A,28,F,5753380819,0,205,1
T
AN - 1
A 1
FFFFD3,FFFFEC,CF0,29,C,6895A56ACD,1,188,0
19,6,3FB8,2B,B,5771B09191,0,206,1
T
AN - 1
A 0
FFFFD3,FFFFEC,CF0,29,C,6895A56ACD,1,188,0
D,A,1B0,2F,12,57902918D3,0,207,1
T
AN - 1
A 1
FFFFD3,FFFFEC,CF0,29,C,6895A56ACD,1,188,0
FFFFE1,FFFFE2,2BF2,2F,C,57AEA1A245,0,208,1
T
AN - 1
A 0
FFFFD3,FFFFEC,CF0,29,C,6895A56ACD,1,188,0
7,5,3CD8,2E,15,57CD1A2B8E,0,209,1
T
AN - 1
A 1
FFFFD3,FFFFEC,CF0,29,C,6895A56ACD,1,188,0
1B,4,BB8,2D,D,57EB92B30B,0,210,1
T
AN - 1
A 0
FFFFD3,FFFFEC,CF0,29,C,6895A56ACD,1,188,0
19,7,3894,29,F,58A0B3C45,0,211,1
T
AN - 1
A 1
FFFFD3,FFFFEC,CF0,29,C,6895A56ACD,1,188,0
E,5,1126,30,F,582883C5B3,0,212,1
T
AN - 1
A 0
FFFFD3,FFFFEC,CF0,29,C,6895A56ACD,1,188,0
D,2,32EE,2F,14,5846FC4D02,0,213,1
T
AN - 1
A 1
FFFFD3,FFFFEC,CF0,29,C,6895A56ACD,1,188,0
10,12,15CA,2D,D,586574D665,0,214,1
T
AN - 1
A 0
FFFFD3,FFFFEC,CF0,29,C,6895A56ACD,1,188,0
1E,8,2AE6,2B,F,5883ED5FC2,0,215,1
T
AN - 1
A 1
FFFFD3,FFFFEC,CF0,29,C,6895A56ACD,1,188,0
FFFFF9,17,0,2C,C,58A265E918,0,216,1
T
AN - 1
A 0
FFFFD3,FFFFEC,CF0,29,C,6895A56ACD,1,188,0
33,29,173C,2F,13,58C0DE7265,0,217,1
T
AN - 1
A 1
FFFFD3,FFFFEC,CF0,29,C,6895A56ACD,1,188,0
FFFFF3,FFFFD1,3328,2D,D,58DF56FBC9,0,218,1
T
AN - 1
A 0
FFFFD3,FFFFEC,CF0,29,C,6895A56ACD,1,188,0
FFFFFB,21,18F2,2E,10,58FDCF8516,0,219,1
T
AN - 1
A 1
FFFFD3,FFFFEC,CF0,29,C,6895A56ACD,1,188,0
FFFFE5,FFFFFD,3300,2D,D,591C480E8F,0,220,1
T
AN - 1
A 0
FFFFD3,FFFFEC,CF0,29,C,6895A56ACD,1,188,0
1,FFFFF2,1070,2B,11,593AC097CF,0,221,1
T
AN - 1
A 1
FFFFD3,FFFFEC,CF0,29,C,6895A56ACD,1,188,0
FFFFF6,FFFFF6,1718,29,B,595939214D,0,222,1
T
AN - 1
A 0
FFFFD3,FFFFEC,CF0,29,C,6895A56ACD,1,188,0
FFFFE1,FFFFF6,D06,2E,13,5977B1AA90,0,223,1
T
AN - 1
A 1
FFFFD3,FFFFEC,CF0,29,C,6895A56ACD,1,188,0
FFFFFC,FFFFED,190A,2D,D,59962A3408,0,224,1
T
AN - 1
A 0
FFFFD3,FFFFEC,CF0,29,C,6895A56ACD,1,188,0
B,FFFFEF,D58,2E,11,59B4A2BD4B,0,225,1
T
AN - 1
A 1
FFFFD3,FFFFEC,CF0,29,C,6895A56ACD,1,188,0
8,FFFFEC,CE2,2D,D,59D31B46C2,0,226,1
T
AN - 1
A 0
FFFFD3,FFFFEC,CF0,29,C,6895A56ACD,1,188,0
C,FFFFFB,900,28,F,59F193D004,0,227,1
T
AN - 1
A 1
FFFFD3,FFFFEC,CF0,29,C,6895A56ACD,1,188,0
C,4,33FC,2F,E,5A100C5965,0,228,1
T
AN - 1
A 0
FFFFD3,FFFFEC,CF0,29,C,6895A56ACD,1,188,0
FFFFF6,6,20E,2D,12,5A2E84E2BE,0,229,1
T
AN - 1
A 1
FFFFD3,FFFFEC,CF0,29,C,6895A56ACD,1,188,0
9,FFFFF3,1812,2C,D,5A4CFD6C29,0,230,1
T
AN - 1
A 0
FFFFD3,FFFFEC,CF0,29,C,6895A56ACD,1,188,0
FFFFF5,FFFFE7,5A4,2D,12,5A6B75F56F,0,231,1
T
AN - 1
A 1
FFFFD3,FFFFEC,CF0,29,C,6895A56ACD,1,188,0
FFFFE8,FFFFFE,3120,2B,B,5A89EE7CF8,0,232,1
T
AN - 1
A 0
FFFFD3,FFFFEC,CF0,29,C,6895A56ACD,1,188,0
FFFFE5,21,6A4,2E,14,5AA8670620,0,233,1
T
AN - 1
A 1
FFFFD3,FFFFEC,CF0,29,C,6895A56ACD,1,188,0
FFFFF1,12,3B8A,2B,B,5AC6DF8F8E,0,234,1
T
AN - 1
A 0
FFFFD3,FFFFEC,CF0,29,C,6895A56ACD,1,188,0
FFFFFB,FFFFEA,5C4,2F,15,5AE55816D9,0,235,1
T
AN - 1
A 1
FFFFD3,FFFFEC,CF0,29,C,6895A56ACD,1,188,0
23,39,38,30,11,5B3D0A04E,0,236,1
T
AN - 1
A 0
FFFFD3,FFFFEC,CF0,29,C,6895A56ACD,1,188,0
23,2A,3A6,2F,13,5B2249298B,0,237,1
T
AN - 1
A 1
FFFFD3,FFFFEC,CF0,29,C,6895A56ACD,1,188,0
2,FFFFEF,3486,2F,F,5B40C1B10D,0,238,1
T
AN - 1
A 0
FFFFD3,FFFFEC,CF0,29,C,6895A56ACD,1,188,0
16,A,252,2C,10,5B5F3A3A4E,0,239,1
T
AN - 1
A 1
FFFFD3,FFFFEC,CF0,29,C,6895A56ACD,1,188,0
10,15,1058,2E,E,5B7DB2C3C6,0,240,1
T
AN - 1
A 0
FFFFD3,FFFFEC,CF0,29,C,6895A56ACD,1,188,0
7,FFFFEC,3F00,2C,F,5B9C2B4D0D,0,241,1
T
AN - 1
A 1
FFFFD3,FFFFEC,CF0,29,C,6895A56ACD,1,188,0
10,19,3FEA,2D,D,5BBAA3D684,0,242,1
T
AN - 1
A 0
FFFFD3,FFFFEC,CF0,29,C,6895A56ACD,1,188,0
19,2F,3D48,2A,F,5BD91C5FC7,0,243,1
T
AN - 1
A 1
FFFFD3,FFFFEC,CF0,29,C,6895A56ACD,1,188,0
B,FFFFFE,AD0,2E,C,5BF794E92F,0,244,1
T
AN - 1
A 0
FFFFD3,FFFFEC,CF0,29,C,6895A56ACD,1,188,0
B,2,3D1E,28,E,5C160D727F,0,245,1
T
AN - 1
A 1
FFFFD3,FFFFEC,CF0,29,C,6895A56ACD,1,188,0
FFFFF3,12,3DF6,2B,C,5C3485FBE6,0,246,1
T
AN - 1
A 0
FFFFD3,FFFFEC,CF0,29,C,6895A56ACD,1,188,0
FFFFFC,A,3E0,2B,F,5C52FE8529,0,247,1
T
AN - 1
A 1
FFFFD3,FFFFEC,CF0,29,C,6895A56ACD,1,188,0
FFFFE1,FFFFFA,3296,2D,D,5C71770E9C,0,248,1
T
AN - 1
A 0
FFFFD3,FFFFEC,CF0,29,C,6895A56ACD,1,188,0
2,FFFFF9,5DC,2B,10,5C8FEF97E3,0,249,1
T
AN - 1
A 1
FFFFD3,FFFFEC,CF0,29,C,6895A56ACD,1,188,0
FFFFFD,FFFFFB,1902,2C,E,5CAE682148,0,250,1
T
AN - 1
A 0
FFFFD3,FFFFEC,CF0,29,C,6895A56ACD,1,188,0
FFFFFC,FFFFFE,D00,2C,F,5CCCE0AA9C,0,251,1
T
AN - 1
A 1
FFFFD3,FFFFEC,CF0,29,C,6895A56ACD,1,188,0
4,C,31E6,2B,C,5CEB59340F,0,252,1
T
AN - 1
A 0
FFFFD3,FFFFEC,CF0,29,C,6895A56ACD,1,188,0
FFFFED,FFFFF5,1592,29,F,5D9D1BD58,0,253,1
T
AN - 1
A 1
FFFFD3,FFFFEC,CF0,29,C,6895A56ACD,1,188,0
FFFFE4,1,29B4,30,E,5D284A46CC,0,254,1
T
AN - 1
A 0
FFFFD3,FFFFEC,CF0,29,C,6895A56ACD,1,188,0
FFFFF8,FFFFF9,2D22,2D,11,5D46C2D010,0,255,1
T
AN - 1
A 1
FFFFD3,FFFFEC,CF0,29,C,6895A56ACD,1,188,0
14,E,15EA,2C,D,5D653B5987,0,0,1
T
AN - 1
A 0
FFFFD3,FFFFEC,CF0,29,C,6895A56ACD,1,188,0
7,1E,36E6,2B,10,5D83B3E2CC,0,1,1
T
AN - 1
A 1
FFFFD3,FFFFEC,CF0,29,C,6895A56ACD,1,188,0
FFFFF6,A,30C0,2B,A,5DA22C6C4B,0,2,1
T
AN - 1
A 0
FFFFD3,FFFFEC,CF0,29,C,6895A56ACD,1,188,0
20,1A,3AD4,29,10,5DC0A4F572,0,3,1
T
AN - 1
A 1
FFFFD3,FFFFEC,CF0,29,C,6895A56ACD,1,188,0
A,3,276C,2F,D,5DDF1D7CF6,0,4,1
T
AN - 1
A 0
FFFFD3,FFFFEC,CF0,29,C,6895A56ACD,1,188,0
8,FFFFF5,3DA6,2C,11,5DFD960644,0,5,1
T
AN - 1
A 1
FFFFD3,FFFFEC,CF0,29,C,6895A56ACD,1,188,0
2,2F,B52,2C,C,5E1C0E8FC1,0,6,1
T
AN - 1
A 0
FFFFD3,FFFFEC,CF0,29,C,6895A56ACD,1,188,0
12,7,3EAE,29,E,5E3A8718FF,0,7,1
T
AN - 1
A 1
FFFFD3,FFFFEC,CF0,29,C,6895A56ACD,1,188,0
FFFFEF,FFFFF0,30,2C,C,5E58FFA267,0,8,1
T
AN - 1
A 0
FFFFD3,FFFFEC,CF0,29,C,6895A56ACD,1,188,0
FFFFD5,FFFFE1,66C,2E,14,5E77782BAA,0,9,1
T
AN - 1
A 1
FFFFD3,FFFFEC,CF0,29,C,6895A56ACD,1,188,0
11,FFFFEE,A58,2C,C,5E95F0B322,0,10,1
T
AN - 1
A 0
FFFFD3,FFFFEC,CF0,29,C,6895A56ACD,1,188,0
FFFFEF,FFFFE1,47E,2E,14,5EB4693C60,0,11,1
T
AN - 1
A 1
FFFFD3,FFFFEC,CF0,29,C,6895A56ACD,1,188,0
FFFFF5,2,38AC,2C,C,5ED2E1C5CF,0,12,1
T
AN - 1
A 0
FFFFD3,FFFFEC,CF0,29,C,6895A56ACD,1,188,0
FFFFE9,FFFFDD,604,2F,15,5EF15A4F18,0,13,1
T
AN - 1
A 1
FFFFD3,FFFFEC,CF0,29,C,6895A56ACD,1,188,0
15,6,148,2C,D,5FFD2D88E,0,14,1
T
AN - 1
A 0
FFFFD3,FFFFEC,CF0,29,C,6895A56ACD,1,188,0
11,FFFFFC,69C,28,E,5F2E4B61CF,0,15,1
T
AN - 1
A 1
FFFFD3,FFFFEC,CF0,29,C,6895A56ACD,1,188,0
FFFFFC,C,D80,30,10,5F4CC3EB4A,0,16,1
T
AN - 1
A 0
FFFFD3,FFFFEC,CF0,29,C,6895A56ACD,1,188,0
FFFFF4,FFFFFF,802,2E,14,5F6B3C7490,0,17,1
T
AN - 1
A 1
FFFFD3,FFFFEC,CF0,29,C,6895A56ACD,1,188,0
FFFFD1,FFFFC7,26FE,2E,E,5F89B4FE10,0,18,1
T
AN - 1
A 0
FFFFD3,FFFFEC,CF0,29,C,6895A56ACD,1,188,0
11,7,71C,2A,F,5FA82D874C,0,19,1
T
AN - 1
A 1
FFFFD3,FFFFEC,CF0,29,C,6895A56ACD,1,188,0
FFFFFF,6,31CA,29,A,5FC6A610C3,0,20,1
T
AN - 1
A 0
FFFFD3,FFFFEC,CF0,29,C,6895A56ACD,1,188,0
FFFFEB,FFFFEB,9E8,2E,13,5FE51E9A08,0,21,1
T
AN - 1
A 1
FFFFD3,FFFFEC,CF0,29,C,6895A56ACD,1,188,0
4,0,3A42,2D,C,603972375,0,22,1
T
AN - 1
A 0
FFFFD3,FFFFEC,CF0,29,C,6895A56ACD,1,188,0
FFFFFA,5,820,2D,12,60220FACC1,0,23,1
T
AN - 1
A 1
FFFFD3,FFFFEC,CF0,29,C,6895A56ACD,1,188,0
1,FFFFC8,2E12,2A,A,6040883633,0,24,1
T
AN - 1
A 0
FFFFD3,FFFFEC,CF0,29,C,6895A56ACD,1,188,0
FFFFFB,10,13BC,29,F,605F00BF66,0,25,1
T
AN - 1
A 1
FFFFD3,FFFFEC,CF0,29,C,6895A56ACD,1,188,0
FFFFE1,FFFFFA,3AAA,2D,D,607D7946D6,0,26,1
T
AN - 1
A 0
FFFFD3,FFFFEC,CF0,29,C,6895A56ACD,1,188,0
FFFFEC,FFFFE9,136C,2C,13,609BF1D020,0,27,1
T
AN - 1
A 1
FFFFD3,FFFFEC,CF0,29,C,6895A56ACD,1,188,0
FFFFF5,FFFFF4,2B4A,2F,D,60BA6A598B,0,28,1
T
AN - 1
A 0
FFFFD3,FFFFEC,CF0,29,C,6895A56ACD,1,188,0
1B,FFFFE8,155A,2B,11,60D8E2E0DB,0,29,1
T
AN - 1
A 1
FFFFD3,FFFFEC,CF0,29,C,6895A56ACD,1,188,0
FFFFFD,FFFFF9,345E,29,A,60F75B6A50,0,30,1
T
AN - 1
A 0
FFFFD3,FFFFEC,CF0,29,C,6895A56ACD,1,188,0
0,1C,140C,2E,13,6115D3F396,0,31,1
T
AN - 1
A 1
FFFFD3,FFFFEC,CF0,29,C,6895A56ACD,1,188,0
A,FFFFD8,88,2E,F,61344C7B0A,0,32,1
T
AN - 1
A 0
FFFFD3,FFFFEC,CF0,29,C,6895A56ACD,1,188,0
FFFFF5,FFFFF8,F4E,28,E,6152C5044D,0,33,1
T
AN - 1
A 1
FFFFD3,FFFFEC,CF0,29,C,6895A56ACD,1,188,0
15,12,3FB8,2D,E,61713D8DCA,0,34,1
T
AN - 1
A 0
FFFFD3,FFFFEC,CF0,29,C,6895A56ACD,1,188,0
6,9,828,30,16,618FB61709,0,35,1
T
AN - 1
A 1
FFFFD3,FFFFEC,CF0,29,C,6895A56ACD,1,188,0
FFFFED,8,636,2C,B,61AE2EA081,0,36,1
T
AN - 1
A 0
FFFFD3,FFFFEC,CF0,29,C,6895A56ACD,1,188,0
7,11,5A6,2F,14,61CCA729C7,0,37,1
T
AN - 1
A 1
FFFFD3,FFFFEC,CF0,29,C,6895A56ACD,1,188,0
0,10,3286,2C,C,61EB1FB337,0,38,1
T
AN - 1
A 0
FFFFD3,FFFFEC,CF0,29,C,6895A56ACD,1,188,0
56,21,3ED6,31,15,629983C78,0,39,1
T
AN - 1
A 1
FFFFD3,FFFFEC,CF0,29,C,6895A56ACD,1,188,0
FFFFF8,FFFFD1,3320,29,B,622810C5F4,0,40,1
T
AN - 1
A 0
FFFFD3,FFFFEC,CF0,29,C,6895A56ACD,1,188,0
7,FFFFF9,3306,2E,11,6246894F30,0,41,1
T
AN - 1
A 1
FFFFD3,FFFFEC,CF0,29,C,6895A56ACD,1,188,0
8,24,C88,2F,F,626501D890,0,42,1
T
AN - 1
A 0
FFFFD3,FFFFEC,CF0,29,C,6895A56ACD,1,188,0
FFFFF3,FFFFEF,1734,2B,E,62837A61DB,0,43,1
T
AN - 1
A 1
FFFFD3,FFFFEC,CF0,29,C,6895A56ACD,1,188,0
FFFFFA,1,E46,29,B,62A1F2EB4C,0,44,1
T
AN - 1
A 0
FFFFD3,FFFFEC,CF0,29,C,6895A56ACD,1,188,0
2,1A,12E4,2D,13,62C06B7490,0,45,1
T
AN - 1
A 1
FFFFD3,FFFFEC,CF0,29,C,6895A56ACD,1,188,0
15,FFFFEA,1640,2A,B,62DEE3FE0C,0,46,1
T
AN - 1
A 0
FFFFD3,FFFFEC,CF0,29,C,6895A56ACD,1,188,0
5,B,BF0,2E,13,62FD5C8752,0,47,1
T
AN - 1
A 1
FFFFD3,FFFFEC,CF0,29,C,6895A56ACD,1,188,0
1F,2,162A,2F,E,631BD510C2,0,48,1
T
AN - 1
A 0
FFFFD3,FFFFEC,CF0,29,C,6895A56ACD,1,188,0
13,FFFFFA,226,2F,15,633A4D9A05,0,49,1
T
AN - 1
A 1
FFFFD3,FFFFEC,CF0,29,C,6895A56ACD,1,188,0
B,12,A8,30,F,6358C62379,0,50,1
T
AN - 1
A 0
FFFFD3,FFFFEC,CF0,29,C,6895A56ACD,1,188,0
4B,5A,39FC,2F,14,63773EACBD,0,51,1
T
AN - 1
A 1
FFFFD3,FFFFEC,CF0,29,C,6895A56ACD,1,188,0
10,1D,394,29,9,6395B7362C,0,52,1
T
AN - 1
A 0
FFFFD3,FFFFEC,CF0,29,C,6895A56ACD,1,188,0
FFFFEF,14,38F2,28,D,63B42FBF81,0,53,1
T
AN - 1
A 1
FFFFD3,FFFFEC,CF0,29,C,6895A56ACD,1,188,0
1F,FFFFEF,319E,2A,B,63D2A846DC,0,54,1
T
AN - 1
A 0
FFFFD3,FFFFEC,CF0,29,C,6895A56ACD,1,188,0
2A,7,2D62,29,F,63F120D02D,0,55,1
T
AN - 1
A 1
FFFFD3,FFFFEC,CF0,29,C,6895A56ACD,1,188,0
D,9,B5A,2B,D,64F9959A0,0,56,1
T
AN - 1
A 0
FFFFD3,FFFFEC,CF0,29,C,6895A56ACD,1,188,0
18,29,18CA,2F,13,642E11E0D1,0,57,1
T
AN - 1
A 1
FFFFD3,FFFFEC,CF0,29,C,6895A56ACD,1,188,0
4,FFFFFE,3B92,2E,C,644C8A6A4C,0,58,1
T
AN - 1
A 0
FFFFD3,FFFFEC,CF0,29,C,6895A56ACD,1,188,0
7,FFFFFF,159A,2B,11,646B02F396,0,59,1
T
AN - 1
A 1
FFFFD3,FFFFEC,CF0,29,C,6895A56ACD,1,188,0
FFFFF6,1,2830,2D,E,64897B7B0C,0,60,1
T
AN - 1
A 0
FFFFD3,FFFFEC,CF0,29,C,6895A56ACD,1,188,0
FFFFFA,FFFFF7,FE8,2C,12,64A7F4044C,0,61,1
T
AN - 1
A 1
FFFFD3,FFFFEC,CF0,29,C,6895A56ACD,1,188,0
18,2A,526,2C,B,64C66C8DC5,0,62,1
T
AN - 1
A 0
FFFFD3,FFFFEC,CF0,29,C,6895A56ACD,1,188,0
FFFFF2,7,EFC,2C,12,64E4E51707,0,63,1
T
AN - 1
A 1
FFFFD3,FFFFEC,CF0,29,C,6895A56ACD,1,188,0
8,FFFFF2,354C,2F,E,6535DA085,0,64,1
T
AN - 1
A 0
FFFFD3,FFFFEC,CF0,29,C,6895A56ACD,1,188,0
FFFFFA,FFFFF4,10F8,2B,10,6521D629CA,0,65,1
T
AN - 1
A 1
FFFFD3,FFFFEC,CF0,29,C,6895A56ACD,1,188,0
9,FFFFF0,0,2F,F,65404EB337,0,66,1
T
AN - 1
A 0
FFFFD3,FFFFEC,CF0,29,C,6895A56ACD,1,188,0
FFFFB5,FFFFF9,11D4,2F,13,655EC73C76,0,67,1
T
AN - 1
A 1
FFFFD3,FFFFEC,CF0,29,C,6895A56ACD,1,188,0
7,2,2796,29,A,657D3FC5F9,0,68,1
T
AN - 1
A 0
FFFFD3,FFFFEC,CF0,29,C,6895A56ACD,1,188,0
B,FFFFFA,754,30,13,659BB84F2F,0,69,1
T
AN - 1
A 1
FFFFD3,FFFFEC,CF0,29,C,6895A56ACD,1,188,0
FFFFC7,FFFFF6,315A,30,12,65BA30D894,0,70,1
T
AN - 1
A 0
FFFFD3,FFFFEC,CF0,29,C,6895A56ACD,1,188,0
0,FFFFF6,A5A,2D,F,65D8A961EC,0,71,1
T
AN - 1
A 1
FFFFD3,FFFFEC,CF0,29,C,6895A56ACD,1,188,0
0,2,3F08,2F,F,65F721EB50,0,72,1
T
AN - 1
A 0
FFFFD3,FFFFEC,CF0,29,C,6895A56ACD,1,188,0
FFFFE4,FFFFF3,13DC,2E,13,66159A7495,0,73,1
T
AN - 1
A 1
FFFFD3,FFFFEC,CF0,29,C,6895A56ACD,1,188,0
E,23,C14,29,D,663412FE13,0,74,1
T
AN - 1
A 0
FFFFD3,FFFFEC,CF0,29,C,6895A56ACD,1,188,0
1,C,15F2,28,D,66528B8751,0,75,1
T
AN - 1
A 1
FFFFD3,FFFFEC,CF0,29,C,6895A56ACD,1,188,0
0,FFFFFC,3EB6,2A,C,66710410C9,0,76,1
T
AN - 1
A 0
FFFFD3,FFFFEC,CF0,29,C,6895A56ACD,1,188,0
FFFFE1,FFFFBB,14AA,29,F,668F7C9A0D,0,77,1
T
AN - 1
A 1
FFFFD3,FFFFEC,CF0,29,C,6895A56ACD,1,188,0
F,6,3D4,2C,B,66ADF52382,0,78,1
T
AN - 1
A 0
FFFFD3,FFFFEC,CF0,29,C,6895A56ACD,1,188,0
1,FFFFF5,137C,2E,13,66CC6DAAC8,0,79,1
T
AN - 1
A 1
FFFFD3,FFFFEC,CF0,29,C,6895A56ACD,1,188,0
0,13,C68,2F,E,66EAE63447,0,80,1
T
AN - 1
A 0
FFFFD3,FFFFEC,CF0,29,C,6895A56ACD,1,188,0
1D,FFFFFF,E42,29,D,6795EBD8A,0,81,1
T
AN - 1
A 1
FFFFD3,FFFFEC,CF0,29,C,6895A56ACD,1,188,0
FFFFD9,FFFFF6,20,2F,E,6727D744EF,0,82,1
T
AN - 1
A 0
FFFFD3,FFFFEC,CF0,29,C,6895A56ACD,1,188,0
12,11,9A6,2B,10,67464FCE45,0,83,1
T
AN - 1
A 1
FFFFD3,FFFFEC,CF0,29,C,6895A56ACD,1,188,0
2C,34,4C4,30,E,6764C857A0,0,84,1
T
AN - 1
A 0
FFFFD3,FFFFEC,CF0,29,C,6895A56ACD,1,188,0
FFFFFE,FFFFD1,B46,2A,E,678340DEF2,0,85,1
T
AN - 1
A 1
FFFFD3,FFFFEC,CF0,29,C,6895A56ACD,1,188,0
FFFFF1,FFFFE3,D68,2C,D,67A1B9685F,0,86,1
T
AN - 1
A 0
FFFFD3,FFFFEC,CF0,29,C,6895A56ACD,1,188,0
7,7,BD8,2E,10,67C031F1A8,0,87,1
T
AN - 1
A 1
FFFFD3,FFFFEC,CF0,29,C,6895A56ACD,1,188,0
2,FFFFFD,1802,2B,D,67DEAA790C,0,88,1
T
AN - 1
A 0
FFFFD3,FFFFEC,CF0,29,C,6895A56ACD,1,188,0
FFFFFF,5,152A,2F,15,67FD23025B,0,89,1
T
AN - 1
A 1
FFFFD3,FFFFEC,CF0,29,C,6895A56ACD,1,188,0
9,2,F22,2A,B,681B9B8BCF,0,90,1
T
AN - 1
A 0
FFFFD3,FFFFEC,CF0,29,C,6895A56ACD,1,188,0
FFFFE0,FFFFD8,17BA,2D,10,683A14151A,0,91,1
T
AN - 1
A 1
FFFFD3,FFFFEC,CF0,29,C,6895A56ACD,1,188,0
FFFFDC,FFFFE0,1808,29,C,68588C9E8E,0,92,1
T
AN - 1
A 0
FFFFD3,FFFFEC,CF0,29,C,6895A56ACD,1,188,0
FFFFE4,FFFFFD,29D6,29,D,68770527D2,0,93,1
T
AN - 1
A 1
FFFFD3,FFFFEC,CF0,29,C,6895A56ACD,1,188,0
B,FFFFEA,37D4,2A,B,68957DB14D,0,94,1
T
AN - 1
A 0
FFFFD3,FFFFEC,CF0,29,C,6895A56ACD,1,188,0
16,2,2E20,2F,13,68B3F63A91,0,95,1
T
AN - 1
A 1
FFFFD3,FFFFEC,CF0,29,C,6895A56ACD,1,188,0
FFFFF7,10,5E4,29,A,68D26EC3FF,0,96,1
T
AN - 1
A 0
FFFFD3,FFFFEC,CF0,29,C,6895A56ACD,1,188,0
5,8,31EC,29,F,68F0E74D4B,0,97,1
T
AN - 1
A 1
FFFFD3,FFFFEC,CF0,29,C,6895A56ACD,1,188,0
23,22,111E,2A,B,69F5FD6BD,0,98,1
T
AN - 1
A 0
FFFFD3,FFFFEC,CF0,29,C,6895A56ACD,1,188,0
7,29,3336,2A,F,692DD86006,0,99,1
T
AN - 1
A 1
FFFFD3,FFFFEC,CF0,29,C,6895A56ACD,1,188,0
FFFFFA,20,0,2C,D,694C50E96F,0,100,1
T
AN - 1
A 0
FFFFD3,FFFFEC,CF0,29,C,6895A56ACD,1,188,0
4C,22,3814,2B,11,696AC972B6,0,101,1
T
AN - 1
A 1
FFFFD3,FFFFEC,CF0,29,C,6895A56ACD,1,188,0
E,FFFFE6,DC8,30,10,698941FC19,0,102,1
T
AN - 1
A 0
FFFFD3,FFFFEC,CF0,29,C,6895A56ACD,1,188,0
1D,FFFFF8,38C4,2A,10,69A7BA8562,0,103,1
T
AN - 1
A 1
FFFFD3,FFFFEC,CF0,29,C,6895A56ACD,1,188,0
FFFFF5,FFFFF1,3D98,2C,D,69C6330CD0,0,104,1
T
AN - 1
A 0
FFFFD3,FFFFEC,CF0,29,C,6895A56ACD,1,188,0
1D,42,393C,2D,13,69E4AB961C,0,105,1
T
AN - 1
A 1
FFFFD3,FFFFEC,CF0,29,C,6895A56ACD,1,188,0
FFFFE9,B,31D6,2B,B,6A3241F87,0,106,1
T
AN - 1
A 0
FFFFD3,FFFFEC,CF0,29,C,6895A56ACD,1,188,0
FFFFF2,43,3E3A,30,16,6A219CA6DA,0,107,1
T
AN - 1
A 1
FFFFD3,FFFFEC,CF0,29,C,6895A56ACD,1,188,0
C,D,1284,2E,E,6A4015304D,0,108,1
T
AN - 1
A 0
FFFFD3,FFFFEC,CF0,29,C,6895A56ACD,1,188,0
21,22,39E4,2D,13,6A5E8DB990,0,109,1
T
AN - 1
A 1
FFFFD3,FFFFEC,CF0,29,C,6895A56ACD,1,188,0
FFFFE9,FFFFE8,26EE,2D,D,6A7D06410C,0,110,1
T
AN - 1
A 0
FFFFD3,FFFFEC,CF0,29,C,6895A56ACD,1,188,0
FFFFF3,FFFFEE,386E,2B,10,6A9B7ECA4C,0,111,1
T
AN - 1
A 1
FFFFD3,FFFFEC,CF0,29,C,6895A56ACD,1,188,0
FFFFE9,FFFFF2,306A,2A,9,6AB9F753CC,0,112,1
T
AN - 1
A 0
FFFFD3,FFFFEC,CF0,29,C,6895A56ACD,1,188,0
FFFFF9,1,3148,2E,12,6AD86FDD0A,0,113,1
T
AN - 1
A 1
FFFFD3,FFFFEC,CF0,29,C,6895A56ACD,1,188,0
FFFFEE,FFFFDF,D90,31,10,6AF6E86674,0,114,1
T
AN - 1
A 0
FFFFD3,FFFFEC,CF0,29,C,6895A56ACD,1,188,0
8,3F,2BFA,2B,11,6B1560EFBF,0,115,1
T
AN - 1
A 1
FFFFD3,FFFFEC,CF0,29,C,6895A56ACD,1,188,0
FFFFE9,FFFFF7,190A,31,10,6B33D9772A,0,116,1
T
AN - 1
A 0
FFFFD3,FFFFEC,CF0,29,C,6895A56ACD,1,188,0
3F,12,2F26,2B,F,6B5252007D,0,117,1
T
AN - 1
A 1
FFFFD3,FFFFEC,CF0,29,C,6895A56ACD,1,188,0
FFFFE9,FFFFD7,31EE,2E,E,6B70CA89E9,0,118,1
T
AN - 1
A 0
FFFFD3,FFFFEC,CF0,29,C,6895A56ACD,1,188,0
FFFFFA,2,304A,2E,10,6B8F43132F,0,119,1
T
AN - 1
A 1
FFFFD3,FFFFEC,CF0,29,C,6895A56ACD,1,188,0
FFFFE2,FFFFDD,1652,2F,F,6BADBB9C8F,0,120,1
T
AN - 1
A 0
FFFFD3,FFFFEC,CF0,29,C,6895A56ACD,1,188,0
FFFFFB,F,3448,28,B,6BCC3425DE,0,121,1
T
AN - 1
A 1
FFFFD3,FFFFEC,CF0,29,C,6895A56ACD,1,188,0
FFFFFC,17,81C,2A,9,6BEAACAF51,0,122,1
T
AN - 1
A 0
FFFFD3,FFFFEC,CF0,29,C,6895A56ACD,1,188,0
17,FFFFFC,3A8A,2A,F,6C9253893,0,123,1
T
AN - 1
A 1
FFFFD3,FFFFEC,CF0,29,C,6895A56ACD,1,188,0
C,FFFFFE,FD8,2C,D,6C279DC20D,0,124,1
T
AN - 1
A 0
FFFFD3,FFFFEC,CF0,29,C,6895A56ACD,1,188,0
FFFFEF,E,31C0,2A,D,6C46164B54,0,125,1
T
AN - 1
A 1
FFFFD3,FFFFEC,CF0,29,C,6895A56ACD,1,188,0
FFFFF2,4,17E0,2A,B,6C648ED4C4,0,126,1
T
AN - 1
A 0
FFFFD3,FFFFEC,CF0,29,C,6895A56ACD,1,188,0
FFFFFE,2A,2FAE,2D,12,6C83075E11,0,127,1
T
AN - 1
A 1
FFFFD3,FFFFEC,CF0,29,C,6895A56ACD,1,188,0
7,2F,27C,2B,C,6CA17FE78A,0,128,1
T
AN - 1
A 0
FFFFD3,FFFFEC,CF0,29,C,6895A56ACD,1,188,0
2A,FFFFEC,2A26,2D,11,6CBFF870CA,0,129,1
T
AN - 1
A 1
FFFFD3,FFFFEC,CF0,29,C,6895A56ACD,1,188,0
FFFFED,FFFFFD,2CCA,30,D,6CDE70FA2D,0,130,1
T
AN - 1
A 0
FFFFD3,FFFFEC,CF0,29,C,6895A56ACD,1,188,0
FFFFEB,FFFFDB,142C,2A,10,6CFCE98380,0,131,1
T
AN - 1
A 1
FFFFD3,FFFFEC,CF0,29,C,6895A56ACD,1,188,0
8,D,E60,2D,D,6D1B620AFE,0,132,1
T
AN - 1
A 0
FFFFD3,FFFFEC,CF0,29,C,6895A56ACD,1,188,0
FFFFEB,1B,12CC,2F,14,6D39DA9430,0,133,1
T
AN - 1
A 1
FFFFD3,FFFFEC,CF0,29,C,6895A56ACD,1,188,0
FFFFF4,6,3B32,2B,B,6D58531D93,0,134,1
T
AN - 1
A 0
FFFFD3,FFFFEC,CF0,29,C,6895A56ACD,1,188,0
27,FFFFF0,1472,2C,11,6D76CBA4D6,0,135,1
T
AN - 1
A 1
FFFFD3,FFFFEC,CF0,29,C,6895A56ACD,1,188,0
6,7,116,30,11,6D95442E50,0,136,1
T
AN - 1
A 0
FFFFD3,FFFFEC,CF0,29,C,6895A56ACD,1,188,0
5,3,812,2B,10,6DB3BCB7A1,0,137,1
T
AN - 1
A 1
FFFFD3,FFFFEC,CF0,29,C,6895A56ACD,1,188,0
FFFFE5,FFFFF9,2CBA,2B,B,6DD2353F10,0,138,1
T
AN - 1
A 0
FFFFD3,FFFFEC,CF0,29,C,6895A56ACD,1,188,0
FFFFF7,FFFFFE,8B8,2E,12,6DF0ADC855,0,139,1
T
AN - 1
A 1
FFFFD3,FFFFEC,CF0,29,C,6895A56ACD,1,188,0
6,6,31DE,29,A,6EF2651C8,0,140,1
T
AN - 1
A 0
FFFFD3,FFFFEC,CF0,29,C,6895A56ACD,1,188,0
F,D,206,2F,14,6E2D9EDB07,0,141,1
T
AN - 1
A 1
FFFFD3,FFFFEC,CF0,29,C,6895A56ACD,1,188,0
3,FFFFF1,10B0,2F,F,6E4C176488,0,142,1
T
AN - 1
A 0
FFFFD3,FFFFEC,CF0,29,C,6895A56ACD,1,188,0
10,39,3BB0,2C,13,6E6A8FEDC8,0,143,1
T
AN - 1
A 1
FFFFD3,FFFFEC,CF0,29,C,6895A56ACD,1,188,0
7,FFFFEE,3C00,2C,C,6E89087736,0,144,1
T
AN - 1
A 0
FFFFD3,FFFFEC,CF0,29,C,6895A56ACD,1,188,0
FFFFF6,18,3124,2B,10,6EA7810088,0,145,1
T
AN - 1
A 1
FFFFD3,FFFFEC,CF0,29,C,6895A56ACD,1,188,0
9,FFFFFA,3DA6,2D,D,6EC5F989E4,0,146,1
T
AN - 1
A 0
FFFFD3,FFFFEC,CF0,29,C,6895A56ACD,1,188,0
FFFFEF,4,2916,29,D,6EE472133E,0,147,1
T
AN - 1
A 1
FFFFD3,FFFFEC,CF0,29,C,6895A56ACD,1,188,0
FFFFEA,FFFFE2,2814,2A,C,6F2EA9CA2,0,148,1
T
AN - 1
A 0
FFFFD3,FFFFEC,CF0,29,C,6895A56ACD,1,188,0
FFFFFB,FFFFE0,144C,2A,10,6F216325DF,0,149,1
T
AN - 1
A 1
FFFFD3,FFFFEC,CF0,29,C,6895A56ACD,1,188,0
31,28,1E0,30,10,6F3FDBAF51,0,150,1
T
AN - 1
A 0
FFFFD3,FFFFEC,CF0,29,C,6895A56ACD,1,188,0
FFFFC3,FFFFF5,133E,2E,12,6F5E543896,0,151,1
T
AN - 1
A 1
FFFFD3,FFFFEC,CF0,29,C,6895A56ACD,1,188,0
FFFFF9,3,3466,2F,F,6F7CCCC20F,0,152,1
T
AN - 1
A 0
FFFFD3,FFFFEC,CF0,29,C,6895A56ACD,1,188,0
C,10,153A,2F,15,6F9B454B53,0,153,1
T
AN - 1
A 1
FFFFD3,FFFFEC,CF0,29,C,6895A56ACD,1,188,0
FFFFF5,FFFFFC,15AA,29,B,6FB9BDD2C2,0,154,1
T
AN - 1
A 0
FFFFD3,FFFFEC,CF0,29,C,6895A56ACD,1,188,0
1,FFFFBC,1454,29,F,6FD8365C0E,0,155,1
T
AN - 1
A 1
FFFFD3,FFFFEC,CF0,29,C,6895A56ACD,1,188,0
FFFFFB,FFFFE9,3108,2B,B,6FF6AEE586,0,156,1
T
AN - 1
A 0
FFFFD3,FFFFEC,CF0,29,C,6895A56ACD,1,188,0
22,3,1582,2B,10,7015276ECE,0,157,1
T
AN - 1
A 1
FFFFD3,FFFFEC,CF0,29,C,6895A56ACD,1,188,0
FFFFDD,FFFFF3,3E7E,2C,C,70339FF83C,0,158,1
T
AN - 1
A 0
FFFFD3,FFFFEC,CF0,29,C,6895A56ACD,1,188,0
FFFFF5,FFFFF0,28E0,2B,E,705218818B,0,159,1
T
AN - 1
A 1
FFFFD3,FFFFEC,CF0,29,C,6895A56ACD,1,188,0
D,FFFFDF,2D1A,2A,9,70709108FE,0,160,1
T
AN - 1
A 0
FFFFD3,FFFFEC,CF0,29,C,6895A56ACD,1,188,0
E,15,2AC4,2B,10,708F099243,0,161,1
T
AN - 1
A 1
FFFFD3,FFFFEC,CF0,29,C,6895A56ACD,1,188,0
FFFFF7,FFFFF3,132C,2D,D,70AD821BAB,0,162,1
T
AN - 1
A 0
FFFFD3,FFFFEC,CF0,29,C,6895A56ACD,1,188,0
10,7,2B90,2E,11,70CBFAA2F6,0,163,1
T
AN - 1
A 1
FFFFD3,FFFFEC,CF0,29,C,6895A56ACD,1,188,0
FFFFE3,FFFFE6,286E,2F,E,70EA732C5C,0,164,1
T
AN - 0
AN - 1
A 0
6,C,2EB8,29,A,3B9F4E7F8F,1,1,0
7,FFFFE7,3260,2F,14,7183973706,0,1,1
T
AN - 1
A 1
6,C,2EB8,29,A,3B9F4E7F8F,1,1,0
FFFFF7,FFFFE5,33A0,2A,A,71A20FC089,0,2,1
T
AN - 1
A 0
6,C,2EB8,29,A,3B9F4E7F8F,1,1,0
FFFFDA,FFFFFB,276E,2E,12,71C08849C8,0,3,1
T
AN - 1
A 1
6,C,2EB8,29,A,3B9F4E7F8F,1,1,0
C,FFFFFC,30C6,29,B,71DF00D33A,0,4,1
T
AN - 1
A 0
6,C,2EB8,29,A,3B9F4E7F8F,1,1,0
FFFFEA,E,13FC,2B,11,71FD795C6B,0,5,1
T
AN - 1
A 1
6,C,2EB8,29,A,3B9F4E7F8F,1,1,0
FFFFF7,F,3BE2,2E,D,721BF1E5D0,0,6,1
T
AN - 1
A 0
6,C,2EB8,29,A,3B9F4E7F8F,1,1,0
FFFFED,1E,155E,29,F,723A6A6F21,0,7,1
T
AN - 1
A 1
6,C,2EB8,29,A,3B9F4E7F8F,1,1,0
FFFFE1,FFFFEA,18BA,2B,C,7258E2F88F,0,8,1
T
AN - 1
A 0
6,C,2EB8,29,A,3B9F4E7F8F,1,1,0
FFFFFD,5,860,2A,10,72775B81DD,0,9,1
T
AN - 1
A 1
6,C,2EB8,29,A,3B9F4E7F8F,1,1,0
FFFFE2,FFFFE5,1874,30,F,7295D40B51,0,10,1
T
AN - 1
A 0
6,C,2EB8,29,A,3B9F4E7F8F,1,1,0
23,4,30,2B,F,72B44C9495,0,11,1
T
AN - 1
A 1
6,C,2EB8,29,A,3B9F4E7F8F,1,1,0
B,FFFFFA,3ED8,2C,C,72D2C51E0E,0,12,1
T
AN - 1
A 0
6,C,2EB8,29,A,3B9F4E7F8F,1,1,0
9,12,2DF0,29,F,72F13DA74C,0,13,1
T
AN - 1
A 1
6,C,2EB8,29,A,3B9F4E7F8F,1,1,0
1,FFFFFF,12E,31,E,73FB630B5,0,14,1
T
AN - 1
A 0
6,C,2EB8,29,A,3B9F4E7F8F,1,1,0
1D,21,2CF8,2F,14,732E2EBA03,0,15,1
T
AN - 1
A 1
6,C,2EB8,29,A,3B9F4E7F8F,1,1,0
FFFFFF,2,2F2C,2D,C,734CA74385,0,16,1
T
AN - 1
A 0
6,C,2EB8,29,A,3B9F4E7F8F,1,1,0
FFFFF1,FFFFF0,2AE2,29,D,736B1FCCBE,0,17,1
T
AN - 1
A 1
6,C,2EB8,29,A,3B9F4E7F8F,1,1,0
FFFFFB,FFFFFD,FCE,2D,D,7389985627,0,18,1
T
AN - 1
A 0
6,C,2EB8,29,A,3B9F4E7F8F,1,1,0
2,FFFFF5,1670,2B,10,73A810DF77,0,19,1
T
AN - 1
A 1
6,C,2EB8,29,A,3B9F4E7F8F,1,1,0
FFFFEC,FFFFED,3EC6,2A,C,73C68966E7,0,20,1
T
AN - 1
A 0
6,C,2EB8,29,A,3B9F4E7F8F,1,1,0
B,2,1474,2F,15,73E501F01D,0,21,1
T
AN - 1
A 1
6,C,2EB8,29,A,3B9F4E7F8F,1,1,0
16,FFFFFC,70,30,10,7437A7996,0,22,1
T
AN - 1
A 0
6,C,2EB8,29,A,3B9F4E7F8F,1,1,0
C,FFFFF2,123C,2F,13,7421F300D3,0,23,1
T
AN - 1
A 1
6,C,2EB8,29,A,3B9F4E7F8F,1,1,0
FFFFEA,0,DC2,29,B,74406B8A45,0,24,1
T
AN - 1
A 0
6,C,2EB8,29,A,3B9F4E7F8F,1,1,0
D,1C,EB6,2F,12,745EE4138A,0,25,1
T
AN - 1
A 1
6,C,2EB8,29,A,3B9F4E7F8F,1,1,0
15,FFFFC7,38BC,2B,C,747D5C9B0C,0,26,1
T
AN - 1
A 0
6,C,2EB8,29,A,3B9F4E7F8F,1,1,0
0,FFFFD5,AF2,2F,12,749BD52449,0,27,1
T
AN - 1
A 1
6,C,2EB8,29,A,3B9F4E7F8F,1,1,0
8,36,3FD8,2C,C,74BA4DADC8,0,28,1
T
AN - 1
A 0
6,C,2EB8,29,A,3B9F4E7F8F,1,1,0
FFFFF1,FFFFF9,A2E,29,F,74D8C6370D,0,29,1
T
AN - 1
A 1
6,C,2EB8,29,A,3B9F4E7F8F,1,1,0
15,21,B18,2E,C,74F73EC084,0,30,1
T
AN - 1
A 0
6,C,2EB8,29,A,3B9F4E7F8F,1,1,0
FFFFFE,FFFFF4,8C8,2C,12,7515B749C3,0,31,1
T
AN - 1
A 1
6,C,2EB8,29,A,3B9F4E7F8F,1,1,0
FFFFD5,FFFFF3,3652,2B,B,75342FD33A,0,32,1
T
AN - 1
A 0
6,C,2EB8,29,A,3B9F4E7F8F,1,1,0
7,F,4F4,2E,13,7552A85C7F,0,33,1
T
AN - 1
A 1
6,C,2EB8,29,A,3B9F4E7F8F,1,1,0
6,FFFFE6,26F6,2B,D,757120E5DC,0,34,1
T
AN - 1
A 0
6,C,2EB8,29,A,3B9F4E7F8F,1,1,0
FFFFFE,D,328,2E,13,758F996F30,0,35,1
T
AN - 1
A 1
6,C,2EB8,29,A,3B9F4E7F8F,1,1,0
FFFFE8,FFFFEE,2C30,2B,A,75AE11F891,0,36,1
T
AN - 1
A 0
6,C,2EB8,29,A,3B9F4E7F8F,1,1,0
D,19,3F48,2D,F,75CC8A81E9,0,37,1
T
AN - 1
A 1
6,C,2EB8,29,A,3B9F4E7F8F,1,1,0
E,1E,D02,31,13,75EB030B53,0,38,1
T
AN - 1
A 0
6,C,2EB8,29,A,3B9F4E7F8F,1,1,0
34,10,3BCC,2E,12,7697B9495,0,39,1
T
AN - 1
A 1
6,C,2EB8,29,A,3B9F4E7F8F,1,1,0
12,13,3944,2B,C,7627F41E0E,0,40,1
T
AN - 1
A 0
6,C,2EB8,29,A,3B9F4E7F8F,1,1,0
B,FFFFEC,3934,2D,13,76466CA74F,0,41,1
T
AN - 1
A 1
6,C,2EB8,29,A,3B9F4E7F8F,1,1,0
FFFFF5,FFFFE2,1804,29,D,7664E530CF,0,42,1
T
AN - 1
A 0
6,C,2EB8,29,A,3B9F4E7F8F,1,1,0
18,3F,3AAA,2C,11,76835DBA0D,0,43,1
T
AN - 1
A 1
6,C,2EB8,29,A,3B9F4E7F8F,1,1,0
FFFFE8,FFFFFC,330E,31,F,76A1D64389,0,44,1
T
AN - 1
A 0
6,C,2EB8,29,A,3B9F4E7F8F,1,1,0
4,1A,35AE,2D,13,76C04ECCC8,0,45,1
T
AN - 1
A 1
6,C,2EB8,29,A,3B9F4E7F8F,1,1,0
FFFFE6,FFFFDA,3D58,2B,B,76DEC7563B,0,46,1
T
AN - 1
A 0
6,C,2EB8,29,A,3B9F4E7F8F,1,1,0
30,F,3686,2F,15,76FD3FDF7D,0,47,1
T
AN - 1
A 1
6,C,2EB8,29,A,3B9F4E7F8F,1,1,0
1,D,3FB8,2D,D,771BB866F1,0,48,1
T
AN - 1
A 0
6,C,2EB8,29,A,3B9F4E7F8F,1,1,0
2A,3,3538,2B,E,773A30F03B,0,49,1
T
AN - 1
A 1
6,C,2EB8,29,A,3B9F4E7F8F,1,1,0
FFFFFF,8,C6A,29,A,7758A979AC,0,50,1
T
AN - 1
A 0
6,C,2EB8,29,A,3B9F4E7F8F,1,1,0
FFFFF0,23,3826,2B,11,77772200E0,0,51,1
T
AN - 1
A 1
6,C,2EB8,29,A,3B9F4E7F8F,1,1,0
FFFFD4,FFFFEC,3D78,2F,F,77959A8A50,0,52,1
T
AN - 1
A 0
6,C,2EB8,29,A,3B9F4E7F8F,1,1,0
FFFFF5,FFFFEC,392C,2C,10,77B4131396,0,53,1
T
AN - 1
A 1
6,C,2EB8,29,A,3B9F4E7F8F,1,1,0
11,19,77C,2C,C,77D28B9B15,0,54,1
T
AN - 1
A 0
6,C,2EB8,29,A,3B9F4E7F8F,1,1,0
2,F,3D20,30,15,77F1042458,0,55,1
T
AN - 1
A 1
6,C,2EB8,29,A,3B9F4E7F8F,1,1,0
FFFFEF,FFFFEC,17DA,2C,D,78F7CADCB,0,56,1
T
AN - 1
A 0
6,C,2EB8,29,A,3B9F4E7F8F,1,1,0
1,18,3CB0,2B,10,782DF53714,0,57,1
T
AN - 1
A 1
6,C,2EB8,29,A,3B9F4E7F8F,1,1,0
16,1,4F6,29,9,784C6DC08B,0,58,1
T
AN - 1
A 0
6,C,2EB8,29,A,3B9F4E7F8F,1,1,0
9,28,3E6A,2F,13,786AE649C9,0,59,1
T
AN - 1
A 1
6,C,2EB8,29,A,3B9F4E7F8F,1,1,0
FFFFFB,9,3604,2B,B,78895ED344,0,60,1
T
AN - 1
A 0
6,C,2EB8,29,A,3B9F4E7F8F,1,1,0
3A,11,3CE4,2D,10,78A7D75C83,0,61,1
T
AN - 1
A 1
6,C,2EB8,29,A,3B9F4E7F8F,1,1,0
F,1D,50,30,F,78C64FE5F8,0,62,1
T
AN - 1
A 0
6,C,2EB8,29,A,3B9F4E7F8F,1,1,0
10,FFFFF9,33E,2A,F,78E4C86F48,0,63,1
T
AN - 1
A 1
6,C,2EB8,29,A,3B9F4E7F8F,1,1,0
FFFFFA,1D,D1E,2F,E,79340F8B3,0,64,1
T
AN - 1
A 0
6,C,2EB8,29,A,3B9F4E7F8F,1,1,0
FFFFD8,FFFFF7,568,29,E,7921B98201,0,65,1
T
AN - 1
A 1
6,C,2EB8,29,A,3B9F4E7F8F,1,1,0
FFFFFF,FFFFEF,3F2E,29,B,7940320B5C,0,66,1
T
AN - 1
A 0
6,C,2EB8,29,A,3B9F4E7F8F,1,1,0
FFFFFE,A,6A2,30,14,795EAA94AA,0,67,1
T
AN - 1
A 1
6,C,2EB8,29,A,3B9F4E7F8F,1,1,0
10,1C,C42,2C,D,797D231E15,0,68,1
T
AN - 1
A 0
6,C,2EB8,29,A,3B9F4E7F8F,1,1,0
FFFFFB,FFFFEC,6EC,2F,13,799B9BA765,0,69,1
T
AN - 1
A 1
6,C,2EB8,29,A,3B9F4E7F8F,1,1,0
FFFFFA,FFFFF1,13FC,2B,C,79BA142ECF,0,70,1
T
AN - 1
A 0
6,C,2EB8,29,A,3B9F4E7F8F,1,1,0
26,1F,3C8,28,D,79D88CB814,0,71,1
T
AN - 1
A 1
6,C,2EB8,29,A,3B9F4E7F8F,1,1,0
FFFFFA,FFFFE8,1892,2E,F,79F705418C,0,72,1
T
AN - 1
A 0
6,C,2EB8,29,A,3B9F4E7F8F,1,1,0
FFFFFC,24,3F4E,2A,E,7A157DC8D6,0,73,1
T
AN - 1
A 1
6,C,2EB8,29,A,3B9F4E7F8F,1,1,0
FFFFF9,FFFFF2,292C,2A,B,7A33F65247,0,74,1
T
AN - 1
A 0
6,C,2EB8,29,A,3B9F4E7F8F,1,1,0
13,10,3C50,2F,16,7A526EDB8C,0,75,1
T
AN - 1
A 1
6,C,2EB8,29,A,3B9F4E7F8F,1,1,0
FFFFE6,FFFFF6,331E,2E,D,7A70E76309,0,76,1
T
AN - 1
A 0
6,C,2EB8,29,A,3B9F4E7F8F,1,1,0
C,4,3336,29,F,7A8F5FEC4C,0,77,1
T
AN - 1
A 1
6,C,2EB8,29,A,3B9F4E7F8F,1,1,0
FFFFE1,FFFFEC,356C,2E,E,7AADD875B7,0,78,1
T
AN - 1
A 0
6,C,2EB8,29,A,3B9F4E7F8F,1,1,0
10,22,2EA8,2A,10,7ACC50FCFE,0,79,1
T
AN - 1
A 1
6,C,2EB8,29,A,3B9F4E7F8F,1,1,0
FFFFE6,E,35D4,30,F,7AEAC98665,0,80,1
T
AN - 1
A 0
6,C,2EB8,29,A,3B9F4E7F8F,1,1,0
2,1E,12CC,2D,12,7B9420FAC,0,81,1
T
AN - 1
A 1
6,C,2EB8,29,A,3B9F4E7F8F,1,1,0
6,FFFFF6,3824,2E,E,7B27BA9713,0,82,1
T
AN - 1
A 0
6,C,2EB8,29,A,3B9F4E7F8F,1,1,0
FFFFD1,4,CE0,29,E,7B4633206C,0,83,1
T
AN - 1
A 1
6,C,2EB8,29,A,3B9F4E7F8F,1,1,0
FFFFFC,FFFFFF,3F36,2F,F,7B64ABA9CC,0,84,1
T
AN - 1
A 0
6,C,2EB8,29,A,3B9F4E7F8F,1,1,0
FFFFFD,15,8C4,2B,10,7B83243313,0,85,1
T
AN - 1
A 1
6,C,2EB8,29,A,3B9F4E7F8F,1,1,0
FFFFDA,FFFFEC,18AA,30,10,7BA19CBC8E,0,86,1
T
AN - 1
A 0
6,C,2EB8,29,A,3B9F4E7F8F,1,1,0
FFFFF7,2D,A0,2D,11,7BC01545D6,0,87,1
T
AN - 1
A 1
6,C,2EB8,29,A,3B9F4E7F8F,1,1,0
1D,4,283E,2A,D,7BDE8DCF4E,0,88,1
T
AN - 1
A 0
6,C,2EB8,29,A,3B9F4E7F8F,1,1,0
14,FFFFF6,3668,2A,10,7BFD06588B,0,89,1
T
AN - 1
A 1
6,C,2EB8,29,A,3B9F4E7F8F,1,1,0
FFFFF0,FFFFE1,2F0A,29,9,7C1B7EE202,0,90,1
T
AN - 1
A 0
6,C,2EB8,29,A,3B9F4E7F8F,1,1,0
4,6,32B6,2D,12,7C39F76B4A,0,91,1
T
AN - 1
A 1
6,C,2EB8,29,A,3B9F4E7F8F,1,1,0
FFFFEB,FFFFFD,CA2,2B,C,7C586FF4C3,0,92,1
T
AN - 1
A 0
6,C,2EB8,29,A,3B9F4E7F8F,1,1,0
24,3E,2CCA,2A,10,7C76E87E06,0,93,1
T
AN - 1
A 1
6,C,2EB8,29,A,3B9F4E7F8F,1,1,0
D,A,37C4,29,A,7C9561077B,0,94,1
T
AN - 1
A 0
6,C,2EB8,29,A,3B9F4E7F8F,1,1,0
FFFFEC,FFFFED,28E4,2A,D,7CB3D990B1,0,95,1
T
AN - 1
A 1
6,C,2EB8,29,A,3B9F4E7F8F,1,1,0
FFFFE8,27,116,2E,E,7CD2521A23,0,96,1
T
AN - 1
A 0
6,C,2EB8,29,A,3B9F4E7F8F,1,1,0
32,2D,294A,2D,12,7CF0CAA364,0,97,1
T
AN - 1
A 1
6,C,2EB8,29,A,3B9F4E7F8F,1,1,0
FFFFF0,4,319A,2E,10,7DF432AD3,0,98,1
T
AN - 1
A 0
6,C,2EB8,29,A,3B9F4E7F8F,1,1,0
1E,3D,2D00,2C,12,7D2DBBB41C,0,99,1
T
AN - 1
A 1
6,C,2EB8,29,A,3B9F4E7F8F,1,1,0
6,FFFFE2,2826,2E,F,7D4C343D8B,0,100,1
T
AN - 1
A 0
6,C,2EB8,29,A,3B9F4E7F8F,1,1,0
FFFFF2,FFFFE9,2EBA,2B,10,7D6AACC4D0,0,101,1
T
AN - 1
A 1
6,C,2EB8,29,A,3B9F4E7F8F,1,1,0
FFFFFB,C,118,2D,D,7D89254E4E,0,102,1
T
AN - 1
A 0
6,C,2EB8,29,A,3B9F4E7F8F,1,1,0
FFFFF8,FFFFFD,1874,2F,13,7DA79DD789,0,103,1
T
AN - 1
A 1
6,C,2EB8,29,A,3B9F4E7F8F,1,1,0
FFFFD7,FFFFF8,3450,2B,B,7DC6165F0B,0,104,1
T
AN - 1
A 0
6,C,2EB8,29,A,3B9F4E7F8F,1,1,0
1,15,160A,2B,12,7DE48EE84A,0,105,1
T
AN - 1
A 1
6,C,2EB8,29,A,3B9F4E7F8F,1,1,0
13,2,EC8,2C,C,7E30771C6,0,106,1
T
AN - 1
A 0
6,C,2EB8,29,A,3B9F4E7F8F,1,1,0
1,10,9A0,2B,11,7E217FFB08,0,107,1
T
AN - 1
A 1
6,C,2EB8,29,A,3B9F4E7F8F,1,1,0
3,FFFFDF,12BE,2E,E,7E3FF88470,0,108,1
T
AN - 1
A 0
6,C,2EB8,29,A,3B9F4E7F8F,1,1,0
3,1E,4B4,30,16,7E5E710DB8,0,109,1
T
AN - 1
A 1
6,C,2EB8,29,A,3B9F4E7F8F,1,1,0
FFFFF6,FFFFE1,3D50,2A,A,7E7CE99520,0,110,1
T
AN - 1
A 0
6,C,2EB8,29,A,3B9F4E7F8F,1,1,0
41,1,3A2A,29,F,7E9B621E61,0,111,1
T
AN - 1
A 1
6,C,2EB8,29,A,3B9F4E7F8F,1,1,0
FFFFDA,10,80,2B,C,7EB9DAA7D2,0,112,1
T
AN - 1
A 0
6,C,2EB8,29,A,3B9F4E7F8F,1,1,0
21,1C,3A46,2D,11,7ED8533117,0,113,1
T
AN - 1
A 1
6,C,2EB8,29,A,3B9F4E7F8F,1,1,0
FFFFF4,FFFFF5,2CBA,30,D,7EF6CBBA85,0,114,1
T
AN - 1
A 0
6,C,2EB8,29,A,3B9F4E7F8F,1,1,0
16,FFFFF7,2F8E,28,F,7F154443D5,0,115,1
T
AN - 1
A 1
6,C,2EB8,29,A,3B9F4E7F8F,1,1,0
2E,FFFFF9,75C,2A,A,7F33BCCD4B,0,116,1
T
AN - 1
A 0
6,C,2EB8,29,A,3B9F4E7F8F,1,1,0
FFFFC4,FFFFD7,183A,2C,F,7F52355693,0,117,1
T
AN - 1
A 1
6,C,2EB8,29,A,3B9F4E7F8F,1,1,0
FFFFD4,FFFFB9,2F9A,2E,C,7F70ADE00B,0,118,1
T
AN - 1
A 0
6,C,2EB8,29,A,3B9F4E7F8F,1,1,0
2B,5,12BC,2D,13,7F8F266949,0,119,1
T
AN - 1
A 1
6,C,2EB8,29,A,3B9F4E7F8F,1,1,0
FFFFE7,FFFFFC,B40,2F,E,7FAD9EF2C2,0,120,1
T
AN - 1
A 0
6,C,2EB8,29,A,3B9F4E7F8F,1,1,0
8,A,51E,2C,11,7FCC177C06,0,121,1
T
AN - 1
A 1
6,C,2EB8,29,A,3B9F4E7F8F,1,1,0
0,FFFFF7,B68,2D,D,7FEA900571,0,122,1
T
AN - 1
A 0
6,C,2EB8,29,A,3B9F4E7F8F,1,1,0
39,2E,3A02,2B,11,809088EB1,0,123,1
T
AN - 1
A 1
6,C,2EB8,29,A,3B9F4E7F8F,1,1,0
FFFFF4,3,B40,2A,A,802781182A,0,124,1
T
AN - 1
A 0
6,C,2EB8,29,A,3B9F4E7F8F,1,1,0
19,8,2FA6,2E,13,8045F9A16C,0,125,1
T
AN - 1
A 1
6,C,2EB8,29,A,3B9F4E7F8F,1,1,0
FFFFE9,FFFFFE,A40,30,10,80647228DB,0,126,1
T
AN - 1
A 0
6,C,2EB8,29,A,3B9F4E7F8F,1,1,0
FFFFAE,FFFFC0,17DC,2D,12,8082EAB220,0,127,1
T
AN - 1
A 1
6,C,2EB8,29,A,3B9F4E7F8F,1,1,0
FFFFFC,FFFFF7,316C,2C,F,80A1633B94,0,128,1
T
AN - 1
A 0
6,C,2EB8,29,A,3B9F4E7F8F,1,1,0
29,FFFFF2,1502,2E,14,80BFDBC2D0,0,129,1
T
AN - 1
A 1
6,C,2EB8,29,A,3B9F4E7F8F,1,1,0
FFFFEE,FFFFFC,18DA,30,10,80DE544C4A,0,130,1
T
AN - 1
A 0
6,C,2EB8,29,A,3B9F4E7F8F,1,1,0
17,1A,12CE,2D,13,80FCCCD58F,0,131,1
T
AN - 1
A 1
6,C,2EB8,29,A,3B9F4E7F8F,1,1,0
F,29,444,30,E,811B455CFD,0,132,1
T
AN - 1
A 0
6,C,2EB8,29,A,3B9F4E7F8F,1,1,0
FFFFC6,FFFFEA,F60,29,D,8139BDE649,0,133,1
T
AN - 1
A 1
6,C,2EB8,29,A,3B9F4E7F8F,1,1,0
FFFFF2,FFFFDD,34EE,2B,C,8158366FC6,0,134,1
T
AN - 1
A 0
6,C,2EB8,29,A,3B9F4E7F8F,1,1,0
5,FFFFE0,C60,2B,10,8176AEF901,0,135,1
T
AN - 1
A 1
6,C,2EB8,29,A,3B9F4E7F8F,1,1,0
FFFFC0,FFFFEB,3E26,2E,E,8195278271,0,136,1
T
AN - 1
A 0
6,C,2EB8,29,A,3B9F4E7F8F,1,1,0
FFFFFB,FFFFD8,D10,2F,12,81B3A00BC5,0,137,1
T
AN - 1
A 1
6,C,2EB8,29,A,3B9F4E7F8F,1,1,0
FFFFF3,B,2974,29,A,81D2189532,0,138,1
T
AN - 1
A 0
6,C,2EB8,29,A,3B9F4E7F8F,1,1,0
FFFFE8,FFFFFA,87A,29,10,81F0911E78,0,139,1
T
AN - 1
A 1
6,C,2EB8,29,A,3B9F4E7F8F,1,1,0
FFFFFD,1,D74,2D,E,82F09A7DC,0,140,1
T
AN - 1
A 0
6,C,2EB8,29,A,3B9F4E7F8F,1,1,0
FFFFF7,2,346,2F,13,822D82311D,0,141,1
T
AN - 1
A 1
6,C,2EB8,29,A,3B9F4E7F8F,1,1,0
1,FFFFFE,B50,2A,B,824BFABA90,0,142,1
T
AN - 1
A 0
6,C,2EB8,29,A,3B9F4E7F8F,1,1,0
FFFFF6,3B,3B7A,29,10,826A7343D5,0,143,1
T
AN - 1
A 1
6,C,2EB8,29,A,3B9F4E7F8F,1,1,0
E,B,16D2,2B,C,8288EBCD4C,0,144,1
T
AN - 1
A 0
6,C,2EB8,29,A,3B9F4E7F8F,1,1,0
77,1E,3CD4,2C,11,82A7645692,0,145,1
T
AN - 1
A 1
6,C,2EB8,29,A,3B9F4E7F8F,1,1,0
8,2E,3FC0,2C,F,82C5DCE00E,0,146,1
T
AN - 1
A 0
6,C,2EB8,29,A,3B9F4E7F8F,1,1,0
FFFFEA,E,2FDA,2D,F,82E4556951,0,147,1
T
AN - 1
A 1
6,C,2EB8,29,A,3B9F4E7F8F,1,1,0
FFFFF1,FFFFF4,D0,30,F,832CDF2C4,0,148,1
T
AN - 1
A 0
6,C,2EB8,29,A,3B9F4E7F8F,1,1,0
FFFFF1,FFFFF8,2E62,2A,F,8321467C09,0,149,1
T
AN - 1
A 1
6,C,2EB8,29,A,3B9F4E7F8F,1,1,0
FFFFF7,3,B30,2C,C,833FBF0577,0,150,1
T
AN - 1
A 0
6,C,2EB8,29,A,3B9F4E7F8F,1,1,0
33,1,28CE,2E,12,835E378EBD,0,151,1
T
AN - 1
A 1
6,C,2EB8,29,A,3B9F4E7F8F,1,1,0
C,C,31EA,2B,C,837CB01842,0,152,1
T
AN - 1
A 0
6,C,2EB8,29,A,3B9F4E7F8F,1,1,0
FFFFFA,2,E56,2F,13,839B28A174,0,153,1
T
AN - 1
A 1
6,C,2EB8,29,A,3B9F4E7F8F,1,1,0
FFFFF0,FFFFEA,B50,2F,F,83B9A128E2,0,154,1
T
AN - 1
A 0
6,C,2EB8,29,A,3B9F4E7F8F,1,1,0
FFFFDF,FFFFE3,2A2,2A,E,83D819B220,0,155,1
T
AN - 1
A 1
6,C,2EB8,29,A,3B9F4E7F8F,1,1,0
FFFFFA,4,3308,2C,D,83F6923B90,0,156,1
T
AN - 1
A 0
6,C,2EB8,29,A,3B9F4E7F8F,1,1,0
FFFFFB,49,100,2A,D,84150AC2DE,0,157,1
T
AN - 1
A 1
6,C,2EB8,29,A,3B9F4E7F8F,1,1,0
FFFFE7,FFFFFB,3E5E,2A,B,8433834C4C,0,158,1
T
AN - 1
A 0
6,C,2EB8,29,A,3B9F4E7F8F,1,1,0
FFFFED,FFFFF9,3A7A,2F,15,8451FBD592,0,159,1
T
AN - 1
A 1
6,C,2EB8,29,A,3B9F4E7F8F,1,1,0
FFFFFD,1A,88,2C,D,8470745D0A,0,160,1
T
AN - 1
A 0
6,C,2EB8,29,A,3B9F4E7F8F,1,1,0
2E,9,3146,2F,11,848EECE64F,0,161,1
T
AN - 1
A 1
6,C,2EB8,29,A,3B9F4E7F8F,1,1,0
FFFFE3,FFFFB3,18EA,2D,D,84AD656FC4,0,162,1
T
AN - 1
A 0
6,C,2EB8,29,A,3B9F4E7F8F,1,1,0
1,FFFFEE,29C6,28,C,84CBDDF90D,0,163,1
T
AN - 1
A 1
6,C,2EB8,29,A,3B9F4E7F8F,1,1,0
18,FFFFF7,196,2E,F,84EA56826E,0,164,1
T
AN - 1
A 0
6,C,2EB8,29,A,3B9F4E7F8F,1,1,0
FFFFEE,FFFFA1,FB4,2F,13,858