A 1
FFFFD7,FFFFF8,FC0,29,7,6DE7B94BB3,1,176,0
0,19,AA0,29,6,AEA7089043,0,176,1
T
E,17,34B6,2E,9,5A65382641,FFFFFFA7,176,0
A,3,3C1C,2A,4,5A74746C24,FFFFFD84,176,1
A 0
FFFFFD,FFFFF9,9A6,29,8,6E4322ECD6,1,179,0
B,1,112A,29,A,AF272310B,0,179,1
T
18,FFFFF9,38EC,2A,9,5AC0A1C888,FFFFFE5D,179,0
FFFFFB,FFFFD6,986,28,C,5ACFDE0E3E,FFFFFD46,179,1
A 1
FFFFF4,FFFFEF,2DDC,29,9,6E9E8C8C04,1,182,0
FFFFED,2,6AE,2F,C,AF5DDBCFDB,0,182,1
T
3,FFFFEF,3914,29,7,5B1C0B6992,FFFFFF46,182,0
2D,F,2D0A,2D,5,5B2B47AFD3,FFFFFDB2,182,1
A 0
11,14,3A6A,29,9,6EF9F62D2F,1,185,0
FFFFF1,FFFFE3,3994,2C,C,AFB9456E9C,0,185,1
T
FFFFF9,0,298C,2F,12,5B777509E0,FFFFFFB9,185,0
FFFFDF,FFFFE5,962,2C,7,5B86B14FF4,FFFFFE15,185,1
A 1
C,8,7CC,29,9,6F555FCE66,1,188,0
FFFFEF,FFFFFE,29C6,2E,8,B014AF0F75,0,188,1
T
FFFFF2,FFFFCD,3CD0,2C,7,5BD2DEACE0,FFFFFF14,188,0
FFFFFA,21,3388,28,3,5BE21AF192,FFFFFDCB,188,1
A 0
FFFFF8,FFFFFA,2826,29,5,6FB0C96D8F,1,191,0
FFFFF0,FFFFF0,115E,28,A,B07018AC45,0,191,1
T
FFFFEE,F,3D44,2D,A,5C2E484B3F,FFFFFF40,191,0
FFFFE2,FFFFC5,804,2A,3,5C3D849198,FFFFFD44,191,1
A 1
9,FFFFFC,2E22,29,9,7086153A54,1,198,0
3,18,120A,29,9,B145647788,0,198,1
T
28,1,686,2D,8,5D3941B12,FFFFFF0E,198,0
28,C,2D9A,29,4,5D12D05FC3,FFFFFD48,198,1
A 0
2,0,8EE,29,8,70E17ED99B,1,201,0
FFFFF1,2,33F6,2B,9,B1A0CE144C,0,201,1
T
6,9,C74,2E,B,5D5EFDB971,FFFFFEDA,201,0
5,3F,8AE,2A,C,5D6E39FFDA,FFFFFDD6,201,1
A 1
FFFFF5,FFFFEB,1110,29,7,713CE87ACC,1,204,0
C,C,2BB4,2F,E,B1FC37B517,0,204,1
T
2,F,13BC,2F,8,5DBA675C68,FFFFFF47,204,0
2B,31,31E6,2A,4,5DC9A3A17C,FFFFFDC2,204,1
A 0
FFFFF4,FFFFF6,5CE,29,8,71985219EF,1,207,0
FFFFF7,FFFFC9,42E,28,A,B257A153D3,0,207,1
T
21,22,1462,2A,E,5E15D0FCC5,FFFFFF6B,207,0
19,2A,3C64,2E,10,5E250D4391,FFFFFE0A,207,1
A 1
A,B,3B32,29,8,71F3BBBB35,1,210,0
FFFFF6,8,15A6,29,A,B2B30AF2A3,0,210,1
T
FFFFEF,FFFFD5,32F0,29,7,5E713A9DC7,FFFFFF26,210,0
3E,3F,67C,2D,5,5E8076E331,FFFFFD47,210,1
A 0
FFFFEF,FFFFF6,3E4A,29,8,724F255C65,1,213,0
B,2,3938,2E,C,B3E749382,0,213,1
T
FFFFEF,B,3156,2A,5,5ECCA44005,FFFFFE7C,213,0
FFFFFD,13,2884,2E,11,5EDBE08541,FFFFFD4A,213,1
A 1
FFFFFB,A,3B1A,29,8,7324712729,1,220,0
FFFFF9,FFFFF2,3026,2D,B,B3E3C05AAD,0,220,1
T
FFFFF1,FFFFE9,3F30,29,7,5FA1F00BF8,FFFFFEFB,220,0
25,2F,2BC6,2D,5,5FB12C5159,FFFFFE1C,220,1
A 0
FFFFFA,FFFFE9,3658,29,5,737FDAC84D,1,223,0
B,1,3066,2B,A,B43F29FB8E,0,223,1
T
1F,3C,8AE,28,4,5FFD59AE3D,FFFFFE7B,223,0
FFFFBF,FFFFF0,110,2D,4,60C95F382,FFFFFD6A,223,1
A 1
7,C,A74,29,B,73DB446782,1,226,0
FFFFE7,4,2EFA,2A,9,B49A93985A,0,226,1
T
17,24,E20,2B,8,6058C34D46,FFFFFEDA,226,0
32,0,3D90,2E,5,6067FF9311,FFFFFD97,226,1
A 0
FFFFEF,FFFFF7,3598,29,5,7436AE08B6,1,229,0
FFFFE8,FFFFE6,13CC,30,F,B4F5FD391B,0,229,1
T
FFFFE9,F,FF8,2E,A,60B42CEF8D,FFFFFEEF,229,0
A,15,286C,2B,F,60C369352A,FFFFFDCF,229,1
A 1
FFFFED,FFFFE7,29F2,29,8,749217A7EC,1,232,0
FFFFE9,FFFFEF,81C,2C,B,B55166D7EA,0,232,1
T
FFFFEF,FFFFFF,2E98,2B,7,61F96908F,FFFFFFB7,232,0
1A,FFFFFE,D64,30,6,611ED2D6C8,FFFFFDD9,232,1
A 0
1B,6,1146,29,9,74ED814913,1,235,0
FFFFFF,FFFFFA,48E,2F,F,B5ACD076BC,0,235,1
T
FFFFED,1,2DEA,2F,12,616B0030F8,FFFFFF1F,235,0
1C,13,85A,2D,A,617A3C76D6,FFFFFE79,235,1
A 1
FFFFE3,FFFFCE,39DA,29,8,7548EAEA4C,1,238,0
FFFFF2,FFFFFF,2D3C,2A,A,B683A1797,0,238,1
T
9,FFFFF8,3C40,28,5,61C669D3E5,FFFFFF56,238,0
FFFFE7,FFFFE7,2EA2,2C,4,61D5A61882,FFFFFE28,238,1
A 0
2B,19,3B1A,29,9,75A4548979,1,241,0
FFFFFC,A,2E78,2D,B,B663A3B456,0,241,1
T
22,FFFFF5,38C4,2E,10,6221D37241,FFFFFEB4,241,0
E,FFFFFD,34DE,2A,E,62310FB88D,FFFFFD78,241,1
A 1
10,FFFFF8,516,29,8,75FFBE2AB2,1,244,0
4,FFFFE6,34A4,2A,9,B6BF0D5523,0,244,1
T
7,17,121E,2B,6,627D3D153A,FFFFFEE9,244,0
F,FFFFEF,189A,2F,6,628C795A31,FFFFFD09,244,1
A 0
18,10,2E22,29,A,765B27C9D8,1,247,0
1,14,2F78,29,7,B71A76F40D,0,247,1
T
B,7,D96,28,7,62D8A6B588,FFFFFE22,247,0
FFFFEB,FFFFF1,C42,2E,11,62E7E2FC41,FFFFFD3E,247,1
A 1
FFFFEF,8,446,29,9,76B6916B0B,1,250,0
FFFFE6,FFFFF2,2AA6,2C,A,B775E092D4,0,250,1
T
FFFFDD,13,3A72,29,6,633410568C,FFFFFF7C,250,0
1F,A,3090,2D,5,63434C9BD9,FFFFFD6C,250,1
A 0
D,2C,3ACA,29,9,7711FB0C3A,1,253,0
26,7,324C,29,7,B7D14A339A,0,253,1
T
3,FFFFDE,37E4,28,7,638F79F8E2,FFFFFEAF,253,0
FFFFFA,FFFFDC,318A,2E,11,639EB63DF7,FFFFFDDE,253,1
A 1
FFFFEE,FFFFF9,5BE,29,8,776D64AB70,1,0,0
FFFFE7,9,BA6,2C,A,B82CB3D060,0,0,1
T
1,FFFFF6,15CE,2A,6,63EAE397E4,FFFFFEFF,0,0
FFFFAB,2A,288C,2F,5,63FA1FDD8E,FFFFFE0C,0,1
A 0
FFFFDC,FFFFE4,2FAC,29,9,77C8CE4CA4,1,3,0
2B,C,2C14,28,A,B8881D7144,0,3,1
T
4,FFFFE9,FD8,2E,11,64464D3A3E,3A,3,0
FFFFE5,6,C2C,2A,7,6455897FB9,FFFFFC08,3,1
A 1
FFFFE2,FFFFE2,FF0,29,8,782437EBCE,1,6,0
34,2E,383A,2C,A,B8E3871013,0,6,1
T
21,40,3B92,2C,7,64A1B6DB34,FFFFFF01,6,0
13,2,3DA0,29,3,64B0F3214D,FFFFFDE5,6,1
A 0
FFFFEC,FFFFE6,2C84,29,9,787FA18CFA,1,9,0
FFFFDE,FFFFFE,26E6,2D,B,B93EF0AED4,0,9,1
T
FFFFF4,24,3442,2E,B,64FD207B88,FFFFFFAE,9,0
FFFFFD,FFFFF7,3AFC,2B,D,65C5CC16E,FFFFFE65,9,1
A 1
FFFFE6,FFFFF9,13D4,29,9,78DB0B2E27,1,12,0
6,F,196,2D,A,B99A5A4FA5,0,12,1
T
34,E,13FC,2D,7,65588A1E88,FFFFFF4E,12,0
17,11,D7A,2A,4,6567C66304,FFFFFDCC,12,1
A 0
F,2,17CC,29,8,793674CD67,1,15,0
FFFFF9,FFFFF0,C80,2B,8,B9F5C3EC86,0,15,1
T
FFFFE8,16,F30,2E,11,65B3F3BCCF,FFFFFE25,15,0
FFFFED,FFFFD4,29CC,2B,8,65C330030A,FFFFFD09,15,1
A 1
FFFFF1,FFFFE4,2726,29,9,7991DE6E8D,1,18,0
FFFFFA,FFFFF9,2ECA,2E,B,BA512D8D52,0,18,1
T
1,28,1E6,30,B,66F5D5FDB,FFFFFF15,18,0
E,2,86A,2A,4,661E99A4B3,FFFFFDC2,18,1
A 0
C,1,2E92,29,A,79ED480DBE,1,21,0
13,12,F68,2A,C,BAAC972A0F,0,21,1
T
30,26,3964,2C,F,666AC6FE44,FFFFFF1D,21,0
FFFFFE,FFFFDF,73C,30,11,667A0344C7,FFFFFD52,21,1
A 1
FFFFF0,FFFFF6,140C,29,A,7A48B1ACFF,1,24,0
24,FFFFE3,3B62,2E,D,BB800C8DE,0,24,1
T
A,30,285E,31,B,66C6309F33,FFFFFEC6,24,0
FFFFE5,14,3CB0,2D,5,66D56CE46E,FFFFFD4A,24,1
A 0
15,5,16EC,29,8,7AA41B4E23,1,27,0
FFFFED,1D,F30,2E,C,BB636A69B8,0,27,1
T
FFFFCC,FFFFD5,AE4,2B,D,67219A4185,FFFFFFED,27,0
FFFFF0,FFFFDA,2846,30,13,6730D68681,FFFFFD53,27,1
A 1
6,17,14C2,29,9,7AFF84ED4E,1,30,0
FFFFD9,FFFFDF,8B2,2C,6,BBBED40687,0,30,1
T
2,2F,3DDC,28,6,677D03E088,FFFFFF7C,30,0
1A,D,444,2C,4,678C402618,FFFFFDC7,30,1
A 0
10,2,2EF2,29,5,7B5AEE8C72,1,33,0
11,9,12DC,2E,F,BC1A3DA54F,0,33,1
T
FFFFF5,FFFFFA,2EF0,2E,9,67D86D80CE,FFFFFFD5,33,0
FFFFFE,FFFFE4,3B4A,2B,D,67E7A9C63C,FFFFFD95,33,1
A 1
4,FFFFFA,1424,29,8,7BB6582BBD,1,36,0
2,20,2808,2F,B,BC75A74227,0,36,1
T
21,3,27BE,29,7,6833D71FD7,FFFFFF3F,36,0
14,14,143E,2F,6,68431365CA,FFFFFD8C,36,1
A 0
3,B,DF2,29,5,7C11C1CCDB,1,39,0
FFFFEB,FFFFFC,293C,2E,A,BCD110E301,0,39,1
T
FFFFFC,FFFFD9,13E4,29,C,688F40C235,FFFFFFE4,39,0
FFFFFC,FFFFF1,125E,2D,4,689E7D07E5,FFFFFC7D,39,1
A 1
B,FFFFF7,9EC,29,9,7C6D2B6C09,1,42,0
FFFFF8,FFFFE5,3A32,2C,A,BD2C7A81D4,0,42,1
T
18,3,8FE,2C,7,68EAAA6335,FFFFFF8C,42,0
FFFFF2,FFFFE9,2EA2,2E,6,68F9E6A987,FFFFFDF3,42,1
A 0
1A,11,2746,29,7,7CC8950D48,1,45,0
FFFFF2,8,2A56,2C,E,BD87E42091,0,45,1
T
28,7,370E,2A,D,6946140386,FFFFFF8B,45,0
2B,27,37DE,2E,8,695550499C,FFFFFE0E,45,1
A 1
FFFFFB,5,145E,29,8,7D23FEAE6F,1,48,0
2D,25,3B2E,2D,C,BDE34DC15C,0,48,1
T
FFFFF4,FFFFFF,2826,2B,8,69A17DA683,FFFFFF3E,48,0
1C,A,3BCA,2E,5,69B0B9EB38,FFFFFDB9,48,1
A 0
FFFFDE,FFFFDA,12AE,29,9,7D7F684D9C,1,51,0
FFFFE0,FFFFE7,1750,31,C,BE3EB75E40,0,51,1
T
8,FFFFF9,CC2,2D,F,69FCE744C6,25,51,0
FFFFDB,FFFFFF,11BE,2A,E,6AC238B47,FFFFFDDB,51,1
A 1
17,F,D10,29,8,7DDAD1EECE,1,54,0
FFFFF3,7,124C,2A,9,BE9A20FF16,0,54,1
T
FFFFF7,FFFFD3,5B6,2F,A,6A5850E7D3,FFFFFF79,54,0
7,FFFFFB,2BC4,2A,4,6A678D2CED,FFFFFE14,54,1
A 0
FFFFEC,FFFFF5,50,29,7,7E363B8E06,1,57,0
18,14,28E8,30,F,BEF58A9DD0,0,57,1
T
FFFFD9,FFFFDF,2D72,2A,E,6AB3BA882B,FFFFFF27,57,0
3,17,31FA,2E,11,6AC2F6CEFA,FFFFFD7A,57,1
A 1
A,FFFFFC,12DE,29,7,7E91A52F41,1,60,0
FFFFE0,FFFFEC,44E,31,E,BF50F43CAC,0,60,1
T
10,3,666,29,6,6BF24292A,FFFFFFAD,60,0
FFFFA8,FFFFD5,3C02,2C,5,6B1E606EA4,FFFFFDBD,60,1
A 0
FFFFDA,FFFFF6,E44,29,8,7EED0ED05F,1,63,0
FFFFF5,FFFFE4,1710,2F,B,BFAC5DDD81,0,63,1
T
FFFFE7,FFFFF2,A0C,2D,F,6B6A8DCB81,FFFFFFAD,63,0
FFFFED,FFFFED,EB0,29,E,6B79CA10BC,FFFFFD82,63,1
A 1
FFFFF0,FFFFFF,E02,29,8,7F48786F8F,1,66,0
13,2D,38C8,2A,6,C07C77A45,0,66,1
T
10,2F,C64,2D,9,6BC5F76A83,FFFFFEF0,66,0
C,FFFFD4,BE2,29,3,6BD533B04C,FFFFFDE8,66,1
A 0
13,1,171C,29,7,7FA3E210C6,1,69,0
FFFFF0,FFFFFF,2BB4,29,B,C063311B13,0,69,1
T
FFFFE3,FFFFF9,37DA,2E,B,6C21610CCB,FFFFFF85,69,0
FFFFCA,0,3B82,2C,E,6C309D5274,FFFFFCB6,69,1
A 1
FFFFFC,FFFFDD,AF4,29,9,7FFF4BAFF3,1,72,0
14,2,7C4,2D,B,C0BE9AB9EA,0,72,1
T
8,FFFFFC,3AF2,2C,8,6C7CCAADCF,FFFFFF31,72,0
C,1A,5CE,28,3,6C8C06F406,FFFFFDBE,72,1
A 0
FFFFFE,C,324A,29,8,805AB55121,1,75,0
4,FFFFF1,2A1E,2F,D,C11A0458C0,0,75,1
T
FFFFF9,FFFFC1,2838,2F,B,6CD8344E1D,FFFFFEC3,75,0
FFFFFC,FFFFF1,2B64,2C,10,6CE770941D,FFFFFD94,75,1
A 1
31,2A,112A,29,8,80B61EF24D,1,78,0
FFFFD1,FFFFE9,B7E,2C,8,C1756DF993,0,78,1
T
7,15,12F6,28,5,6D339DF121,FFFFFF4C,78,0
21,FFFFEE,3E76,2B,4,6D42DA35C0,FFFFFDFD,78,1
A 0
4,2A,2E54,29,A,811188917F,1,81,0
FFFFE3,FFFFF2,1186,2D,D,C1D0D79650,0,81,1
T
E,11,3FE8,28,C,6D8F078F81,FFFFFE87,81,0
13,2C,C14,2C,10,6D9E43D5CF,FFFFFD5F,81,1
A 1
FFFFFE,10,1374,29,9,816CF232B4,1,84,0
7,FFFFE9,15D2,2C,B,C22C41371D,0,84,1
T
FFFFFC,14,3D8,2D,9,6DEA713281,FFFFFEC7,84,0
24,32,191A,28,3,6DF9AD777C,FFFFFD99,84,1
A 0
C,FFFFF0,3A62,29,8,825AF85DDC,1,1,0
FFFFDD,FFFFD8,6D2,2C,B,C31A47600A,0,1,1
T
FFFFD7,18,198,2C,9,6ED8775FD2,FFFFFD61,1,0
FFFFF9,8,27BE,28,D,6EE7B3A68A,FFFFFD7B,1,1
A 1
C,F,3824,29,8,82B661FF0A,1,4,0
7,FFFFF8,256,2A,A,C375B0FED1,0,4,1
T
2C,FFFFFC,175C,2A,7,6F33E100D7,FFFFFED2,4,0
21,18,32E8,2F,5,6F431D4621,FFFFFD5B,4,1
A 0
FFFFFE,B,2C44,29,6,8311CBA03F,1,7,0
FFFFDF,FFFFE1,31AC,2B,8,C3D11A9FA8,0,7,1
T
FFFFEF,FFFFF7,18DA,2A,E,6F8F4AA313,FFFFFF23,7,0
19,FFFFD8,AC4,28,6,6F9E86E82E,FFFFFDD2,7,1
A 1
B,21,B5C,29,9,836D353F68,1,10,0
FFFFE8,FFFFE4,3A7A,2A,7,C42C843C80,0,10,1
T
FFFFF6,FFFFE8,3846,2B,8,6FEAB4421D,FFFFFF5C,10,0
20,C,A14,2D,5,6FF9F087C8,FFFFFDFE,10,1
A 0
1B,9,81C,29,A,83C89EE091,1,13,0
14,7,AD6,28,7,C487EDDD4B,0,13,1
T
FFFFE3,FFFFE1,1354,2C,F,70461DE480,FFFFFFC8,13,0
FFFFF5,FFFFDB,28C4,29,7,70555A29D8,FFFFFD03,13,1
A 1
3,FFFFEB,3212,29,8,8424087FC5,1,16,0
6,F,31DC,2C,9,C4E3577C17,0,16,1
T
1F,FFFFD5,3E62,2A,7,70A187856E,FFFFFEE2,16,0
10,FFFFDB,2810,2D,5,70B0C3CB80,FFFFFD6F,16,1
A 0
11,FFFFDD,1098,29,8,847F7220F4,1,19,0
3,FFFFF6,3426,2A,8,C53EC11AD6,0,19,1
T
FFFFF2,FFFFBA,EC8,29,D,70FCF125C1,FFFFFE75,19,0
FFFFE2,18,8E,2F,13,71C2D6B86,FFFFFE05,19,1
A 1
28,FFFFF4,C5C,29,8,84DADBC23B,1,22,0
FFFFFE,FFFFEB,5BE,29,5,C59A2ABBC2,0,22,1
T
F,FFFFF1,A8E,2B,7,71585AC8B8,FFFFFF4A,22,0
8,C,149A,2D,5,7167970F21,FFFFFD95,22,1
A 0
18,27,18B0,29,5,853645635D,1,25,0
FFFFD6,FFFFD2,70A,30,D,C5F5945A7B,0,25,1
T
18,FFFFE8,6FC,2C,10,71B3C46904,FFFFFF2A,25,0
FFFFCC,FFFFE2,15BA,2A,7,71C300AF31,FFFFFE34,25,1
A 1
13,F,3A9A,29,9,8591AF0491,1,28,0
FFFFF1,FFFFF9,DB8,30,B,C650FDFB4F,0,28,1
T
0,0,15A2,2F,8,72F2E0BF6,FFFFFF15,28,0
E,FFFFEF,14DE,2B,5,721E6A50D0,FFFFFE4A,28,1
A 0
10,FFFFED,A64,29,A,85ED18A3BF,1,31,0
FFFFE5,FFFFFA,2D1C,2D,D,C6AC67980B,0,31,1
T
28,3,3D4A,2E,10,726A97AA47,FFFFFE9A,31,0
FFFFE9,FFFFE7,3388,2B,7,7279D3F0EF,FFFFFD3F,31,1
A 1
FFFFF7,23,1294,29,8,8648824305,1,34,0
FFFFE6,FFFFD8,C46,2E,A,C77D136DE,0,34,1
T
D,FFFFEE,2D32,2E,9,72C6014B3A,FFFFFF1D,34,0
14,FFFFE6,2F7C,2A,4,72D53D9080,FFFFFDB5,34,1
A 0
FFFFF4,FFFFFE,348A,29,5,86A3EBE426,1,37,0
1,FFFFF2,DEA,2C,8,C7633AD7B7,0,37,1
T
1,25,3F08,28,C,73216AED86,FFFFFEB0,37,0
FFFFE4,6,E00,2E,11,7330A73283,FFFFFE60,37,1
A 1
B,FFFFE4,33B0,29,8,86FF558358,1,40,0
FFFFF1,FFFFEB,6A4,29,6,C7BEA47474,0,40,1
T
11,16,106,2F,A,737CD48C87,FFFFFF01,40,0
FFFFD2,FFFFE7,B9A,2C,4,738C10D227,FFFFFD6D,40,1
A 0
FFFFFB,FFFFF1,146E,29,8,875ABF2296,1,43,0
FFFFE9,0,312C,2E,A,C81A0E1350,0,43,1
T
FFFFD1,FFFFD9,3D0,2E,5,73D83E2CC1,FFFFFF19,43,0
7,FFFFE8,3E0A,2B,D,73E77A7240,FFFFFDFE,43,1
A 1
FFFFCE,FFFFE8,120E,29,8,87B628C1C5,1,46,0
33,21,3882,29,9,C87577B225,0,46,1
T
11,11,169E,2C,7,7433A7CDCE,FFFFFF50,46,0
7,28,3AD2,30,6,7442E413D2,FFFFFDBB,46,1
A 0
9,18,B70,29,6,88119262E8,1,49,0
C,9,2C0,2C,B,C8D0E150DB,0,49,1
T
FFFFE9,4,53A,2D,5,748F116E00,FFFFFF49,49,0
FFFFF1,FFFFD4,31DA,2A,D,749E4DB3E9,FFFFFDEC,49,1
A 1
3,1F,3B64,29,9,886CFC021E,1,52,0
FFFFEA,FFFFFF,2D6A,2D,8,C92C4AEFB0,0,52,1
T
19,D,3AC2,2B,7,74EA7B0F11,FFFFFF7B,52,0
FFFFF7,FFFFC7,2AEE,2F,5,74F9B75383,FFFFFDF1,52,1
A 0
A,FFFFF9,13E4,29,8,88C865A163,1,55,0
FFFFF4,6,273E,29,9,C987B48C8A,0,55,1
T
19,1B,2816,2B,E,7545E4AD50,FFFFFE72,55,0
FFFFEE,FFFFEC,181A,30,B,755520F395,FFFFFDED,55,1
A 1
FFFFCE,FFFFF0,D8E,29,7,8923CF408C,1,58,0
FFFFDD,7,2DA2,2C,4,C9E31E2B66,0,58,1
T
3C,21,2A0E,2E,9,75A14E4E6A,FFFFFF66,58,0
FFFFFA,D,31EE,28,4,75B08A9337,FFFFFD84,58,1
A 0
FFFFDB,FFFFE9,1364,29,9,897F38DFB6,1,61,0
FFFFBA,FFFFF5,FF0,2A,B,CA3E87C81B,0,61,1
T
9,1A,0,2E,11,75FCB7ECAF,FFFFFEC9,61,0
1,6,CDA,2B,F,76BF4333F,FFFFFDD2,61,1
A 1
FFFFE6,FFFFEB,2E32,29,9,89DAA27EF2,1,64,0
E,FFFFD6,2AF6,2E,D,CA99F166E8,0,64,1
T
FFFFE9,24,80C,2D,8,7658218DB2,FFFFFF37,64,0
FFFFE8,FFFFE2,3D20,28,4,76675DD2DF,FFFFFDBA,64,1
A 0
A,FFFFE9,3D50,29,6,8A360C1E17,1,67,0
FFFFEA,FFFFFD,3A32,2A,B,CAF55B05C3,0,67,1
T
FFFFE5,FFFFDF,1562,2E,10,76B38B2E05,FFFFFF52,67,0
FFFFF4,FFFFEB,3F8A,29,4,76C2C774FA,FFFFFDD0,67,1
A 1
15,C,514,29,8,8A9175BF4E,1,70,0
FFFFEC,7,2A64,2A,9,CB50C4A492,0,70,1
T
FFFFD9,2,1D6,29,7,77EF4CF01,FFFFFEAC,70,0
FFFFE4,FFFFF3,E22,2B,4,771E31148A,FFFFFD6F,70,1
A 0
4,FFFFFF,3A4A,31,E,8AECDF607F,1,73,0
1,5,2CAA,2B,B,CBAC2E4557,0,73,1
T
2C,2F,37C,2B,5,776A5E713B,FFFFFE2E,73,0
FFFFFA,3,192,2E,8,77799AB6A5,FFFFFE0C,73,1
A 1
FFFFFB,FFFFF2,151C,29,8,8B4848FFB6,1,76,0
FFFFFF,FFFFFC,15F2,30,E,CC797E220,0,76,1
T
5,B,375C,2B,8,77C5C8104B,FFFFFF7C,76,0
18,2,3040,2C,5,77D5045643,FFFFFD50,76,1
A 0
7,11,40,29,6,8BA3B2A0E1,1,79,0
B,2C,8B8,2C,9,CC63018307,0,79,1
T
FFFFF6,FFFFF3,3010,2E,B,782131B28E,FFFFFEE9,79,0
1F,F,320,29,E,78306DF851,FFFFFC8F,79,1
A 1
FFFFF2,FFFFF9,2CCC,29,9,8BFF1C400D,1,82,0
FFFFFD,13,2C44,29,9,CCBE6B21D3,0,82,1
T
FFFFF7,6,3636,28,6,787C9B5397,FFFFFF78,82,0
FFFFFF,FFFFD8,27A8,2A,4,788BD799F5,FFFFFD92,82,1
A 0
FFFFF1,D,1324,29,9,8C5A85E13B,1,85,0
FFFFE5,FFFFDD,65A,2B,B,CD19D4C08E,0,85,1
T
B,FFFFF1,2FAA,29,B,78D804F3F3,FFFFFF28,85,0
FFFFF8,16,53E,2E,12,78E7413A01,FFFFFDAA,85,1
A 1
1,FFFFF8,2FD4,29,9,8CB5EF8282,1,88,0
FFFFF4,13,31CC,2C,9,CD753E6165,0,88,1
T
E,9,3914,2A,7,79336E96E3,FFFFFF25,88,0
8,FFFFF3,1586,2D,5,7942AADB98,FFFFFDF4,88,1
A 0
FFFFD7,FFFFE8,2F14,29,6,8D11592198,1,91,0
FFFFE0,FFFFEE,3E92,2C,A,CDD0A7FE43,0,91,1
T
7,FFFFEA,2A56,2C,F,798ED83540,FFFFFF30,91,0
FFFFF9,12,4E4,2F,11,799E147BB6,FFFFFD97,91,1
A 1
FFFFFC,FFFFE0,3874,29,7,8D6CC2C2D1,1,94,0
17,FFFFE3,1334,2C,7,CE2C119F04,0,94,1
T
B,30,3924,2F,9,79EA41D836,FFFFFEF9,94,0
FFFFF4,10,3476,2A,3,79F97E1D4B,FFFFFD67,94,1
A 0
2,10,1406,29,9,8DC82C6201,1,97,0
FFFFE2,B,21A,29,A,CE877B3DCD,0,97,1
T
5,FFFFFF,1754,2B,D,7A45AB7887,FFFFFDE4,97,0
6,0,3C10,2F,5,7A54E7BF54,FFFFFDEC,97,1
A 1
13,F,37C6,29,7,8E23960340,1,100,0
FFFFF5,12,8D4,30,E,CEE2E4DC9C,0,100,1
T
FFFFEB,FFFFAD,3D24,2A,6,7AA115198A,FFFFFEBB,100,0
FFFFFC,17,328,2D,4,7AB0515F01,FFFFFDEB,100,1
A 0
20,1A,2E34,29,9,8E7EFFA46C,1,103,0
FFFFE6,FFFFDD,2DE,28,8,CF3E4E7D81,0,103,1
T
2D,FFFFF9,160E,2E,F,7AFC7EBBCD,FFFFFE9F,103,0
24,FFFFDB,3F10,2A,D,7BBBB0111,FFFFFCC7,103,1
A 1
FFFFE0,FFFFDD,32C8,29,8,8EDA69438B,1,106,0
FFFFF1,FFFFFD,163A,2C,8,CF99B81A54,0,106,1
T
FFFFFF,11,58E,2B,7,7B57E85AD1,FFFFFF0D,106,0
FFFFFC,2,3EFE,2E,5,7B6724A0B6,FFFFFD7E,106,1
A 0
FFFFF6,FFFFE3,338,29,8,8F35D2E4BF,1,109,0
1,FFFFEF,385C,29,A,CFF521BB0D,0,109,1
T
FFFFF5,FFFFE9,1794,29,9,7BB351FD17,FFFFFDD9,109,0
FFFFED,FFFFE0,C3A,2D,11,7BC28E42C1,FFFFFC90,109,1
A 1
3,0,70C,29,9,8F913C83F7,1,112,0
7,FFFFFF,1174,2C,7,D0508B59E3,0,112,1
T
18,15,1186,2D,8,7CEBB9E27,FFFFFF40,112,0
3B,26,FD8,2F,6,7C1DF7E468,FFFFFD98,112,1
A 0
1F,12,634,29,9,8FECA6251A,1,115,0
FFFFED,FFFFEB,14BA,2D,B,D0ABF4F8C0,0,115,1
T
FFFFF2,FFFFFB,318A,29,6,7C6A253E76,FFFFFE55,115,0
FFFFF2,4,3CAC,2D,F,7C79618483,FFFFFDD2,115,1
A 1
FFFFE9,FFFFFE,1464,29,8,90480FC657,1,118,0
F,FFFFEA,3A42,2C,A,D175E998A,0,118,1
T
0,FFFFDE,D28,2E,A,7CC58EE182,FFFFFED4,118,0
C,11,B72,29,4,7CD4CB261B,FFFFFD85,118,1
A 0
21,1E,4CC,29,6,90A3796580,1,121,0
FFFFEA,FFFFF7,8D8,2B,8,D162C83650,0,121,1
T
FFFFF2,FFFFDD,7B6,28,8,7D20F87FC8,FFFFFFC0,121,0
FFFFAB,FFFFE9,2834,2C,8,7D3034C631,FFFFFD50,121,1
A 1
FFFFDF,FFFFDF,2CAC,29,8,90FEE306C0,1,124,0
FFFFF6,FFFFF3,2ADA,2B,A,D1BE31D723,0,124,1
T
B,FFFFF7,EE8,2F,9,7D7C6222CD,FFFFFF1A,124,0
FFFFCA,FFFFCD,2BE4,2A,4,7D8B9E67C3,FFFFFD2E,124,1
A 0
1,FFFFE7,3ACA,29,9,915A4CA5E3,1,127,0
E,1,86A,2D,B,D2199B75F5,0,127,1
T
FFFFD5,FFFFE7,3202,28,B,7DD7CBC315,FFFFFF03,127,0
FFFFEA,FFFFEF,576,2D,10,7DE70809E6,FFFFFD84,127,1
A 1
A,1D,31CA,29,9,91B5B64709,1,130,0
FFFFEB,D,2D42,2A,7,D2750514B5,0,130,1
T
1B,6,302C,30,9,7E33356420,FFFFFE9D,130,0
1,2,1714,2B,4,7E4271A984,FFFFFDD6,130,1
A 0
D,1B,3AA2,29,5,92111FE83C,1,133,0
FFFFED,FFFFD2,3ADA,2E,E,D2D06EB58C,0,133,1
T
FFFFEB,FFFFE3,408,2B,E,7E8E9F0672,FFFFFF34,133,0
FFFFE9,2,346E,2F,9,7E9DDB4B8F,FFFFFE16,133,1
A 1
FFFFE9,FFFFFA,3B14,29,8,926C89877C,1,136,0
3,10,A00,29,A,D32BD85255,0,136,1
T
FFFFDD,FFFFF7,B64,28,6,7EEA08A580,FFFFFF2F,136,0
20,1A,3854,2C,4,7EF944EB41,FFFFFD62,136,1
A 0
FFFFE5,6,2E02,29,A,92C7F328A5,1,139,0
1,FFFFFC,38A6,2D,C,D38741F32C,0,139,1
T
FFFFDE,FFFFF0,2BD6,2B,5,7F457247C2,FFFFFF5D,139,0
29,23,185C,30,11,7F54AE8D4A,FFFFFE59,139,1
A 1
5,26,24A,29,8,93235CC7D1,1,142,0
FFFFFA,FFFFEC,3A82,2F,D,D3E2AB91F8,0,142,1
T
FFFFAE,FFFFFF,3AAA,2D,8,7FA0DBE8C8,FFFFFF75,142,0
3,2B,FF6,29,4,7FB0182EF8,FFFFFE12,142,1
A 0
15,FFFFFF,3E56,29,A,937EC6690B,1,145,0
FFFFFA,FFFFEC,328E,2D,9,D43E1530CF,0,145,1
T
29,5,B54,2E,10,7FFC45890A,FFFFFF23,145,0
FFFFD9,F,44E,2C,8,80B81CF07,FFFFFD53,145,1
A 1
17,C,77C,29,8,93DA300A41,1,148,0
FFFFE5,3,586,2E,5,D4997ED1B2,0,148,1
T
7,FFFFF1,1564,2F,8,8057AF2C1D,FFFFFF1C,148,0
1D,21,998,2B,4,8066EB709F,FFFFFDFE,148,1
A 0
FFFFFB,3,3102,29,8,943599A973,1,151,0
7,C,30FE,29,8,D4F4E86E81,0,151,1
T
FFFFFD,FFFFFE,386C,2C,10,80B318CA77,FFFFFEE8,151,0
FFFFFB,1,2D34,29,6,80C25510B9,FFFFFDBE,151,1
A 1
22,FFFFF2,3FDA,29,9,9491034A98,1,154,0
19,23,178C,2C,5,D550520F33,0,154,1
T
17,1,5F4,2C,7,81E826D71,FFFFFEDF,154,0
FFFFF8,FFFFD3,22E,28,3,811DBEB251,FFFFFE52,154,1
A 0
7,52,39E4,29,5,94EC6CE9BD,1,157,0
FFFFD9,FFFFF7,3A22,2E,D,D5ABBBAC11,0,157,1
T
B,14,3144,2B,D,8169EC0BC9,FFFFFF10,157,0
5B,6,1784,2E,10,8179285278,FFFFFDA2,157,1
A 1
10,3,3A0A,29,9,9547D68900,1,160,0
2,FFFFD4,351C,2B,9,D67254ADF,0,160,1
T
FFFFF6,FFFFED,292,2A,7,81C555ACCC,FFFFFEE3,160,0
FFFFE6,11,7DC,2C,4,81D491F209,FFFFFDAF,160,1
A 0
26,FFFFED,8C4,29,6,95A3402A27,1,163,0
13,11,361E,2A,9,D6628EEBAF,0,163,1
T
7,FFFFDF,28DC,28,D,8220BF4F0C,FFFFFEF8,163,0
21,2D,E28,2D,8,822FFB9435,FFFFFD25,163,1
A 1
FFFFFB,FFFFFB,BB4,29,9,95FEA9C94E,1,166,0
0,FFFFF5,321C,2E,B,D6BDF88871,0,166,1
T
9,1A,2BFC,29,6,827C28EE1B,FFFFFF37,166,0
2E,0,3100,2D,5,828B6533C1,FFFFFE12,166,1
A 0
10,FFFFFC,8C6,29,8,965A136A97,1,169,0
E,3,11FE,29,A,D71962294C,0,169,1
T
12,11,394C,2F,B,82D792907F,FFFFFEE2,169,0
5,13,6C4,2C,E,82E6CED5DA,FFFFFD38,169,1
A 1
FFFFEC,FFFFFF,14F0,29,9,96B57D09BB,1,172,0
FFFFF9,2F,37E2,2E,B,D774CBC61C,0,172,1
T
23,F,3A8,2A,7,8332FC2F71,FFFFFF27,172,0
23,FFFFF8,2CD4,2D,5,834238757D,FFFFFDF2,172,1
A 0
C,FFFFE0,2F24,29,A,9710E6A8EC,1,175,0
FFFFE8,2,576,2C,A,D7D03564EB,0,175,1
T
E,11,1438,30,B,838E65CFCB,1C,175,0
C,1E,36D6,2D,9,839DA2158C,FFFFFD26,175,1
A 1
FFFFF5,FFFFE2,2DC2,29,9,976C50481D,1,178,0
FFFFFA,FFFFE7,14B4,2B,B,D82B9F03B1,0,178,1
T
FFFFF2,19,3222,2F,9,83E9CF70C9,FFFFFF23,178,0
FFFFEA,FFFFFE,2DA4,2A,4,83F90BB531,FFFFFE3A,178,1
A 0
17,16,3DA2,29,8,97C7B9E75C,1,181,0
0,FFFFF9,526,2D,D,D88708A087,0,181,1
T
FFFFF0,4,3F88,2F,11,8445390F09,FFFFFDC7,181,0
FFFFF8,8,27E8,2C,F,8454755547,FFFFFCA4,181,1
A 1
FFFFFD,A,3680,29,8,9823238889,1,184,0
FFFFEC,6,3FE8,2C,9,D8E2724159,0,184,1
T
FFFFFF,0,A7E,2D,8,84A0A2B21C,FFFFFFE7,184,0
FFFFF3,1B,2B3E,2F,5,84AFDEF6E7,FFFFFE8A,184,1
A 0
19,FFFFE2,3EFE,29,6,987E8D27AF,1,187,0
2C,22,3578,2C,B,D93DDBDE1B,0,187,1
T
FFFFDA,FFFFFD,13E4,28,C,84FC0C5080,FFFFFF5A,187,0
F,FFFFFF,A78,2B,6,85B4896F9,FFFFFDF4,187,1
A 1
13,9,6BE,29,8,98D9F6C6E5,1,190,0
FFFFF3,FFFFF3,2A4E,2A,6,D999457CF5,0,190,1
T
FFFFCE,FFFFD2,2E4A,2C,7,855775F168,FFFFFED8,190,0
7,FFFFF2,3F48,2F,5,8566B23695,FFFFFDBD,190,1
A 0
2D,3,3F08,31,C,9935606619,1,193,0
FFFFE8,FFFFD9,13C4,2C,B,D9F4AF1BCC,0,193,1
T
32,1A,2E52,2E,C,85B2DF91C3,FFFFFF4A,193,0
1F,11,358E,2A,E,85C21BD8B9,FFFFFCA4,193,1
A 1
FFFFEB,F,274E,29,8,9990CA0749,1,196,0
FFFFF0,FFFFD9,39E4,2E,8,DA5018BA8E,0,196,1
T
A,10,3FB2,2E,9,86E4932C5,FFFFFF02,196,0
FFFFEE,FFFFF3,14EA,29,4,861D85784D,FFFFFDCC,196,1
A 0
FFFFF7,FFFFF5,6CE,31,E,99EC33A879,1,199,0
FFFFF0,FFFFEE,48,2D,A,DAAB825B59,0,199,1
T
FFFFD4,10,3CF4,28,B,8669B2D506,FFFFFE76,199,0
FFFFF6,FFFFFA,2914,2C,11,8678EF1A69,FFFFFD84,199,1
A 1
4,FFFFFE,3B9C,29,9,9A479D47A8,1,202,0
5,6,1164,2F,9,DB6EBF82D,0,202,1
T
1A,16,FD0,2D,8,86C51C7411,FFFFFF00,202,0
FFFFE0,FFFFFD,10EA,28,3,86D458BA06,FFFFFD35,202,1
A 0
FFFFFB,B,2E54,29,9,9AA306E8E6,1,205,0
25,5,2CA4,2F,E,DB62559900,0,205,1
T
FFFFE0,2A,7B4,28,C,8720861664,FFFFFF5C,205,0
2,FFFFF1,B54,2D,F,872FC25C1A,FFFFFDB9,205,1
A 1
11,FFFFEE,1356,29,8,9AFE70880B,1,208,0
37,15,348C,2B,8,DBBDBF37D4,0,208,1
T
17,F,29B8,2A,7,877BEFB766,FFFFFF50,208,0
B,FFFFEB,64C,2D,5,878B2BFDC0,FFFFFE35,208,1
A 0
18,27,121A,29,8,9C7FEAFF26,1,1,0
FFFFCF,FFFFFA,12BE,2F,E,DD3F39A8B5,0,1,1
T
FFFFED,FFFFEB,3B1C,2F,B,88FD6A2FC7,FFFFFE8A,1,0
FFFFE1,FFFFB9,4EE,29,E,89CA675C4,FFFFFC64,1,1
A 1
FFFFF8,FFFFFD,309C,29,9,9CDB54A04B,1,4,0
FFFFEF,FFFFFB,1674,2A,6,DD9AA3497A,0,4,1
T
1,FFFFE6,F48,28,6,8958D3D2C7,FFFFFEDC,4,0
FFFFFC,FFFFEC,5A4,2C,5,8968101750,FFFFFE5D,4,1
A 0
16,FFFFEA,776,29,A,9D36BE3F85,1,7,0
26,1B,30BE,29,9,DDF60CE653,0,7,1
T
FFFFF8,FFFFC6,171C,28,C,89B43D710A,FFFFFEED,7,0
FFFFDD,FFFFCB,98E,2B,4,89C379B783,FFFFFDE1,7,1
A 1
4,FFFFE8,ED4,29,8,9D9227E0C6,1,10,0
FFFFDE,17,302A,2C,C,DE51768717,0,10,1
T
22,8,9DA,30,8,8AFA71407,FFFFFF59,10,0
FFFFF5,2,30AE,2A,4,8A1EE35905,FFFFFE63,10,1
A 0
0,6,108,29,6,9DED917FEA,1,13,0
FFFFF6,FFFFDE,39BC,2E,D,DEACE025EC,0,13,1
T
2,FFFFE8,3590,2B,A,8A6B10B447,FFFFFF74,13,0
FFFFD8,FFFFFA,1478,2F,10,8A7A4CFB11,FFFFFD63,13,1
A 1
4,FFFFF0,1010,29,8,9E48FB2120,1,16,0
2A,E,710,2B,7,DF849C4B3,0,16,1
T
7,E,37BE,2E,9,8AC67A554A,FFFFFF6B,16,0
FFFFFD,21,166C,28,4,8AD5B69AAF,FFFFFD24,16,1
A 0
C,FFFFFB,4FE,29,6,9EA464C24C,1,19,0
FFFFE6,FFFFE8,3D58,30,D,DF63B3658B,0,19,1
T
FFFFDD,24,3580,2C,5,8B21E3F789,FFFFFEB9,19,0
FFFFFA,8,1136,29,E,8B31203CC1,FFFFFD3A,19,1
A 1
FFFFF0,16,8B6,29,9,9EFFCE6182,1,22,0
5,FFFFE6,2E42,2F,C,DFBF1D0258,0,22,1
T
FFFFCE,6,84A,2F,9,8B7D4D9685,FFFFFEF7,22,0
D,38,9A0,2B,4,8B8C89DC4E,FFFFFDA4,22,1
A 0
FFFFEA,FFFFD8,17D8,29,4,9F5B3802C9,1,25,0
FFFFEE,10,68C,2C,B,E01A86A314,0,25,1
T
FFFFD9,FFFFDA,1656,2E,5,8BD8B738CA,FFFFFF93,25,0
E,5,3650,29,F,8BE7F37E6F,FFFFFD66,25,1
A 1
1A,2,4C8,29,8,9FB6A1A1F1,1,28,0
E,FFFFE8,9CA,2F,D,E075F041DE,0,28,1
T
FFFFB3,FFFFBD,F42,2A,7,8C3420D9C6,FFFFFF3C,28,0
FFFFED,0,F36,2C,5,8C435D2000,FFFFFD6C,28,1
A 0
FFFFFD,FFFFFC,290E,29,5,A0120B431F,1,31,0
FFFFFD,FFFFE8,732,2B,A,E0D159E0C1,0,31,1
T
28,FFFFFB,EC,2E,5,8C8F8A7A02,FFFFFF35,31,0
FFFFC8,FFFFE0,1010,2A,E,8C9EC6C006,FFFFFD53,31,1
A 1
21,C,A8,29,9,A06D74E452,1,34,0
FFFFEF,FFFFDA,2DAA,2E,D,E12CC38180,0,34,1
T
F,FFFFEF,2C9C,2D,8,8CEAF41D01,FFFFFF3E,34,0
4,8,79C,2F,6,8CFA306197,FFFFFDCB,34,1
A 0
20,1F,18C8,29,6,A0C8DE8383,1,37,0
FFFFE1,FFFFFA,ECE,2E,B,E1882D1E4F,0,37,1
T
FFFF9A,FFFFC4,28,2B,4,8D465DBB43,FFFFFE9B,37,0
FFFFDD,FFFFF1,9C4,30,9,8D559A01AE,FFFFFD1F,37,1
A 1
20,FFFFEE,3B4A,29,9,A1244824BF,1,40,0
FFFFE4,FFFFC4,8CC,2D,B,E1E396BF15,0,40,1
T
E,FFFFEA,3A0,2F,A,8DA1C75E43,FFFFFEE3,40,0
9,12,2BB4,29,4,8DB103A344,FFFFFDBC,40,1
A 0
16,17,18D8,29,6,A17FB1C3ED,1,43,0
6,FFFFEC,11FE,29,A,E23F005DDD,0,43,1
T
FFFFFF,FFFFEC,3B88,28,C,8DFD30FE89,FFFFFF04,43,0
19,FFFFDD,1DE,2C,11,8EC6D4554,FFFFFD54,43,1
A 1
4,11,360E,29,8,A1DB1B6529,1,46,0
2,FFFFFC,3524,2E,7,E29A69FCB7,0,46,1
T
2C,18,2C5C,2C,9,8E589A9F82,FFFFFF58,46,0
FFFFE8,FFFFFF,2840,2F,5,8E67D6E4EC,FFFFFE2D,46,1
A 0
E,0,340A,29,5,A23685064C,1,49,0
A,FFFFFB,2DEA,2E,B,E2F5D39D8B,0,49,1
T
FFFFEE,FFFFE9,398,2B,5,8EB40441C0,FFFFFF59,49,0
FFFFED,0,3AC4,2F,11,8EC34086FF,FFFFFDA7,49,1
A 1
FFFFFE,FFFFED,1698,29,B,A291EEA581,1,52,0
10,3,126E,2D,E,E3513D3A4F,0,52,1
T
0,1A,AB4,29,6,8FF6DE0C8,FFFFFF12,52,0
FFFFD9,FFFFE4,2C44,2D,5,8F1EAA2691,FFFFFD94,52,1
A 0
FFFFDE,FFFFF0,358A,29,8,A2ED5846B4,1,55,0
3,3,319C,2A,9,E3ACA6DB1A,0,55,1
T
1B,FFFFCA,1394,2C,F,8F6AD78309,7F,55,0
FFFFED,A,64C,28,6,8F7A13C896,FFFFFCFB,55,1
A 1
1,FFFFFB,190A,29,9,A348C1E5F8,1,58,0
FFFFFC,FFFFDB,39CA,2C,A,E481079EE,0,58,1
T
FFFFFA,F,986,2E,8,8FC6412408,FFFFFFA9,58,0
1E,60,5CA,2A,4,8FD57D6A45,FFFFFDF1,58,1
A 0
FFFFEE,FFFFF1,111A,29,9,A3A42B8722,1,61,0
FFFFFA,FFFFE9,2E96,2F,B,E4637A18B8,0,61,1
T
F,FFFFF4,3FD8,29,5,9021AAC446,FFFFFFAC,61,0
14,FFFFE6,370C,2E,12,9030E70A4F,FFFFFDBA,61,1
A 1
FFFFF6,FFFFF8,1284,29,9,A3FF952847,1,64,0
10,FFFFF6,12B4,29,8,E4BEE3B98E,0,64,1
T
3D,22,CB2,2E,9,907D14674E,FFFFFED3,64,0
C,FFFFD7,8DA,28,4,908C50ABF6,FFFFFE4C,64,1
A 0
FFFFFF,14,33C0,29,7,A45AFEC793,1,67,0
11,F,3962,2D,C,E51A4D564F,0,67,1
T
FFFFF0,1,35A0,2A,4,90D87E058B,FFFFFF71,67,0
10,4,2744,2D,10,90E7BA4C02,FFFFFD25,67,1
A 1
E,FFFFE9,B0C,29,8,A4B66868C1,1,70,0
2,2,39F2,29,6,E575B6F719,0,70,1
T
1E,35,26F6,2E,9,9133E7A893,FFFFFEF4,70,0
FFFFFE,FFFFE6,395A,2A,4,914323ED8E,FFFFFE8D,70,1
A 0
33,FFFFE7,3162,29,6,A511D207EE,1,73,0
1,FFFFE2,66E,29,A,E5D12095E7,0,73,1
T
FFFFEE,FFFFDB,379C,29,7,918F5148DE,FFFFFF93,73,0
6,FFFFFB,BEC,2D,8,919E8D8FB7,FFFFFC16,73,1
A 1
FFFFFC,13,7D4,29,9,A56D3BA920,1,76,0
FFFFF0,14,18E2,2B,9,E62C8A34A7,0,76,1
T
D,1B,3338,2C,9,91EABAE9DA,FFFFFEC8,76,0
41,24,2A4E,2F,5,91F9F72F46,FFFFFDD5,76,1
A 0
FFFFF6,4,60E,29,9,A5C8A54A5C,1,79,0
8,5,9A0,30,B,E687F3D589,0,79,1
T
FFFFFA,2F,355E,2A,E,9246248C1D,FFFFFEE3,79,0
19,FFFFE1,256,2E,13,925560D15E,FFFFFC5B,79,1
A 1
FFFFF8,FFFFE4,3DE2,29,9,A6240EE989,1,82,0
FFFFF3,FFFFFE,3C8,2A,9,E6E35D7254,0,82,1
T
17,10,226,29,7,92A18E2B23,FFFFFF75,82,0
1F,21,363E,2D,5,92B0CA7101,FFFFFDC6,82,1
A 0
FFFFFA,FFFFF2,744,29,A,A67F788ABF,1,85,0
FFFFF0,0,CB0,29,8,E73EC71314,0,85,1
T
23,7,351E,2A,E,92FCF7CD78,FFFFFF18,85,0
2,FFFFE9,330,2E,13,93C34130D,FFFFFD8B,85,1
A 1
B,1,3A52,29,9,A6DAE229F9,1,88,0
6,FFFFE0,290E,30,D,E79A30B1E5,0,88,1
T
F,5,14E6,28,5,9358616E77,FFFFFEDA,88,0
FFFFE8,FFFFF9,3276,2B,4,93679DB4AB,FFFFFDFB,88,1
A 0
20,2F,D72,29,8,A7364BCB2A,1,91,0
FFFFE5,9,888,28,7,E7F59A50A9,0,91,1
T
FFFFE3,1D,32B2,2A,E,93B3CB0EC3,FFFFFF0F,91,0
FFFFE3,FFFFEC,31E,2E,12,93C30754C2,FFFFFC6E,91,1
A 1
FFFFEF,FFFFF5,3B56,29,9,A791B56C4D,1,94,0
21,B,3AEA,30,9,E85103F180,0,94,1
T
FFFFEE,7,2C04,2B,7,94F34B1B4,FFFFFF42,94,0
5,FFFFE7,1DA,2E,5,941E70F64F,FFFFFDA5,94,1
A 0
15,23,7BE,29,8,A7ED1F0B97,1,97,0
FFFFE1,FFFFE6,1374,30,F,E8AC6D8E49,0,97,1
T
15,2F,33E8,28,C,946A9E5001,FFFFFDBC,97,0
FFFFFC,9,3A1A,2C,7,9479DA967B,FFFFFC78,97,1
A 1
2,14,324A,29,9,A84888ACC6,1,100,0
A,1C,2B5C,2F,D,E97D72F1A,0,100,1
T
1D,14,408,2F,A,94C607F301,FFFFFF1C,100,0
FFFFF7,FFFFF9,36E4,2B,4,94D5443807,FFFFFD86,100,1
A 0
FFFFDC,FFFFF3,2C8C,29,9,A8A3F24BE9,1,103,0
23,FFFFED,2E2C,28,A,E96340CDD1,0,103,1
T
13,1F,33BE,2E,A,9521719344,FFFFFEB4,103,0
A,FFFFFD,3350,2A,8,9530ADDA21,FFFFFE2C,103,1
A 1
7,FFFFF9,189A,29,8,A8FF5BED2B,1,106,0
FFFFC9,1B,84A,30,9,E9BEAA6CB3,0,106,1
T
25,23,1534,2E,7,957CDB3441,FFFFFEB0,106,0
FFFFFC,A,2F4,29,3,958C1779BC,FFFFFE31,106,1
A 0
FFFFE8,4,3DFA,29,8,A95AC58E62,1,109,0
3,FFFFF6,367E,29,A,EA1A140D85,0,109,1
T
9,18,3FE0,2E,10,95D844D68B,FFFFFDEF,109,0
10,FFFFE2,3410,2A,E,95E7811BC5,FFFFFCC4,109,1
A 1
FFFFED,11,11DE,29,7,A9B62F2D90,1,112,0
2,9,351C,2A,8,EA757DAA53,0,112,1
T
F,17,3D44,2C,7,9633AE7590,FFFFFF7A,112,0
25,20,1840,2F,5,9642EABB6A,FFFFFE21,112,1
A 0
2,FFFFE8,10B0,29,5,AA1198CEB4,1,115,0
FFFFFE,FFFFE9,33E,2F,E,EAD0E74B0D,0,115,1
T
26,5,ACA,2F,B,968F1817CC,FFFFFF41,115,0
12,26,3010,2B,3,969E545D7D,FFFFFDC0,115,1
A 1
FFFFEF,FFFFE3,3B32,29,9,AA6D026DFE,1,118,0
11,19,27B6,2B,9,EB2C50E9E0,0,118,1
T
FFFFF9,FFFFE8,1566,2A,6,96EA81B8D5,FFFFFE7C,118,0
FFFFF8,FFFFFC,9C2,2C,4,96F9BDFF0E,FFFFFD01,118,1
A 0
18,14,2C64,29,9,AAC86C0F1B,1,121,0
FFFFF3,FFFFFE,17F8,2C,A,EB87BA88B7,0,121,1
T
4,FFFFF2,1814,2E,10,9745EB5916,FFFFFEEC,121,0
34,1A,27BC,2B,F,9755279F2B,FFFFFCF2,121,1
A 1
3,0,2916,29,8,AB23D5B053,1,124,0
8,FFFFF1,BB6,2F,B,EBE324297A,0,124,1
T
36,30,3DAA,2C,8,97A154FC24,FFFFFF1E,124,0
FFFFF7,FFFFE5,12E,2E,4,97B09140C8,FFFFFDED,124,1
A 0
FFFFD8,FFFFE1,3ABA,29,8,AB7F3F4F97,1,127,0
1,18,35DC,28,7,EC3E8DC64F,0,127,1
T
FFFFE8,FFFFEF,35D6,2B,E,97FCBE9A79,FFFFFE12,127,0
FFFFD9,FFFFF6,295A,2E,4,98BFAE0CC,FFFFFE59,127,1
A 1
11,FFFFDD,1000,29,7,ABDAA8F0C9,1,130,0
17,1A,3A62,2A,7,EC99F76718,0,130,1
T
F,FFFFF8,303C,2C,7,9858283D79,FFFFFF08,130,0
FFFFE3,FFFFD8,2D4A,2F,5,986764827E,FFFFFE62,130,1
A 0
44,FFFFF0,F3A,29,5,AC36128FF0,1,133,0
FFFFEB,FFFFDB,19E,29,8,ECF56105F0,0,133,1
T
FFFFF2,FFFFC9,1066,28,C,98B391DDC1,FFFFFEFD,133,0
FFFFF5,9,3714,2C,10,98C2CE2488,FFFFFD72,133,1
A 1
1C,22,826,29,9,AC917C311A,1,136,0
FFFFE2,FFFFFD,143E,30,8,ED50CAA4BA,0,136,1
T
FFFFFA,FFFFFB,470,2D,9,99EFB7EBD,FFFFFEC0,136,0
FFFFFD,1A,3F0E,2F,5,991E37C427,FFFFFD73,136,1
A 0
FFFFF4,FFFFFF,BA4,29,8,ACECE5D25C,1,139,0
17,8,586,29,A,EDAC344583,0,139,1
T
FFFFE3,1,1216,2D,9,996A652100,FFFFFF5D,139,0
FFFFFB,FFFFFF,3476,29,7,9979A1663F,FFFFFC92,139,1
A 1
FFFFEB,FFFFF4,5B6,29,8,AD484F718D,1,142,0
10,FFFFF1,1612,2D,A,EE79DE253,0,142,1
T
11,27,2C7C,2B,7,99C5CEC002,FFFFFEB8,142,0
6,FFFFFC,3E82,2D,5,99D50B05D1,FFFFFDC8,142,1
A 0
1,29,9E2,29,4,ADA3B912AD,1,145,0
5,FFFFF9,996,2F,B,EE63078313,0,145,1
T
6,FFFFFB,2DF2,29,A,9A21386248,FFFFFF00,145,0
FFFFEF,FFFFE9,1AA,2D,9,9A3074A7F8,FFFFFCC6,145,1
A 1
FFFFFD,B,3C2C,29,9,ADFF22B1FF,1,148,0
8,FFFFEC,3E86,30,B,EEBE7121DE,0,148,1
T
FFFFFD,FFFFF9,DEA,29,6,9A7CA20350,FFFFFEC5,148,0
FFFFFC,3,6B4,2B,4,9A8BDE4986,FFFFFD84,148,1
A 0
1B,3,2DAE,29,A,AE5A8C5322,1,151,0
29,17,12EC,2E,E,EF19DAC0AC,0,151,1
T
2,FFFFF2,FF8,28,C,9AD80BA393,FFFFFEEC,151,0
FFFFDE,FFFFE9,160E,2B,3,9AE747E9A8,FFFFFD1B,151,1
A 1
FFFFE7,FFFFEB,351E,29,7,AEB5F5F452,1,154,0
FFFFFF,FFFFF3,626,2A,B,EF7544617E,0,154,1
T
1E,18,450,30,A,9B33754698,FFFFFF18,154,0
1A,D,11A0,2A,4,9B42B18B43,FFFFFDC4,154,1
A 0
FFFFF9,1A,2818,29,5,AF115F9383,1,157,0
FFFFC3,FFFFD6,2C8C,2A,D,EFD0ADFE45,0,157,1
T
10,FFFFF3,3566,2D,10,9B8EDEE4E4,FFFFFF49,157,0
27,15,32EE,30,13,9B9E1B2B49,FFFFFE27,157,1
A 1
FFFFEC,FFFFF4,2B6E,29,8,AF6CC934C5,1,160,0
7,FFFFF6,2F78,2C,A,F02C179F1C,0,160,1
T
FFFFFA,13,3478,2D,9,9BEA4887E8,FFFFFF43,160,0
A,3,1446,30,6,9BF984CCEE,FFFFFDAB,160,1
A 0
7,3,3F98,29,6,AFC832D3EF,1,163,0
1,6,2D82,28,8,F087813DEB,0,163,1
T
5,FFFFC5,E32,2E,10,9C45B2283B,FFFFFF01,163,0
FFFFE2,11,CEA,2A,D,9C54EE6F02,FFFFFD1A,163,1
A 1
4,FFFFEF,2856,29,8,B0239C7529,1,166,0
1D,2E,70C,2D,8,F0E2EADCB0,0,166,1
T
13,2B,16BC,2B,7,9CA11BC93E,FFFFFF0B,166,0
FFFFDD,FFFFDE,2E4C,2C,5,9CB0580EA6,FFFFFDC6,166,1
A 0
A,3,2ABA,29,A,B07F061655,1,169,0
FFFFEE,0,2FDE,2B,9,F13E547D8B,0,169,1
T
FFFFF2,5,3480,29,D,9CFC856B86,FFFFFEF8,169,0
20,11,328A,2C,E,9DBC1B0BD,FFFFFDFE,169,1
